File: ./data1.json
  Valid objects: 447
  Invalid objects: 553
  Errors:
{2: {'Accounts': [{6: [{'TimeStamp': ['The date 2023-11-12 00:00:00 is out of '
                                      'range.  Must be between 2023-11-16 '
                                      '00:00:00 and 2024-02-14 00:00:00.']}]}]},
 3: {'Accounts': [{0: [{'TimeStamp': ['The date 2023-11-08 00:00:00 is out of '
                                      'range.  Must be between 2023-11-16 '
                                      '00:00:00 and 2024-02-14 00:00:00.']}],
                   4: [{'TimeStamp': ['The date 2023-11-12 00:00:00 is out of '
                                      'range.  Must be between 2023-11-16 '
                                      '00:00:00 and 2024-02-14 00:00:00.']}],
                   7: [{'TimeStamp': ['The date 2023-11-08 00:00:00 is out of '
                                      'range.  Must be between 2023-11-16 '
                                      '00:00:00 and 2024-02-14 00:00:00.']}]}]},
 5: {'Accounts': [{6: [{'TimeStamp': ['The date 2023-11-13 00:00:00 is out of '
                                      'range.  Must be between 2023-11-16 '
                                      '00:00:00 and 2024-02-14 00:00:00.']}]}]},
 6: {'Accounts': [{2: [{'TimeStamp': ['The date 2023-11-13 00:00:00 is out of '
                                      'range.  Must be between 2023-11-16 '
                                      '00:00:00 and 2024-02-14 00:00:00.']}]}]},
 8: {'Accounts': [{0: [{'TimeStamp': ['The date 2023-11-07 00:00:00 is out of '
                                      'range.  Must be between 2023-11-16 '
                                      '00:00:00 and 2024-02-14 00:00:00.']}]}]},
 9: {'Accounts': [{14: [{'TimeStamp': ['The date 2023-11-08 00:00:00 is out of '
                                       'range.  Must be between 2023-11-16 '
                                       '00:00:00 and 2024-02-14 00:00:00.']}],
                   18: [{'TimeStamp': ['The date 2023-11-11 00:00:00 is out of '
                                       'range.  Must be between 2023-11-16 '
                                       '00:00:00 and 2024-02-14 '
                                       '00:00:00.']}]}]},
 10: {'Accounts': [{1: [{'TimeStamp': ['The date 2023-11-15 00:00:00 is out of '
                                       'range.  Must be between 2023-11-16 '
                                       '00:00:00 and 2024-02-14 00:00:00.']}],
                    6: [{'TimeStamp': ['The date 2023-11-08 00:00:00 is out of '
                                       'range.  Must be between 2023-11-16 '
                                       '00:00:00 and 2024-02-14 '
                                       '00:00:00.']}]}]},
 11: {'Accounts': [{8: [{'TimeStamp': ['The date 2023-11-12 00:00:00 is out of '
                                       'range.  Must be between 2023-11-16 '
                                       '00:00:00 and 2024-02-14 '
                                       '00:00:00.']}]}]},
 12: {'Accounts': [{11: [{'TimeStamp': ['The date 2023-11-15 00:00:00 is out '
                                        'of range.  Must be between 2023-11-16 '
                                        '00:00:00 and 2024-02-14 00:00:00.']}],
                    13: [{'TimeStamp': ['The date 2023-11-11 00:00:00 is out '
                                        'of range.  Must be between 2023-11-16 '
                                        '00:00:00 and 2024-02-14 '
                                        '00:00:00.']}]}]},
 14: {'Accounts': [{6: [{'TimeStamp': ['The date 2023-11-12 00:00:00 is out of '
                                       'range.  Must be between 2023-11-16 '
                                       '00:00:00 and 2024-02-14 00:00:00.']}],
                    8: [{'TimeStamp': ['The date 2023-11-11 00:00:00 is out of '
                                       'range.  Must be between 2023-11-16 '
                                       '00:00:00 and 2024-02-14 '
                                       '00:00:00.']}]}]},
 16: {'Accounts': [{4: [{'TimeStamp': ['The date 2023-11-14 00:00:00 is out of '
                                       'range.  Must be between 2023-11-16 '
                                       '00:00:00 and 2024-02-14 '
                                       '00:00:00.']}]}]},
 18: {'Accounts': [{11: [{'TimeStamp': ['The date 2023-11-12 00:00:00 is out '
                                        'of range.  Must be between 2023-11-16 '
                                        '00:00:00 and 2024-02-14 00:00:00.']}],
                    16: [{'TimeStamp': ['The date 2023-11-12 00:00:00 is out '
                                        'of range.  Must be between 2023-11-16 '
                                        '00:00:00 and 2024-02-14 '
                                        '00:00:00.']}]}]},
 22: {'Accounts': [{2: [{'TimeStamp': ['The date 2023-11-12 00:00:00 is out of '
                                       'range.  Must be between 2023-11-16 '
                                       '00:00:00 and 2024-02-14 00:00:00.']}],
                    8: [{'TimeStamp': ['The date 2023-11-09 00:00:00 is out of '
                                       'range.  Must be between 2023-11-16 '
                                       '00:00:00 and 2024-02-14 '
                                       '00:00:00.']}]}]},
 24: {'Accounts': [{7: [{'TimeStamp': ['The date 2023-11-14 00:00:00 is out of '
                                       'range.  Must be between 2023-11-16 '
                                       '00:00:00 and 2024-02-14 '
                                       '00:00:00.']}]}]},
 25: {'Accounts': [{13: [{'TimeStamp': ['The date 2023-11-13 00:00:00 is out '
                                        'of range.  Must be between 2023-11-16 '
                                        '00:00:00 and 2024-02-14 '
                                        '00:00:00.']}]}]},
 26: {'Accounts': [{4: [{'TimeStamp': ['The date 2023-11-09 00:00:00 is out of '
                                       'range.  Must be between 2023-11-16 '
                                       '00:00:00 and 2024-02-14 00:00:00.']}],
                    7: [{'TimeStamp': ['The date 2023-11-09 00:00:00 is out of '
                                       'range.  Must be between 2023-11-16 '
                                       '00:00:00 and 2024-02-14 '
                                       '00:00:00.']}]}]},
 27: {'Accounts': [{0: [{'TimeStamp': ['The date 2023-11-09 00:00:00 is out of '
                                       'range.  Must be between 2023-11-16 '
                                       '00:00:00 and 2024-02-14 '
                                       '00:00:00.']}]}]},
 31: {'Accounts': [{2: [{'TimeStamp': ['The date 2023-11-11 00:00:00 is out of '
                                       'range.  Must be between 2023-11-16 '
                                       '00:00:00 and 2024-02-14 '
                                       '00:00:00.']}]}]},
 35: {'Accounts': [{15: [{'TimeStamp': ['The date 2023-11-08 00:00:00 is out '
                                        'of range.  Must be between 2023-11-16 '
                                        '00:00:00 and 2024-02-14 '
                                        '00:00:00.']}]}]},
 36: {'Accounts': [{8: [{'TimeStamp': ['The date 2023-11-12 00:00:00 is out of '
                                       'range.  Must be between 2023-11-16 '
                                       '00:00:00 and 2024-02-14 00:00:00.']}],
                    13: [{'TimeStamp': ['The date 2023-11-11 00:00:00 is out '
                                        'of range.  Must be between 2023-11-16 '
                                        '00:00:00 and 2024-02-14 '
                                        '00:00:00.']}]}]},
 37: {'Accounts': [{5: [{'TimeStamp': ['The date 2023-11-12 00:00:00 is out of '
                                       'range.  Must be between 2023-11-16 '
                                       '00:00:00 and 2024-02-14 '
                                       '00:00:00.']}]}]},
 38: {'Accounts': [{0: [{'TimeStamp': ['The date 2023-11-10 00:00:00 is out of '
                                       'range.  Must be between 2023-11-16 '
                                       '00:00:00 and 2024-02-14 00:00:00.']}],
                    1: [{'TimeStamp': ['The date 2023-11-09 00:00:00 is out of '
                                       'range.  Must be between 2023-11-16 '
                                       '00:00:00 and 2024-02-14 '
                                       '00:00:00.']}]}]},
 46: {'Accounts': [{6: [{'TimeStamp': ['The date 2023-11-15 00:00:00 is out of '
                                       'range.  Must be between 2023-11-16 '
                                       '00:00:00 and 2024-02-14 00:00:00.']}],
                    10: [{'TimeStamp': ['The date 2023-11-13 00:00:00 is out '
                                        'of range.  Must be between 2023-11-16 '
                                        '00:00:00 and 2024-02-14 '
                                        '00:00:00.']}]}]},
 51: {'Accounts': [{11: [{'TimeStamp': ['The date 2023-11-15 00:00:00 is out '
                                        'of range.  Must be between 2023-11-16 '
                                        '00:00:00 and 2024-02-14 00:00:00.']}],
                    13: [{'TimeStamp': ['The date 2023-11-09 00:00:00 is out '
                                        'of range.  Must be between 2023-11-16 '
                                        '00:00:00 and 2024-02-14 '
                                        '00:00:00.']}]}]},
 53: {'Accounts': [{10: [{'TimeStamp': ['The date 2023-11-13 00:00:00 is out '
                                        'of range.  Must be between 2023-11-16 '
                                        '00:00:00 and 2024-02-14 00:00:00.']}],
                    13: [{'TimeStamp': ['The date 2023-11-14 00:00:00 is out '
                                        'of range.  Must be between 2023-11-16 '
                                        '00:00:00 and 2024-02-14 '
                                        '00:00:00.']}]}]},
 55: {'Accounts': [{9: [{'TimeStamp': ['The date 2023-11-08 00:00:00 is out of '
                                       'range.  Must be between 2023-11-16 '
                                       '00:00:00 and 2024-02-14 '
                                       '00:00:00.']}]}]},
 56: {'Accounts': [{2: [{'TimeStamp': ['The date 2023-11-11 00:00:00 is out of '
                                       'range.  Must be between 2023-11-16 '
                                       '00:00:00 and 2024-02-14 00:00:00.']}],
                    4: [{'TimeStamp': ['The date 2023-11-09 00:00:00 is out of '
                                       'range.  Must be between 2023-11-16 '
                                       '00:00:00 and 2024-02-14 '
                                       '00:00:00.']}]}]},
 58: {'Accounts': [{3: [{'TimeStamp': ['The date 2023-11-11 00:00:00 is out of '
                                       'range.  Must be between 2023-11-16 '
                                       '00:00:00 and 2024-02-14 00:00:00.']}],
                    5: [{'TimeStamp': ['The date 2023-11-09 00:00:00 is out of '
                                       'range.  Must be between 2023-11-16 '
                                       '00:00:00 and 2024-02-14 '
                                       '00:00:00.']}]}]},
 60: {'Accounts': [{6: [{'TimeStamp': ['The date 2023-11-09 00:00:00 is out of '
                                       'range.  Must be between 2023-11-16 '
                                       '00:00:00 and 2024-02-14 00:00:00.']}],
                    8: [{'TimeStamp': ['The date 2023-11-14 00:00:00 is out of '
                                       'range.  Must be between 2023-11-16 '
                                       '00:00:00 and 2024-02-14 00:00:00.']}],
                    16: [{'TimeStamp': ['The date 2023-11-10 00:00:00 is out '
                                        'of range.  Must be between 2023-11-16 '
                                        '00:00:00 and 2024-02-14 '
                                        '00:00:00.']}]}]},
 62: {'Accounts': [{3: [{'TimeStamp': ['The date 2023-11-13 00:00:00 is out of '
                                       'range.  Must be between 2023-11-16 '
                                       '00:00:00 and 2024-02-14 '
                                       '00:00:00.']}]}]},
 63: {'Accounts': [{12: [{'TimeStamp': ['The date 2023-11-09 00:00:00 is out '
                                        'of range.  Must be between 2023-11-16 '
                                        '00:00:00 and 2024-02-14 00:00:00.']}],
                    16: [{'TimeStamp': ['The date 2023-11-09 00:00:00 is out '
                                        'of range.  Must be between 2023-11-16 '
                                        '00:00:00 and 2024-02-14 '
                                        '00:00:00.']}]}]},
 65: {'Accounts': [{5: [{'TimeStamp': ['The date 2023-11-11 00:00:00 is out of '
                                       'range.  Must be between 2023-11-16 '
                                       '00:00:00 and 2024-02-14 00:00:00.']}],
                    6: [{'TimeStamp': ['The date 2023-11-13 00:00:00 is out of '
                                       'range.  Must be between 2023-11-16 '
                                       '00:00:00 and 2024-02-14 '
                                       '00:00:00.']}]}]},
 66: {'Accounts': [{16: [{'TimeStamp': ['The date 2023-11-15 00:00:00 is out '
                                        'of range.  Must be between 2023-11-16 '
                                        '00:00:00 and 2024-02-14 '
                                        '00:00:00.']}]}]},
 67: {'Accounts': [{0: [{'TimeStamp': ['The date 2023-11-08 00:00:00 is out of '
                                       'range.  Must be between 2023-11-16 '
                                       '00:00:00 and 2024-02-14 '
                                       '00:00:00.']}]}]},
 68: {'Accounts': [{0: [{'TimeStamp': ['The date 2023-11-12 00:00:00 is out of '
                                       'range.  Must be between 2023-11-16 '
                                       '00:00:00 and 2024-02-14 00:00:00.']}],
                    10: [{'TimeStamp': ['The date 2023-11-11 00:00:00 is out '
                                        'of range.  Must be between 2023-11-16 '
                                        '00:00:00 and 2024-02-14 00:00:00.']}],
                    11: [{'TimeStamp': ['The date 2023-11-12 00:00:00 is out '
                                        'of range.  Must be between 2023-11-16 '
                                        '00:00:00 and 2024-02-14 00:00:00.']}],
                    14: [{'TimeStamp': ['The date 2023-11-11 00:00:00 is out '
                                        'of range.  Must be between 2023-11-16 '
                                        '00:00:00 and 2024-02-14 '
                                        '00:00:00.']}]}]},
 69: {'Accounts': [{1: [{'TimeStamp': ['The date 2023-11-12 00:00:00 is out of '
                                       'range.  Must be between 2023-11-16 '
                                       '00:00:00 and 2024-02-14 00:00:00.']}],
                    12: [{'TimeStamp': ['The date 2023-11-12 00:00:00 is out '
                                        'of range.  Must be between 2023-11-16 '
                                        '00:00:00 and 2024-02-14 '
                                        '00:00:00.']}]}]},
 70: {'Accounts': [{5: [{'TimeStamp': ['The date 2023-11-12 00:00:00 is out of '
                                       'range.  Must be between 2023-11-16 '
                                       '00:00:00 and 2024-02-14 '
                                       '00:00:00.']}]}]},
 72: {'Accounts': [{9: [{'TimeStamp': ['The date 2023-11-14 00:00:00 is out of '
                                       'range.  Must be between 2023-11-16 '
                                       '00:00:00 and 2024-02-14 '
                                       '00:00:00.']}]}]},
 74: {'Accounts': [{5: [{'TimeStamp': ['The date 2023-11-14 00:00:00 is out of '
                                       'range.  Must be between 2023-11-16 '
                                       '00:00:00 and 2024-02-14 00:00:00.']}],
                    11: [{'TimeStamp': ['The date 2023-11-08 00:00:00 is out '
                                        'of range.  Must be between 2023-11-16 '
                                        '00:00:00 and 2024-02-14 '
                                        '00:00:00.']}]}]},
 79: {'Accounts': [{2: [{'TimeStamp': ['The date 2023-11-14 00:00:00 is out of '
                                       'range.  Must be between 2023-11-16 '
                                       '00:00:00 and 2024-02-14 '
                                       '00:00:00.']}]}]},
 82: {'Accounts': [{0: [{'TimeStamp': ['The date 2023-11-12 00:00:00 is out of '
                                       'range.  Must be between 2023-11-16 '
                                       '00:00:00 and 2024-02-14 '
                                       '00:00:00.']}]}]},
 83: {'Accounts': [{4: [{'TimeStamp': ['The date 2023-11-11 00:00:00 is out of '
                                       'range.  Must be between 2023-11-16 '
                                       '00:00:00 and 2024-02-14 '
                                       '00:00:00.']}]}]},
 84: {'Accounts': [{3: [{'TimeStamp': ['The date 2023-11-15 00:00:00 is out of '
                                       'range.  Must be between 2023-11-16 '
                                       '00:00:00 and 2024-02-14 '
                                       '00:00:00.']}]}]},
 87: {'Accounts': [{1: [{'TimeStamp': ['The date 2023-11-11 00:00:00 is out of '
                                       'range.  Must be between 2023-11-16 '
                                       '00:00:00 and 2024-02-14 00:00:00.']}],
                    4: [{'TimeStamp': ['The date 2023-11-15 00:00:00 is out of '
                                       'range.  Must be between 2023-11-16 '
                                       '00:00:00 and 2024-02-14 00:00:00.']}],
                    14: [{'TimeStamp': ['The date 2023-11-13 00:00:00 is out '
                                        'of range.  Must be between 2023-11-16 '
                                        '00:00:00 and 2024-02-14 '
                                        '00:00:00.']}]}]},
 90: {'Accounts': [{13: [{'TimeStamp': ['The date 2023-11-08 00:00:00 is out '
                                        'of range.  Must be between 2023-11-16 '
                                        '00:00:00 and 2024-02-14 '
                                        '00:00:00.']}]}]},
 91: {'Accounts': [{0: [{'TimeStamp': ['The date 2023-11-14 00:00:00 is out of '
                                       'range.  Must be between 2023-11-16 '
                                       '00:00:00 and 2024-02-14 00:00:00.']}],
                    2: [{'TimeStamp': ['The date 2023-11-14 00:00:00 is out of '
                                       'range.  Must be between 2023-11-16 '
                                       '00:00:00 and 2024-02-14 '
                                       '00:00:00.']}]}]},
 92: {'Accounts': [{2: [{'TimeStamp': ['The date 2023-11-14 00:00:00 is out of '
                                       'range.  Must be between 2023-11-16 '
                                       '00:00:00 and 2024-02-14 00:00:00.']}],
                    8: [{'TimeStamp': ['The date 2023-11-15 00:00:00 is out of '
                                       'range.  Must be between 2023-11-16 '
                                       '00:00:00 and 2024-02-14 '
                                       '00:00:00.']}]}]},
 93: {'Accounts': [{7: [{'TimeStamp': ['The date 2023-11-13 00:00:00 is out of '
                                       'range.  Must be between 2023-11-16 '
                                       '00:00:00 and 2024-02-14 '
                                       '00:00:00.']}]}]},
 94: {'Accounts': [{2: [{'TimeStamp': ['The date 2023-11-10 00:00:00 is out of '
                                       'range.  Must be between 2023-11-16 '
                                       '00:00:00 and 2024-02-14 '
                                       '00:00:00.']}]}]},
 95: {'Accounts': [{1: [{'TimeStamp': ['The date 2023-11-11 00:00:00 is out of '
                                       'range.  Must be between 2023-11-16 '
                                       '00:00:00 and 2024-02-14 00:00:00.']}],
                    4: [{'TimeStamp': ['The date 2023-11-13 00:00:00 is out of '
                                       'range.  Must be between 2023-11-16 '
                                       '00:00:00 and 2024-02-14 '
                                       '00:00:00.']}]}]},
 101: {'Accounts': [{11: [{'TimeStamp': ['The date 2023-11-12 00:00:00 is out '
                                         'of range.  Must be between '
                                         '2023-11-16 00:00:00 and 2024-02-14 '
                                         '00:00:00.']}]}]},
 104: {'Accounts': [{2: [{'TimeStamp': ['The date 2023-11-10 00:00:00 is out '
                                        'of range.  Must be between 2023-11-16 '
                                        '00:00:00 and 2024-02-14 00:00:00.']}],
                     3: [{'TimeStamp': ['The date 2023-11-09 00:00:00 is out '
                                        'of range.  Must be between 2023-11-16 '
                                        '00:00:00 and 2024-02-14 '
                                        '00:00:00.']}]}]},
 105: {'Accounts': [{2: [{'TimeStamp': ['The date 2023-11-13 00:00:00 is out '
                                        'of range.  Must be between 2023-11-16 '
                                        '00:00:00 and 2024-02-14 00:00:00.']}],
                     8: [{'TimeStamp': ['The date 2023-11-12 00:00:00 is out '
                                        'of range.  Must be between 2023-11-16 '
                                        '00:00:00 and 2024-02-14 '
                                        '00:00:00.']}]}]},
 108: {'Accounts': [{15: [{'TimeStamp': ['The date 2023-11-12 00:00:00 is out '
                                         'of range.  Must be between '
                                         '2023-11-16 00:00:00 and 2024-02-14 '
                                         '00:00:00.']}]}]},
 109: {'Accounts': [{0: [{'TimeStamp': ['The date 2023-11-13 00:00:00 is out '
                                        'of range.  Must be between 2023-11-16 '
                                        '00:00:00 and 2024-02-14 '
                                        '00:00:00.']}]}]},
 110: {'Accounts': [{2: [{'TimeStamp': ['The date 2023-11-08 00:00:00 is out '
                                        'of range.  Must be between 2023-11-16 '
                                        '00:00:00 and 2024-02-14 '
                                        '00:00:00.']}]}]},
 111: {'Accounts': [{10: [{'TimeStamp': ['The date 2023-11-08 00:00:00 is out '
                                         'of range.  Must be between '
                                         '2023-11-16 00:00:00 and 2024-02-14 '
                                         '00:00:00.']}],
                     11: [{'TimeStamp': ['The date 2023-11-14 00:00:00 is out '
                                         'of range.  Must be between '
                                         '2023-11-16 00:00:00 and 2024-02-14 '
                                         '00:00:00.']}],
                     17: [{'TimeStamp': ['The date 2023-11-11 00:00:00 is out '
                                         'of range.  Must be between '
                                         '2023-11-16 00:00:00 and 2024-02-14 '
                                         '00:00:00.']}]}]},
 113: {'Accounts': [{1: [{'TimeStamp': ['The date 2023-11-11 00:00:00 is out '
                                        'of range.  Must be between 2023-11-16 '
                                        '00:00:00 and 2024-02-14 '
                                        '00:00:00.']}]}]},
 115: {'Accounts': [{1: [{'TimeStamp': ['The date 2023-11-14 00:00:00 is out '
                                        'of range.  Must be between 2023-11-16 '
                                        '00:00:00 and 2024-02-14 00:00:00.']}],
                     10: [{'TimeStamp': ['The date 2023-11-11 00:00:00 is out '
                                         'of range.  Must be between '
                                         '2023-11-16 00:00:00 and 2024-02-14 '
                                         '00:00:00.']}]}]},
 117: {'Accounts': [{12: [{'TimeStamp': ['The date 2023-11-12 00:00:00 is out '
                                         'of range.  Must be between '
                                         '2023-11-16 00:00:00 and 2024-02-14 '
                                         '00:00:00.']}]}]},
 120: {'Accounts': [{2: [{'TimeStamp': ['The date 2023-11-08 00:00:00 is out '
                                        'of range.  Must be between 2023-11-16 '
                                        '00:00:00 and 2024-02-14 00:00:00.']}],
                     3: [{'TimeStamp': ['The date 2023-11-13 00:00:00 is out '
                                        'of range.  Must be between 2023-11-16 '
                                        '00:00:00 and 2024-02-14 00:00:00.']}],
                     8: [{'TimeStamp': ['The date 2023-11-15 00:00:00 is out '
                                        'of range.  Must be between 2023-11-16 '
                                        '00:00:00 and 2024-02-14 00:00:00.']}],
                     12: [{'TimeStamp': ['The date 2023-11-14 00:00:00 is out '
                                         'of range.  Must be between '
                                         '2023-11-16 00:00:00 and 2024-02-14 '
                                         '00:00:00.']}]}]},
 123: {'Accounts': [{3: [{'TimeStamp': ['The date 2023-11-14 00:00:00 is out '
                                        'of range.  Must be between 2023-11-16 '
                                        '00:00:00 and 2024-02-14 '
                                        '00:00:00.']}]}]},
 124: {'Accounts': [{2: [{'TimeStamp': ['The date 2023-11-14 00:00:00 is out '
                                        'of range.  Must be between 2023-11-16 '
                                        '00:00:00 and 2024-02-14 00:00:00.']}],
                     9: [{'TimeStamp': ['The date 2023-11-13 00:00:00 is out '
                                        'of range.  Must be between 2023-11-16 '
                                        '00:00:00 and 2024-02-14 '
                                        '00:00:00.']}]}]},
 125: {'Accounts': [{2: [{'TimeStamp': ['The date 2023-11-13 00:00:00 is out '
                                        'of range.  Must be between 2023-11-16 '
                                        '00:00:00 and 2024-02-14 00:00:00.']}],
                     7: [{'TimeStamp': ['The date 2023-11-14 00:00:00 is out '
                                        'of range.  Must be between 2023-11-16 '
                                        '00:00:00 and 2024-02-14 00:00:00.']}],
                     10: [{'TimeStamp': ['The date 2023-11-11 00:00:00 is out '
                                         'of range.  Must be between '
                                         '2023-11-16 00:00:00 and 2024-02-14 '
                                         '00:00:00.']}]}]},
 127: {'Accounts': [{4: [{'TimeStamp': ['The date 2023-11-08 00:00:00 is out '
                                        'of range.  Must be between 2023-11-16 '
                                        '00:00:00 and 2024-02-14 '
                                        '00:00:00.']}]}]},
 128: {'Accounts': [{5: [{'TimeStamp': ['The date 2023-11-13 00:00:00 is out '
                                        'of range.  Must be between 2023-11-16 '
                                        '00:00:00 and 2024-02-14 '
                                        '00:00:00.']}]}]},
 130: {'Accounts': [{8: [{'TimeStamp': ['The date 2023-11-14 00:00:00 is out '
                                        'of range.  Must be between 2023-11-16 '
                                        '00:00:00 and 2024-02-14 00:00:00.']}],
                     11: [{'TimeStamp': ['The date 2023-11-15 00:00:00 is out '
                                         'of range.  Must be between '
                                         '2023-11-16 00:00:00 and 2024-02-14 '
                                         '00:00:00.']}]}]},
 131: {'Accounts': [{10: [{'TimeStamp': ['The date 2023-11-12 00:00:00 is out '
                                         'of range.  Must be between '
                                         '2023-11-16 00:00:00 and 2024-02-14 '
                                         '00:00:00.']}]}]},
 135: {'Accounts': [{2: [{'TimeStamp': ['The date 2023-11-14 00:00:00 is out '
                                        'of range.  Must be between 2023-11-16 '
                                        '00:00:00 and 2024-02-14 '
                                        '00:00:00.']}]}]},
 137: {'Accounts': [{8: [{'TimeStamp': ['The date 2023-11-10 00:00:00 is out '
                                        'of range.  Must be between 2023-11-16 '
                                        '00:00:00 and 2024-02-14 '
                                        '00:00:00.']}]}]},
 138: {'Accounts': [{3: [{'TimeStamp': ['The date 2023-11-14 00:00:00 is out '
                                        'of range.  Must be between 2023-11-16 '
                                        '00:00:00 and 2024-02-14 '
                                        '00:00:00.']}]}]},
 139: {'Accounts': [{5: [{'TimeStamp': ['The date 2023-11-11 00:00:00 is out '
                                        'of range.  Must be between 2023-11-16 '
                                        '00:00:00 and 2024-02-14 '
                                        '00:00:00.']}]}]},
 142: {'Accounts': [{5: [{'TimeStamp': ['The date 2023-11-12 00:00:00 is out '
                                        'of range.  Must be between 2023-11-16 '
                                        '00:00:00 and 2024-02-14 00:00:00.']}],
                     8: [{'TimeStamp': ['The date 2023-11-09 00:00:00 is out '
                                        'of range.  Must be between 2023-11-16 '
                                        '00:00:00 and 2024-02-14 00:00:00.']}],
                     11: [{'TimeStamp': ['The date 2023-11-13 00:00:00 is out '
                                         'of range.  Must be between '
                                         '2023-11-16 00:00:00 and 2024-02-14 '
                                         '00:00:00.']}]}]},
 145: {'Accounts': [{1: [{'TimeStamp': ['The date 2023-11-15 00:00:00 is out '
                                        'of range.  Must be between 2023-11-16 '
                                        '00:00:00 and 2024-02-14 00:00:00.']}],
                     12: [{'TimeStamp': ['The date 2023-11-09 00:00:00 is out '
                                         'of range.  Must be between '
                                         '2023-11-16 00:00:00 and 2024-02-14 '
                                         '00:00:00.']}]}]},
 146: {'Accounts': [{6: [{'TimeStamp': ['The date 2023-11-11 00:00:00 is out '
                                        'of range.  Must be between 2023-11-16 '
                                        '00:00:00 and 2024-02-14 '
                                        '00:00:00.']}]}]},
 147: {'Accounts': [{7: [{'TimeStamp': ['The date 2023-11-13 00:00:00 is out '
                                        'of range.  Must be between 2023-11-16 '
                                        '00:00:00 and 2024-02-14 '
                                        '00:00:00.']}]}]},
 150: {'Accounts': [{5: [{'TimeStamp': ['The date 2023-11-14 00:00:00 is out '
                                        'of range.  Must be between 2023-11-16 '
                                        '00:00:00 and 2024-02-14 00:00:00.']}],
                     11: [{'TimeStamp': ['The date 2023-11-09 00:00:00 is out '
                                         'of range.  Must be between '
                                         '2023-11-16 00:00:00 and 2024-02-14 '
                                         '00:00:00.']}]}]},
 151: {'Accounts': [{9: [{'TimeStamp': ['The date 2023-11-10 00:00:00 is out '
                                        'of range.  Must be between 2023-11-16 '
                                        '00:00:00 and 2024-02-14 00:00:00.']}],
                     14: [{'TimeStamp': ['The date 2023-11-11 00:00:00 is out '
                                         'of range.  Must be between '
                                         '2023-11-16 00:00:00 and 2024-02-14 '
                                         '00:00:00.']}],
                     16: [{'TimeStamp': ['The date 2023-11-11 00:00:00 is out '
                                         'of range.  Must be between '
                                         '2023-11-16 00:00:00 and 2024-02-14 '
                                         '00:00:00.']}]}]},
 155: {'Accounts': [{8: [{'TimeStamp': ['The date 2023-11-14 00:00:00 is out '
                                        'of range.  Must be between 2023-11-16 '
                                        '00:00:00 and 2024-02-14 '
                                        '00:00:00.']}]}]},
 160: {'Accounts': [{0: [{'TimeStamp': ['The date 2023-11-12 00:00:00 is out '
                                        'of range.  Must be between 2023-11-16 '
                                        '00:00:00 and 2024-02-14 '
                                        '00:00:00.']}]}]},
 161: {'Accounts': [{1: [{'TimeStamp': ['The date 2023-11-14 00:00:00 is out '
                                        'of range.  Must be between 2023-11-16 '
                                        '00:00:00 and 2024-02-14 00:00:00.']}],
                     10: [{'TimeStamp': ['The date 2023-11-08 00:00:00 is out '
                                         'of range.  Must be between '
                                         '2023-11-16 00:00:00 and 2024-02-14 '
                                         '00:00:00.']}],
                     11: [{'TimeStamp': ['The date 2023-11-15 00:00:00 is out '
                                         'of range.  Must be between '
                                         '2023-11-16 00:00:00 and 2024-02-14 '
                                         '00:00:00.']}],
                     13: [{'TimeStamp': ['The date 2023-11-15 00:00:00 is out '
                                         'of range.  Must be between '
                                         '2023-11-16 00:00:00 and 2024-02-14 '
                                         '00:00:00.']}]}]},
 164: {'Accounts': [{1: [{'TimeStamp': ['The date 2023-11-08 00:00:00 is out '
                                        'of range.  Must be between 2023-11-16 '
                                        '00:00:00 and 2024-02-14 '
                                        '00:00:00.']}]}]},
 165: {'Accounts': [{1: [{'TimeStamp': ['The date 2023-11-15 00:00:00 is out '
                                        'of range.  Must be between 2023-11-16 '
                                        '00:00:00 and 2024-02-14 00:00:00.']}],
                     4: [{'TimeStamp': ['The date 2023-11-15 00:00:00 is out '
                                        'of range.  Must be between 2023-11-16 '
                                        '00:00:00 and 2024-02-14 00:00:00.']}],
                     7: [{'TimeStamp': ['The date 2023-11-11 00:00:00 is out '
                                        'of range.  Must be between 2023-11-16 '
                                        '00:00:00 and 2024-02-14 '
                                        '00:00:00.']}]}]},
 171: {'Accounts': [{1: [{'TimeStamp': ['The date 2023-11-11 00:00:00 is out '
                                        'of range.  Must be between 2023-11-16 '
                                        '00:00:00 and 2024-02-14 00:00:00.']}],
                     4: [{'TimeStamp': ['The date 2023-11-09 00:00:00 is out '
                                        'of range.  Must be between 2023-11-16 '
                                        '00:00:00 and 2024-02-14 '
                                        '00:00:00.']}]}]},
 172: {'Accounts': [{2: [{'TimeStamp': ['The date 2023-11-11 00:00:00 is out '
                                        'of range.  Must be between 2023-11-16 '
                                        '00:00:00 and 2024-02-14 '
                                        '00:00:00.']}]}]},
 175: {'Accounts': [{11: [{'TimeStamp': ['The date 2023-11-08 00:00:00 is out '
                                         'of range.  Must be between '
                                         '2023-11-16 00:00:00 and 2024-02-14 '
                                         '00:00:00.']}],
                     14: [{'TimeStamp': ['The date 2023-11-13 00:00:00 is out '
                                         'of range.  Must be between '
                                         '2023-11-16 00:00:00 and 2024-02-14 '
                                         '00:00:00.']}]}]},
 176: {'Accounts': [{6: [{'TimeStamp': ['The date 2023-11-08 00:00:00 is out '
                                        'of range.  Must be between 2023-11-16 '
                                        '00:00:00 and 2024-02-14 '
                                        '00:00:00.']}]}]},
 177: {'Accounts': [{8: [{'TimeStamp': ['The date 2023-11-11 00:00:00 is out '
                                        'of range.  Must be between 2023-11-16 '
                                        '00:00:00 and 2024-02-14 '
                                        '00:00:00.']}]}]},
 181: {'Accounts': [{17: [{'TimeStamp': ['The date 2023-11-08 00:00:00 is out '
                                         'of range.  Must be between '
                                         '2023-11-16 00:00:00 and 2024-02-14 '
                                         '00:00:00.']}]}]},
 182: {'Accounts': [{3: [{'TimeStamp': ['The date 2023-11-15 00:00:00 is out '
                                        'of range.  Must be between 2023-11-16 '
                                        '00:00:00 and 2024-02-14 00:00:00.']}],
                     9: [{'TimeStamp': ['The date 2023-11-08 00:00:00 is out '
                                        'of range.  Must be between 2023-11-16 '
                                        '00:00:00 and 2024-02-14 '
                                        '00:00:00.']}]}]},
 186: {'Accounts': [{0: [{'TimeStamp': ['The date 2023-11-13 00:00:00 is out '
                                        'of range.  Must be between 2023-11-16 '
                                        '00:00:00 and 2024-02-14 00:00:00.']}],
                     7: [{'TimeStamp': ['The date 2023-11-12 00:00:00 is out '
                                        'of range.  Must be between 2023-11-16 '
                                        '00:00:00 and 2024-02-14 00:00:00.']}],
                     10: [{'TimeStamp': ['The date 2023-11-08 00:00:00 is out '
                                         'of range.  Must be between '
                                         '2023-11-16 00:00:00 and 2024-02-14 '
                                         '00:00:00.']}]}]},
 187: {'Accounts': [{0: [{'TimeStamp': ['The date 2023-11-12 00:00:00 is out '
                                        'of range.  Must be between 2023-11-16 '
                                        '00:00:00 and 2024-02-14 00:00:00.']}],
                     14: [{'TimeStamp': ['The date 2023-11-11 00:00:00 is out '
                                         'of range.  Must be between '
                                         '2023-11-16 00:00:00 and 2024-02-14 '
                                         '00:00:00.']}]}]},
 188: {'Accounts': [{0: [{'TimeStamp': ['The date 2023-11-15 00:00:00 is out '
                                        'of range.  Must be between 2023-11-16 '
                                        '00:00:00 and 2024-02-14 '
                                        '00:00:00.']}]}]},
 189: {'Accounts': [{6: [{'TimeStamp': ['The date 2023-11-08 00:00:00 is out '
                                        'of range.  Must be between 2023-11-16 '
                                        '00:00:00 and 2024-02-14 00:00:00.']}],
                     12: [{'TimeStamp': ['The date 2023-11-15 00:00:00 is out '
                                         'of range.  Must be between '
                                         '2023-11-16 00:00:00 and 2024-02-14 '
                                         '00:00:00.']}],
                     15: [{'TimeStamp': ['The date 2023-11-11 00:00:00 is out '
                                         'of range.  Must be between '
                                         '2023-11-16 00:00:00 and 2024-02-14 '
                                         '00:00:00.']}]}]},
 192: {'Accounts': [{8: [{'TimeStamp': ['The date 2023-11-13 00:00:00 is out '
                                        'of range.  Must be between 2023-11-16 '
                                        '00:00:00 and 2024-02-14 00:00:00.']}],
                     12: [{'TimeStamp': ['The date 2023-11-10 00:00:00 is out '
                                         'of range.  Must be between '
                                         '2023-11-16 00:00:00 and 2024-02-14 '
                                         '00:00:00.']}],
                     15: [{'TimeStamp': ['The date 2023-11-15 00:00:00 is out '
                                         'of range.  Must be between '
                                         '2023-11-16 00:00:00 and 2024-02-14 '
                                         '00:00:00.']}]}]},
 194: {'Accounts': [{1: [{'TimeStamp': ['The date 2023-11-11 00:00:00 is out '
                                        'of range.  Must be between 2023-11-16 '
                                        '00:00:00 and 2024-02-14 00:00:00.']}],
                     5: [{'TimeStamp': ['The date 2023-11-13 00:00:00 is out '
                                        'of range.  Must be between 2023-11-16 '
                                        '00:00:00 and 2024-02-14 00:00:00.']}],
                     11: [{'TimeStamp': ['The date 2023-11-10 00:00:00 is out '
                                         'of range.  Must be between '
                                         '2023-11-16 00:00:00 and 2024-02-14 '
                                         '00:00:00.']}]}]},
 195: {'Accounts': [{0: [{'TimeStamp': ['The date 2023-11-09 00:00:00 is out '
                                        'of range.  Must be between 2023-11-16 '
                                        '00:00:00 and 2024-02-14 00:00:00.']}],
                     5: [{'TimeStamp': ['The date 2023-11-10 00:00:00 is out '
                                        'of range.  Must be between 2023-11-16 '
                                        '00:00:00 and 2024-02-14 00:00:00.']}],
                     8: [{'TimeStamp': ['The date 2023-11-11 00:00:00 is out '
                                        'of range.  Must be between 2023-11-16 '
                                        '00:00:00 and 2024-02-14 '
                                        '00:00:00.']}]}]},
 196: {'Accounts': [{11: [{'TimeStamp': ['The date 2023-11-12 00:00:00 is out '
                                         'of range.  Must be between '
                                         '2023-11-16 00:00:00 and 2024-02-14 '
                                         '00:00:00.']}]}]},
 197: {'Accounts': [{0: [{'TimeStamp': ['The date 2023-11-13 00:00:00 is out '
                                        'of range.  Must be between 2023-11-16 '
                                        '00:00:00 and 2024-02-14 '
                                        '00:00:00.']}]}]},
 198: {'Accounts': [{6: [{'TimeStamp': ['The date 2023-11-10 00:00:00 is out '
                                        'of range.  Must be between 2023-11-16 '
                                        '00:00:00 and 2024-02-14 00:00:00.']}],
                     15: [{'TimeStamp': ['The date 2023-11-12 00:00:00 is out '
                                         'of range.  Must be between '
                                         '2023-11-16 00:00:00 and 2024-02-14 '
                                         '00:00:00.']}]}]},
 200: {'Accounts': [{3: [{'TimeStamp': ['The date 2023-11-10 00:00:00 is out '
                                        'of range.  Must be between 2023-11-16 '
                                        '00:00:00 and 2024-02-14 00:00:00.']}],
                     7: [{'TimeStamp': ['The date 2023-11-08 00:00:00 is out '
                                        'of range.  Must be between 2023-11-16 '
                                        '00:00:00 and 2024-02-14 '
                                        '00:00:00.']}]}]},
 201: {'Accounts': [{0: [{'TimeStamp': ['The date 2023-11-15 00:00:00 is out '
                                        'of range.  Must be between 2023-11-16 '
                                        '00:00:00 and 2024-02-14 00:00:00.']}],
                     3: [{'TimeStamp': ['The date 2023-11-14 00:00:00 is out '
                                        'of range.  Must be between 2023-11-16 '
                                        '00:00:00 and 2024-02-14 '
                                        '00:00:00.']}]}]},
 202: {'Accounts': [{0: [{'TimeStamp': ['The date 2023-11-15 00:00:00 is out '
                                        'of range.  Must be between 2023-11-16 '
                                        '00:00:00 and 2024-02-14 '
                                        '00:00:00.']}]}]},
 204: {'Accounts': [{0: [{'TimeStamp': ['The date 2023-11-11 00:00:00 is out '
                                        'of range.  Must be between 2023-11-16 '
                                        '00:00:00 and 2024-02-14 00:00:00.']}],
                     7: [{'TimeStamp': ['The date 2023-11-12 00:00:00 is out '
                                        'of range.  Must be between 2023-11-16 '
                                        '00:00:00 and 2024-02-14 00:00:00.']}],
                     12: [{'TimeStamp': ['The date 2023-11-14 00:00:00 is out '
                                         'of range.  Must be between '
                                         '2023-11-16 00:00:00 and 2024-02-14 '
                                         '00:00:00.']}]}]},
 205: {'Accounts': [{15: [{'TimeStamp': ['The date 2023-11-15 00:00:00 is out '
                                         'of range.  Must be between '
                                         '2023-11-16 00:00:00 and 2024-02-14 '
                                         '00:00:00.']}],
                     16: [{'TimeStamp': ['The date 2023-11-09 00:00:00 is out '
                                         'of range.  Must be between '
                                         '2023-11-16 00:00:00 and 2024-02-14 '
                                         '00:00:00.']}]}]},
 206: {'Accounts': [{1: [{'TimeStamp': ['The date 2023-11-13 00:00:00 is out '
                                        'of range.  Must be between 2023-11-16 '
                                        '00:00:00 and 2024-02-14 '
                                        '00:00:00.']}]}]},
 207: {'Accounts': [{8: [{'TimeStamp': ['The date 2023-11-11 00:00:00 is out '
                                        'of range.  Must be between 2023-11-16 '
                                        '00:00:00 and 2024-02-14 '
                                        '00:00:00.']}]}]},
 209: {'Accounts': [{0: [{'TimeStamp': ['The date 2023-11-10 00:00:00 is out '
                                        'of range.  Must be between 2023-11-16 '
                                        '00:00:00 and 2024-02-14 '
                                        '00:00:00.']}]}]},
 211: {'Accounts': [{2: [{'TimeStamp': ['The date 2023-11-08 00:00:00 is out '
                                        'of range.  Must be between 2023-11-16 '
                                        '00:00:00 and 2024-02-14 '
                                        '00:00:00.']}]}]},
 214: {'Accounts': [{7: [{'TimeStamp': ['The date 2023-11-10 00:00:00 is out '
                                        'of range.  Must be between 2023-11-16 '
                                        '00:00:00 and 2024-02-14 '
                                        '00:00:00.']}]}]},
 215: {'Accounts': [{3: [{'TimeStamp': ['The date 2023-11-12 00:00:00 is out '
                                        'of range.  Must be between 2023-11-16 '
                                        '00:00:00 and 2024-02-14 '
                                        '00:00:00.']}]}]},
 216: {'Accounts': [{7: [{'TimeStamp': ['The date 2023-11-11 00:00:00 is out '
                                        'of range.  Must be between 2023-11-16 '
                                        '00:00:00 and 2024-02-14 '
                                        '00:00:00.']}]}]},
 218: {'Accounts': [{0: [{'TimeStamp': ['The date 2023-11-14 00:00:00 is out '
                                        'of range.  Must be between 2023-11-16 '
                                        '00:00:00 and 2024-02-14 00:00:00.']}],
                     1: [{'TimeStamp': ['The date 2023-11-08 00:00:00 is out '
                                        'of range.  Must be between 2023-11-16 '
                                        '00:00:00 and 2024-02-14 00:00:00.']}],
                     2: [{'TimeStamp': ['The date 2023-11-14 00:00:00 is out '
                                        'of range.  Must be between 2023-11-16 '
                                        '00:00:00 and 2024-02-14 '
                                        '00:00:00.']}]}]},
 219: {'Accounts': [{5: [{'TimeStamp': ['The date 2023-11-13 00:00:00 is out '
                                        'of range.  Must be between 2023-11-16 '
                                        '00:00:00 and 2024-02-14 00:00:00.']}],
                     10: [{'TimeStamp': ['The date 2023-11-15 00:00:00 is out '
                                         'of range.  Must be between '
                                         '2023-11-16 00:00:00 and 2024-02-14 '
                                         '00:00:00.']}]}]},
 223: {'Accounts': [{0: [{'TimeStamp': ['The date 2023-11-15 00:00:00 is out '
                                        'of range.  Must be between 2023-11-16 '
                                        '00:00:00 and 2024-02-14 00:00:00.']}],
                     4: [{'TimeStamp': ['The date 2023-11-13 00:00:00 is out '
                                        'of range.  Must be between 2023-11-16 '
                                        '00:00:00 and 2024-02-14 '
                                        '00:00:00.']}]}]},
 224: {'Accounts': [{4: [{'TimeStamp': ['The date 2023-11-14 00:00:00 is out '
                                        'of range.  Must be between 2023-11-16 '
                                        '00:00:00 and 2024-02-14 '
                                        '00:00:00.']}]}]},
 228: {'Accounts': [{5: [{'TimeStamp': ['The date 2023-11-15 00:00:00 is out '
                                        'of range.  Must be between 2023-11-16 '
                                        '00:00:00 and 2024-02-14 00:00:00.']}],
                     7: [{'TimeStamp': ['The date 2023-11-09 00:00:00 is out '
                                        'of range.  Must be between 2023-11-16 '
                                        '00:00:00 and 2024-02-14 00:00:00.']}],
                     12: [{'TimeStamp': ['The date 2023-11-11 00:00:00 is out '
                                         'of range.  Must be between '
                                         '2023-11-16 00:00:00 and 2024-02-14 '
                                         '00:00:00.']}],
                     13: [{'TimeStamp': ['The date 2023-11-10 00:00:00 is out '
                                         'of range.  Must be between '
                                         '2023-11-16 00:00:00 and 2024-02-14 '
                                         '00:00:00.']}]}]},
 229: {'Accounts': [{4: [{'TimeStamp': ['The date 2023-11-08 00:00:00 is out '
                                        'of range.  Must be between 2023-11-16 '
                                        '00:00:00 and 2024-02-14 '
                                        '00:00:00.']}]}]},
 231: {'Accounts': [{3: [{'TimeStamp': ['The date 2023-11-09 00:00:00 is out '
                                        'of range.  Must be between 2023-11-16 '
                                        '00:00:00 and 2024-02-14 00:00:00.']}],
                     7: [{'TimeStamp': ['The date 2023-11-14 00:00:00 is out '
                                        'of range.  Must be between 2023-11-16 '
                                        '00:00:00 and 2024-02-14 '
                                        '00:00:00.']}]}]},
 232: {'Accounts': [{1: [{'TimeStamp': ['The date 2023-11-11 00:00:00 is out '
                                        'of range.  Must be between 2023-11-16 '
                                        '00:00:00 and 2024-02-14 00:00:00.']}],
                     2: [{'TimeStamp': ['The date 2023-11-13 00:00:00 is out '
                                        'of range.  Must be between 2023-11-16 '
                                        '00:00:00 and 2024-02-14 00:00:00.']}],
                     16: [{'TimeStamp': ['The date 2023-11-13 00:00:00 is out '
                                         'of range.  Must be between '
                                         '2023-11-16 00:00:00 and 2024-02-14 '
                                         '00:00:00.']}]}]},
 235: {'Accounts': [{7: [{'TimeStamp': ['The date 2023-11-09 00:00:00 is out '
                                        'of range.  Must be between 2023-11-16 '
                                        '00:00:00 and 2024-02-14 00:00:00.']}],
                     16: [{'TimeStamp': ['The date 2023-11-09 00:00:00 is out '
                                         'of range.  Must be between '
                                         '2023-11-16 00:00:00 and 2024-02-14 '
                                         '00:00:00.']}]}]},
 236: {'Accounts': [{7: [{'TimeStamp': ['The date 2023-11-15 00:00:00 is out '
                                        'of range.  Must be between 2023-11-16 '
                                        '00:00:00 and 2024-02-14 '
                                        '00:00:00.']}]}]},
 237: {'Accounts': [{3: [{'TimeStamp': ['The date 2023-11-13 00:00:00 is out '
                                        'of range.  Must be between 2023-11-16 '
                                        '00:00:00 and 2024-02-14 '
                                        '00:00:00.']}]}]},
 238: {'Accounts': [{12: [{'TimeStamp': ['The date 2023-11-13 00:00:00 is out '
                                         'of range.  Must be between '
                                         '2023-11-16 00:00:00 and 2024-02-14 '
                                         '00:00:00.']}]}]},
 239: {'Accounts': [{8: [{'TimeStamp': ['The date 2023-11-15 00:00:00 is out '
                                        'of range.  Must be between 2023-11-16 '
                                        '00:00:00 and 2024-02-14 00:00:00.']}],
                     14: [{'TimeStamp': ['The date 2023-11-12 00:00:00 is out '
                                         'of range.  Must be between '
                                         '2023-11-16 00:00:00 and 2024-02-14 '
                                         '00:00:00.']}]}]},
 242: {'Accounts': [{8: [{'TimeStamp': ['The date 2023-11-13 00:00:00 is out '
                                        'of range.  Must be between 2023-11-16 '
                                        '00:00:00 and 2024-02-14 00:00:00.']}],
                     11: [{'TimeStamp': ['The date 2023-11-13 00:00:00 is out '
                                         'of range.  Must be between '
                                         '2023-11-16 00:00:00 and 2024-02-14 '
                                         '00:00:00.']}]}]},
 243: {'Accounts': [{8: [{'TimeStamp': ['The date 2023-11-10 00:00:00 is out '
                                        'of range.  Must be between 2023-11-16 '
                                        '00:00:00 and 2024-02-14 '
                                        '00:00:00.']}]}]},
 247: {'Accounts': [{1: [{'TimeStamp': ['The date 2023-11-10 00:00:00 is out '
                                        'of range.  Must be between 2023-11-16 '
                                        '00:00:00 and 2024-02-14 00:00:00.']}],
                     9: [{'TimeStamp': ['The date 2023-11-12 00:00:00 is out '
                                        'of range.  Must be between 2023-11-16 '
                                        '00:00:00 and 2024-02-14 00:00:00.']}],
                     15: [{'TimeStamp': ['The date 2023-11-14 00:00:00 is out '
                                         'of range.  Must be between '
                                         '2023-11-16 00:00:00 and 2024-02-14 '
                                         '00:00:00.']}]}]},
 248: {'Accounts': [{6: [{'TimeStamp': ['The date 2023-11-08 00:00:00 is out '
                                        'of range.  Must be between 2023-11-16 '
                                        '00:00:00 and 2024-02-14 '
                                        '00:00:00.']}]}]},
 249: {'Accounts': [{0: [{'TimeStamp': ['The date 2023-11-13 00:00:00 is out '
                                        'of range.  Must be between 2023-11-16 '
                                        '00:00:00 and 2024-02-14 00:00:00.']}],
                     1: [{'TimeStamp': ['The date 2023-11-13 00:00:00 is out '
                                        'of range.  Must be between 2023-11-16 '
                                        '00:00:00 and 2024-02-14 '
                                        '00:00:00.']}]}]},
 251: {'Accounts': [{8: [{'TimeStamp': ['The date 2023-11-15 00:00:00 is out '
                                        'of range.  Must be between 2023-11-16 '
                                        '00:00:00 and 2024-02-14 '
                                        '00:00:00.']}]}]},
 253: {'Accounts': [{6: [{'TimeStamp': ['The date 2023-11-12 00:00:00 is out '
                                        'of range.  Must be between 2023-11-16 '
                                        '00:00:00 and 2024-02-14 00:00:00.']}],
                     16: [{'TimeStamp': ['The date 2023-11-11 00:00:00 is out '
                                         'of range.  Must be between '
                                         '2023-11-16 00:00:00 and 2024-02-14 '
                                         '00:00:00.']}]}]},
 254: {'Accounts': [{0: [{'TimeStamp': ['The date 2023-11-10 00:00:00 is out '
                                        'of range.  Must be between 2023-11-16 '
                                        '00:00:00 and 2024-02-14 '
                                        '00:00:00.']}]}]},
 255: {'Accounts': [{3: [{'TimeStamp': ['The date 2023-11-10 00:00:00 is out '
                                        'of range.  Must be between 2023-11-16 '
                                        '00:00:00 and 2024-02-14 '
                                        '00:00:00.']}]}]},
 257: {'Accounts': [{3: [{'TimeStamp': ['The date 2023-11-09 00:00:00 is out '
                                        'of range.  Must be between 2023-11-16 '
                                        '00:00:00 and 2024-02-14 '
                                        '00:00:00.']}]}]},
 258: {'Accounts': [{4: [{'TimeStamp': ['The date 2023-11-09 00:00:00 is out '
                                        'of range.  Must be between 2023-11-16 '
                                        '00:00:00 and 2024-02-14 00:00:00.']}],
                     7: [{'TimeStamp': ['The date 2023-11-15 00:00:00 is out '
                                        'of range.  Must be between 2023-11-16 '
                                        '00:00:00 and 2024-02-14 '
                                        '00:00:00.']}]}]},
 259: {'Accounts': [{2: [{'TimeStamp': ['The date 2023-11-11 00:00:00 is out '
                                        'of range.  Must be between 2023-11-16 '
                                        '00:00:00 and 2024-02-14 00:00:00.']}],
                     4: [{'TimeStamp': ['The date 2023-11-13 00:00:00 is out '
                                        'of range.  Must be between 2023-11-16 '
                                        '00:00:00 and 2024-02-14 '
                                        '00:00:00.']}]}]},
 262: {'Accounts': [{2: [{'TimeStamp': ['The date 2023-11-11 00:00:00 is out '
                                        'of range.  Must be between 2023-11-16 '
                                        '00:00:00 and 2024-02-14 '
                                        '00:00:00.']}]}]},
 264: {'Accounts': [{0: [{'TimeStamp': ['The date 2023-11-09 00:00:00 is out '
                                        'of range.  Must be between 2023-11-16 '
                                        '00:00:00 and 2024-02-14 '
                                        '00:00:00.']}]}]},
 265: {'Accounts': [{2: [{'TimeStamp': ['The date 2023-11-10 00:00:00 is out '
                                        'of range.  Must be between 2023-11-16 '
                                        '00:00:00 and 2024-02-14 00:00:00.']}],
                     3: [{'TimeStamp': ['The date 2023-11-14 00:00:00 is out '
                                        'of range.  Must be between 2023-11-16 '
                                        '00:00:00 and 2024-02-14 00:00:00.']}],
                     7: [{'TimeStamp': ['The date 2023-11-08 00:00:00 is out '
                                        'of range.  Must be between 2023-11-16 '
                                        '00:00:00 and 2024-02-14 '
                                        '00:00:00.']}]}]},
 266: {'Accounts': [{3: [{'TimeStamp': ['The date 2023-11-08 00:00:00 is out '
                                        'of range.  Must be between 2023-11-16 '
                                        '00:00:00 and 2024-02-14 00:00:00.']}],
                     4: [{'TimeStamp': ['The date 2023-11-10 00:00:00 is out '
                                        'of range.  Must be between 2023-11-16 '
                                        '00:00:00 and 2024-02-14 00:00:00.']}],
                     12: [{'TimeStamp': ['The date 2023-11-08 00:00:00 is out '
                                         'of range.  Must be between '
                                         '2023-11-16 00:00:00 and 2024-02-14 '
                                         '00:00:00.']}]}]},
 267: {'Accounts': [{2: [{'TimeStamp': ['The date 2023-11-08 00:00:00 is out '
                                        'of range.  Must be between 2023-11-16 '
                                        '00:00:00 and 2024-02-14 '
                                        '00:00:00.']}]}]},
 269: {'Accounts': [{10: [{'TimeStamp': ['The date 2023-11-14 00:00:00 is out '
                                         'of range.  Must be between '
                                         '2023-11-16 00:00:00 and 2024-02-14 '
                                         '00:00:00.']}]}]},
 270: {'Accounts': [{7: [{'TimeStamp': ['The date 2023-11-08 00:00:00 is out '
                                        'of range.  Must be between 2023-11-16 '
                                        '00:00:00 and 2024-02-14 '
                                        '00:00:00.']}]}]},
 271: {'Accounts': [{13: [{'TimeStamp': ['The date 2023-11-08 00:00:00 is out '
                                         'of range.  Must be between '
                                         '2023-11-16 00:00:00 and 2024-02-14 '
                                         '00:00:00.']}]}]},
 273: {'Accounts': [{0: [{'TimeStamp': ['The date 2023-11-12 00:00:00 is out '
                                        'of range.  Must be between 2023-11-16 '
                                        '00:00:00 and 2024-02-14 '
                                        '00:00:00.']}]}]},
 275: {'Accounts': [{1: [{'TimeStamp': ['The date 2023-11-08 00:00:00 is out '
                                        'of range.  Must be between 2023-11-16 '
                                        '00:00:00 and 2024-02-14 '
                                        '00:00:00.']}]}]},
 282: {'Accounts': [{3: [{'TimeStamp': ['The date 2023-11-10 00:00:00 is out '
                                        'of range.  Must be between 2023-11-16 '
                                        '00:00:00 and 2024-02-14 00:00:00.']}],
                     4: [{'TimeStamp': ['The date 2023-11-15 00:00:00 is out '
                                        'of range.  Must be between 2023-11-16 '
                                        '00:00:00 and 2024-02-14 00:00:00.']}],
                     10: [{'TimeStamp': ['The date 2023-11-09 00:00:00 is out '
                                         'of range.  Must be between '
                                         '2023-11-16 00:00:00 and 2024-02-14 '
                                         '00:00:00.']}],
                     12: [{'TimeStamp': ['The date 2023-11-10 00:00:00 is out '
                                         'of range.  Must be between '
                                         '2023-11-16 00:00:00 and 2024-02-14 '
                                         '00:00:00.']}]}]},
 283: {'Accounts': [{4: [{'TimeStamp': ['The date 2023-11-14 00:00:00 is out '
                                        'of range.  Must be between 2023-11-16 '
                                        '00:00:00 and 2024-02-14 '
                                        '00:00:00.']}]}]},
 284: {'Accounts': [{3: [{'TimeStamp': ['The date 2023-11-09 00:00:00 is out '
                                        'of range.  Must be between 2023-11-16 '
                                        '00:00:00 and 2024-02-14 00:00:00.']}],
                     5: [{'TimeStamp': ['The date 2023-11-14 00:00:00 is out '
                                        'of range.  Must be between 2023-11-16 '
                                        '00:00:00 and 2024-02-14 '
                                        '00:00:00.']}]}]},
 285: {'Accounts': [{2: [{'TimeStamp': ['The date 2023-11-12 00:00:00 is out '
                                        'of range.  Must be between 2023-11-16 '
                                        '00:00:00 and 2024-02-14 '
                                        '00:00:00.']}]}]},
 286: {'Accounts': [{0: [{'TimeStamp': ['The date 2023-11-14 00:00:00 is out '
                                        'of range.  Must be between 2023-11-16 '
                                        '00:00:00 and 2024-02-14 00:00:00.']}],
                     5: [{'TimeStamp': ['The date 2023-11-10 00:00:00 is out '
                                        'of range.  Must be between 2023-11-16 '
                                        '00:00:00 and 2024-02-14 '
                                        '00:00:00.']}]}]},
 288: {'Accounts': [{4: [{'TimeStamp': ['The date 2023-11-15 00:00:00 is out '
                                        'of range.  Must be between 2023-11-16 '
                                        '00:00:00 and 2024-02-14 '
                                        '00:00:00.']}]}]},
 290: {'Accounts': [{0: [{'TimeStamp': ['The date 2023-11-14 00:00:00 is out '
                                        'of range.  Must be between 2023-11-16 '
                                        '00:00:00 and 2024-02-14 '
                                        '00:00:00.']}]}]},
 297: {'Accounts': [{5: [{'TimeStamp': ['The date 2023-11-09 00:00:00 is out '
                                        'of range.  Must be between 2023-11-16 '
                                        '00:00:00 and 2024-02-14 00:00:00.']}],
                     12: [{'TimeStamp': ['The date 2023-11-08 00:00:00 is out '
                                         'of range.  Must be between '
                                         '2023-11-16 00:00:00 and 2024-02-14 '
                                         '00:00:00.']}]}]},
 298: {'Accounts': [{7: [{'TimeStamp': ['The date 2023-11-09 00:00:00 is out '
                                        'of range.  Must be between 2023-11-16 '
                                        '00:00:00 and 2024-02-14 '
                                        '00:00:00.']}]}]},
 300: {'Accounts': [{2: [{'TimeStamp': ['The date 2023-11-09 00:00:00 is out '
                                        'of range.  Must be between 2023-11-16 '
                                        '00:00:00 and 2024-02-14 00:00:00.']}],
                     9: [{'TimeStamp': ['The date 2023-11-14 00:00:00 is out '
                                        'of range.  Must be between 2023-11-16 '
                                        '00:00:00 and 2024-02-14 '
                                        '00:00:00.']}]}]},
 301: {'Accounts': [{1: [{'TimeStamp': ['The date 2023-11-08 00:00:00 is out '
                                        'of range.  Must be between 2023-11-16 '
                                        '00:00:00 and 2024-02-14 00:00:00.']}],
                     8: [{'TimeStamp': ['The date 2023-11-13 00:00:00 is out '
                                        'of range.  Must be between 2023-11-16 '
                                        '00:00:00 and 2024-02-14 '
                                        '00:00:00.']}]}]},
 302: {'Accounts': [{0: [{'TimeStamp': ['The date 2023-11-14 00:00:00 is out '
                                        'of range.  Must be between 2023-11-16 '
                                        '00:00:00 and 2024-02-14 00:00:00.']}],
                     1: [{'TimeStamp': ['The date 2023-11-15 00:00:00 is out '
                                        'of range.  Must be between 2023-11-16 '
                                        '00:00:00 and 2024-02-14 '
                                        '00:00:00.']}]}]},
 303: {'Accounts': [{7: [{'TimeStamp': ['The date 2023-11-14 00:00:00 is out '
                                        'of range.  Must be between 2023-11-16 '
                                        '00:00:00 and 2024-02-14 '
                                        '00:00:00.']}]}]},
 304: {'Accounts': [{7: [{'TimeStamp': ['The date 2023-11-08 00:00:00 is out '
                                        'of range.  Must be between 2023-11-16 '
                                        '00:00:00 and 2024-02-14 '
                                        '00:00:00.']}]}]},
 307: {'Accounts': [{6: [{'TimeStamp': ['The date 2023-11-12 00:00:00 is out '
                                        'of range.  Must be between 2023-11-16 '
                                        '00:00:00 and 2024-02-14 '
                                        '00:00:00.']}]}]},
 309: {'Accounts': [{6: [{'TimeStamp': ['The date 2023-11-10 00:00:00 is out '
                                        'of range.  Must be between 2023-11-16 '
                                        '00:00:00 and 2024-02-14 '
                                        '00:00:00.']}]}]},
 311: {'Accounts': [{3: [{'TimeStamp': ['The date 2023-11-15 00:00:00 is out '
                                        'of range.  Must be between 2023-11-16 '
                                        '00:00:00 and 2024-02-14 00:00:00.']}],
                     5: [{'TimeStamp': ['The date 2023-11-15 00:00:00 is out '
                                        'of range.  Must be between 2023-11-16 '
                                        '00:00:00 and 2024-02-14 00:00:00.']}],
                     10: [{'TimeStamp': ['The date 2023-11-09 00:00:00 is out '
                                         'of range.  Must be between '
                                         '2023-11-16 00:00:00 and 2024-02-14 '
                                         '00:00:00.']}],
                     15: [{'TimeStamp': ['The date 2023-11-09 00:00:00 is out '
                                         'of range.  Must be between '
                                         '2023-11-16 00:00:00 and 2024-02-14 '
                                         '00:00:00.']}]}]},
 315: {'Accounts': [{0: [{'TimeStamp': ['The date 2023-11-12 00:00:00 is out '
                                        'of range.  Must be between 2023-11-16 '
                                        '00:00:00 and 2024-02-14 '
                                        '00:00:00.']}]}]},
 320: {'Accounts': [{17: [{'TimeStamp': ['The date 2023-11-15 00:00:00 is out '
                                         'of range.  Must be between '
                                         '2023-11-16 00:00:00 and 2024-02-14 '
                                         '00:00:00.']}]}]},
 322: {'Accounts': [{2: [{'TimeStamp': ['The date 2023-11-14 00:00:00 is out '
                                        'of range.  Must be between 2023-11-16 '
                                        '00:00:00 and 2024-02-14 '
                                        '00:00:00.']}]}]},
 323: {'Accounts': [{14: [{'TimeStamp': ['The date 2023-11-15 00:00:00 is out '
                                         'of range.  Must be between '
                                         '2023-11-16 00:00:00 and 2024-02-14 '
                                         '00:00:00.']}]}]},
 324: {'Accounts': [{0: [{'TimeStamp': ['The date 2023-11-15 00:00:00 is out '
                                        'of range.  Must be between 2023-11-16 '
                                        '00:00:00 and 2024-02-14 '
                                        '00:00:00.']}]}]},
 326: {'Accounts': [{0: [{'TimeStamp': ['The date 2023-11-11 00:00:00 is out '
                                        'of range.  Must be between 2023-11-16 '
                                        '00:00:00 and 2024-02-14 '
                                        '00:00:00.']}]}]},
 328: {'Accounts': [{1: [{'TimeStamp': ['The date 2023-11-08 00:00:00 is out '
                                        'of range.  Must be between 2023-11-16 '
                                        '00:00:00 and 2024-02-14 00:00:00.']}],
                     13: [{'TimeStamp': ['The date 2023-11-12 00:00:00 is out '
                                         'of range.  Must be between '
                                         '2023-11-16 00:00:00 and 2024-02-14 '
                                         '00:00:00.']}]}]},
 329: {'Accounts': [{7: [{'TimeStamp': ['The date 2023-11-09 00:00:00 is out '
                                        'of range.  Must be between 2023-11-16 '
                                        '00:00:00 and 2024-02-14 00:00:00.']}],
                     12: [{'TimeStamp': ['The date 2023-11-13 00:00:00 is out '
                                         'of range.  Must be between '
                                         '2023-11-16 00:00:00 and 2024-02-14 '
                                         '00:00:00.']}]}]},
 330: {'Accounts': [{8: [{'TimeStamp': ['The date 2023-11-15 00:00:00 is out '
                                        'of range.  Must be between 2023-11-16 '
                                        '00:00:00 and 2024-02-14 '
                                        '00:00:00.']}]}]},
 331: {'Accounts': [{1: [{'TimeStamp': ['The date 2023-11-12 00:00:00 is out '
                                        'of range.  Must be between 2023-11-16 '
                                        '00:00:00 and 2024-02-14 00:00:00.']}],
                     2: [{'TimeStamp': ['The date 2023-11-10 00:00:00 is out '
                                        'of range.  Must be between 2023-11-16 '
                                        '00:00:00 and 2024-02-14 00:00:00.']}],
                     8: [{'TimeStamp': ['The date 2023-11-08 00:00:00 is out '
                                        'of range.  Must be between 2023-11-16 '
                                        '00:00:00 and 2024-02-14 00:00:00.']}],
                     18: [{'TimeStamp': ['The date 2023-11-09 00:00:00 is out '
                                         'of range.  Must be between '
                                         '2023-11-16 00:00:00 and 2024-02-14 '
                                         '00:00:00.']}]}]},
 334: {'Accounts': [{0: [{'TimeStamp': ['The date 2023-11-15 00:00:00 is out '
                                        'of range.  Must be between 2023-11-16 '
                                        '00:00:00 and 2024-02-14 00:00:00.']}],
                     4: [{'TimeStamp': ['The date 2023-11-09 00:00:00 is out '
                                        'of range.  Must be between 2023-11-16 '
                                        '00:00:00 and 2024-02-14 00:00:00.']}],
                     11: [{'TimeStamp': ['The date 2023-11-14 00:00:00 is out '
                                         'of range.  Must be between '
                                         '2023-11-16 00:00:00 and 2024-02-14 '
                                         '00:00:00.']}]}]},
 336: {'Accounts': [{1: [{'TimeStamp': ['The date 2023-11-08 00:00:00 is out '
                                        'of range.  Must be between 2023-11-16 '
                                        '00:00:00 and 2024-02-14 '
                                        '00:00:00.']}]}]},
 337: {'Accounts': [{6: [{'TimeStamp': ['The date 2023-11-09 00:00:00 is out '
                                        'of range.  Must be between 2023-11-16 '
                                        '00:00:00 and 2024-02-14 '
                                        '00:00:00.']}]}]},
 338: {'Accounts': [{4: [{'TimeStamp': ['The date 2023-11-12 00:00:00 is out '
                                        'of range.  Must be between 2023-11-16 '
                                        '00:00:00 and 2024-02-14 00:00:00.']}],
                     13: [{'TimeStamp': ['The date 2023-11-11 00:00:00 is out '
                                         'of range.  Must be between '
                                         '2023-11-16 00:00:00 and 2024-02-14 '
                                         '00:00:00.']}],
                     14: [{'TimeStamp': ['The date 2023-11-10 00:00:00 is out '
                                         'of range.  Must be between '
                                         '2023-11-16 00:00:00 and 2024-02-14 '
                                         '00:00:00.']}]}]},
 339: {'Accounts': [{3: [{'TimeStamp': ['The date 2023-11-09 00:00:00 is out '
                                        'of range.  Must be between 2023-11-16 '
                                        '00:00:00 and 2024-02-14 '
                                        '00:00:00.']}]}]},
 341: {'Accounts': [{5: [{'TimeStamp': ['The date 2023-11-12 00:00:00 is out '
                                        'of range.  Must be between 2023-11-16 '
                                        '00:00:00 and 2024-02-14 00:00:00.']}],
                     9: [{'TimeStamp': ['The date 2023-11-10 00:00:00 is out '
                                        'of range.  Must be between 2023-11-16 '
                                        '00:00:00 and 2024-02-14 '
                                        '00:00:00.']}]}]},
 345: {'Accounts': [{3: [{'TimeStamp': ['The date 2023-11-10 00:00:00 is out '
                                        'of range.  Must be between 2023-11-16 '
                                        '00:00:00 and 2024-02-14 '
                                        '00:00:00.']}]}]},
 348: {'Accounts': [{8: [{'TimeStamp': ['The date 2023-11-10 00:00:00 is out '
                                        'of range.  Must be between 2023-11-16 '
                                        '00:00:00 and 2024-02-14 00:00:00.']}],
                     10: [{'TimeStamp': ['The date 2023-11-14 00:00:00 is out '
                                         'of range.  Must be between '
                                         '2023-11-16 00:00:00 and 2024-02-14 '
                                         '00:00:00.']}]}]},
 350: {'Accounts': [{4: [{'TimeStamp': ['The date 2023-11-14 00:00:00 is out '
                                        'of range.  Must be between 2023-11-16 '
                                        '00:00:00 and 2024-02-14 '
                                        '00:00:00.']}]}]},
 351: {'Accounts': [{14: [{'TimeStamp': ['The date 2023-11-09 00:00:00 is out '
                                         'of range.  Must be between '
                                         '2023-11-16 00:00:00 and 2024-02-14 '
                                         '00:00:00.']}],
                     17: [{'TimeStamp': ['The date 2023-11-09 00:00:00 is out '
                                         'of range.  Must be between '
                                         '2023-11-16 00:00:00 and 2024-02-14 '
                                         '00:00:00.']}]}]},
 352: {'Accounts': [{3: [{'TimeStamp': ['The date 2023-11-09 00:00:00 is out '
                                        'of range.  Must be between 2023-11-16 '
                                        '00:00:00 and 2024-02-14 00:00:00.']}],
                     8: [{'TimeStamp': ['The date 2023-11-12 00:00:00 is out '
                                        'of range.  Must be between 2023-11-16 '
                                        '00:00:00 and 2024-02-14 '
                                        '00:00:00.']}]}]},
 353: {'Accounts': [{1: [{'TimeStamp': ['The date 2023-11-12 00:00:00 is out '
                                        'of range.  Must be between 2023-11-16 '
                                        '00:00:00 and 2024-02-14 '
                                        '00:00:00.']}]}]},
 354: {'Accounts': [{5: [{'TimeStamp': ['The date 2023-11-08 00:00:00 is out '
                                        'of range.  Must be between 2023-11-16 '
                                        '00:00:00 and 2024-02-14 00:00:00.']}],
                     14: [{'TimeStamp': ['The date 2023-11-13 00:00:00 is out '
                                         'of range.  Must be between '
                                         '2023-11-16 00:00:00 and 2024-02-14 '
                                         '00:00:00.']}]}]},
 356: {'Accounts': [{1: [{'TimeStamp': ['The date 2023-11-15 00:00:00 is out '
                                        'of range.  Must be between 2023-11-16 '
                                        '00:00:00 and 2024-02-14 '
                                        '00:00:00.']}]}]},
 357: {'Accounts': [{9: [{'TimeStamp': ['The date 2023-11-08 00:00:00 is out '
                                        'of range.  Must be between 2023-11-16 '
                                        '00:00:00 and 2024-02-14 '
                                        '00:00:00.']}]}]},
 362: {'Accounts': [{4: [{'TimeStamp': ['The date 2023-11-09 00:00:00 is out '
                                        'of range.  Must be between 2023-11-16 '
                                        '00:00:00 and 2024-02-14 '
                                        '00:00:00.']}]}]},
 363: {'Accounts': [{1: [{'TimeStamp': ['The date 2023-11-14 00:00:00 is out '
                                        'of range.  Must be between 2023-11-16 '
                                        '00:00:00 and 2024-02-14 '
                                        '00:00:00.']}]}]},
 364: {'Accounts': [{0: [{'TimeStamp': ['The date 2023-11-13 00:00:00 is out '
                                        'of range.  Must be between 2023-11-16 '
                                        '00:00:00 and 2024-02-14 00:00:00.']}],
                     5: [{'TimeStamp': ['The date 2023-11-14 00:00:00 is out '
                                        'of range.  Must be between 2023-11-16 '
                                        '00:00:00 and 2024-02-14 00:00:00.']}],
                     10: [{'TimeStamp': ['The date 2023-11-13 00:00:00 is out '
                                         'of range.  Must be between '
                                         '2023-11-16 00:00:00 and 2024-02-14 '
                                         '00:00:00.']}]}]},
 365: {'Accounts': [{4: [{'TimeStamp': ['The date 2023-11-10 00:00:00 is out '
                                        'of range.  Must be between 2023-11-16 '
                                        '00:00:00 and 2024-02-14 '
                                        '00:00:00.']}]}]},
 368: {'Accounts': [{5: [{'TimeStamp': ['The date 2023-11-11 00:00:00 is out '
                                        'of range.  Must be between 2023-11-16 '
                                        '00:00:00 and 2024-02-14 '
                                        '00:00:00.']}]}]},
 370: {'Accounts': [{11: [{'TimeStamp': ['The date 2023-11-15 00:00:00 is out '
                                         'of range.  Must be between '
                                         '2023-11-16 00:00:00 and 2024-02-14 '
                                         '00:00:00.']}],
                     13: [{'TimeStamp': ['The date 2023-11-13 00:00:00 is out '
                                         'of range.  Must be between '
                                         '2023-11-16 00:00:00 and 2024-02-14 '
                                         '00:00:00.']}]}]},
 371: {'Accounts': [{0: [{'TimeStamp': ['The date 2023-11-08 00:00:00 is out '
                                        'of range.  Must be between 2023-11-16 '
                                        '00:00:00 and 2024-02-14 '
                                        '00:00:00.']}]}]},
 372: {'Accounts': [{3: [{'TimeStamp': ['The date 2023-11-12 00:00:00 is out '
                                        'of range.  Must be between 2023-11-16 '
                                        '00:00:00 and 2024-02-14 '
                                        '00:00:00.']}]}]},
 374: {'Accounts': [{12: [{'TimeStamp': ['The date 2023-11-09 00:00:00 is out '
                                         'of range.  Must be between '
                                         '2023-11-16 00:00:00 and 2024-02-14 '
                                         '00:00:00.']}]}]},
 376: {'Accounts': [{1: [{'TimeStamp': ['The date 2023-11-12 00:00:00 is out '
                                        'of range.  Must be between 2023-11-16 '
                                        '00:00:00 and 2024-02-14 '
                                        '00:00:00.']}]}]},
 379: {'Accounts': [{3: [{'TimeStamp': ['The date 2023-11-14 00:00:00 is out '
                                        'of range.  Must be between 2023-11-16 '
                                        '00:00:00 and 2024-02-14 '
                                        '00:00:00.']}]}]},
 380: {'Accounts': [{14: [{'TimeStamp': ['The date 2023-11-08 00:00:00 is out '
                                         'of range.  Must be between '
                                         '2023-11-16 00:00:00 and 2024-02-14 '
                                         '00:00:00.']}]}]},
 381: {'Accounts': [{1: [{'TimeStamp': ['The date 2023-11-08 00:00:00 is out '
                                        'of range.  Must be between 2023-11-16 '
                                        '00:00:00 and 2024-02-14 00:00:00.']}],
                     3: [{'TimeStamp': ['The date 2023-11-12 00:00:00 is out '
                                        'of range.  Must be between 2023-11-16 '
                                        '00:00:00 and 2024-02-14 '
                                        '00:00:00.']}]}]},
 382: {'Accounts': [{3: [{'TimeStamp': ['The date 2023-11-14 00:00:00 is out '
                                        'of range.  Must be between 2023-11-16 '
                                        '00:00:00 and 2024-02-14 00:00:00.']}],
                     7: [{'TimeStamp': ['The date 2023-11-09 00:00:00 is out '
                                        'of range.  Must be between 2023-11-16 '
                                        '00:00:00 and 2024-02-14 00:00:00.']}],
                     10: [{'TimeStamp': ['The date 2023-11-07 00:00:00 is out '
                                         'of range.  Must be between '
                                         '2023-11-16 00:00:00 and 2024-02-14 '
                                         '00:00:00.']}],
                     12: [{'TimeStamp': ['The date 2023-11-12 00:00:00 is out '
                                         'of range.  Must be between '
                                         '2023-11-16 00:00:00 and 2024-02-14 '
                                         '00:00:00.']}]}]},
 383: {'Accounts': [{1: [{'TimeStamp': ['The date 2023-11-13 00:00:00 is out '
                                        'of range.  Must be between 2023-11-16 '
                                        '00:00:00 and 2024-02-14 00:00:00.']}],
                     2: [{'TimeStamp': ['The date 2023-11-10 00:00:00 is out '
                                        'of range.  Must be between 2023-11-16 '
                                        '00:00:00 and 2024-02-14 '
                                        '00:00:00.']}]}]},
 384: {'Accounts': [{1: [{'TimeStamp': ['The date 2023-11-15 00:00:00 is out '
                                        'of range.  Must be between 2023-11-16 '
                                        '00:00:00 and 2024-02-14 '
                                        '00:00:00.']}]}]},
 386: {'Accounts': [{3: [{'TimeStamp': ['The date 2023-11-13 00:00:00 is out '
                                        'of range.  Must be between 2023-11-16 '
                                        '00:00:00 and 2024-02-14 '
                                        '00:00:00.']}]}]},
 388: {'Accounts': [{4: [{'TimeStamp': ['The date 2023-11-13 00:00:00 is out '
                                        'of range.  Must be between 2023-11-16 '
                                        '00:00:00 and 2024-02-14 '
                                        '00:00:00.']}]}]},
 389: {'Accounts': [{8: [{'TimeStamp': ['The date 2023-11-09 00:00:00 is out '
                                        'of range.  Must be between 2023-11-16 '
                                        '00:00:00 and 2024-02-14 00:00:00.']}],
                     12: [{'TimeStamp': ['The date 2023-11-09 00:00:00 is out '
                                         'of range.  Must be between '
                                         '2023-11-16 00:00:00 and 2024-02-14 '
                                         '00:00:00.']}]}]},
 390: {'Accounts': [{0: [{'TimeStamp': ['The date 2023-11-08 00:00:00 is out '
                                        'of range.  Must be between 2023-11-16 '
                                        '00:00:00 and 2024-02-14 00:00:00.']}],
                     4: [{'TimeStamp': ['The date 2023-11-14 00:00:00 is out '
                                        'of range.  Must be between 2023-11-16 '
                                        '00:00:00 and 2024-02-14 '
                                        '00:00:00.']}]}]},
 391: {'Accounts': [{0: [{'TimeStamp': ['The date 2023-11-13 00:00:00 is out '
                                        'of range.  Must be between 2023-11-16 '
                                        '00:00:00 and 2024-02-14 '
                                        '00:00:00.']}]}]},
 392: {'Accounts': [{8: [{'TimeStamp': ['The date 2023-11-09 00:00:00 is out '
                                        'of range.  Must be between 2023-11-16 '
                                        '00:00:00 and 2024-02-14 '
                                        '00:00:00.']}]}]},
 393: {'Accounts': [{3: [{'TimeStamp': ['The date 2023-11-14 00:00:00 is out '
                                        'of range.  Must be between 2023-11-16 '
                                        '00:00:00 and 2024-02-14 '
                                        '00:00:00.']}]}]},
 395: {'Accounts': [{3: [{'TimeStamp': ['The date 2023-11-14 00:00:00 is out '
                                        'of range.  Must be between 2023-11-16 '
                                        '00:00:00 and 2024-02-14 00:00:00.']}],
                     4: [{'TimeStamp': ['The date 2023-11-15 00:00:00 is out '
                                        'of range.  Must be between 2023-11-16 '
                                        '00:00:00 and 2024-02-14 00:00:00.']}],
                     5: [{'TimeStamp': ['The date 2023-11-09 00:00:00 is out '
                                        'of range.  Must be between 2023-11-16 '
                                        '00:00:00 and 2024-02-14 00:00:00.']}],
                     8: [{'TimeStamp': ['The date 2023-11-12 00:00:00 is out '
                                        'of range.  Must be between 2023-11-16 '
                                        '00:00:00 and 2024-02-14 '
                                        '00:00:00.']}]}]},
 398: {'Accounts': [{17: [{'TimeStamp': ['The date 2023-11-09 00:00:00 is out '
                                         'of range.  Must be between '
                                         '2023-11-16 00:00:00 and 2024-02-14 '
                                         '00:00:00.']}]}]},
 400: {'Accounts': [{13: [{'TimeStamp': ['The date 2023-11-13 00:00:00 is out '
                                         'of range.  Must be between '
                                         '2023-11-16 00:00:00 and 2024-02-14 '
                                         '00:00:00.']}]}]},
 401: {'Accounts': [{9: [{'TimeStamp': ['The date 2023-11-12 00:00:00 is out '
                                        'of range.  Must be between 2023-11-16 '
                                        '00:00:00 and 2024-02-14 '
                                        '00:00:00.']}]}]},
 402: {'Accounts': [{8: [{'TimeStamp': ['The date 2023-11-14 00:00:00 is out '
                                        'of range.  Must be between 2023-11-16 '
                                        '00:00:00 and 2024-02-14 '
                                        '00:00:00.']}]}]},
 403: {'Accounts': [{16: [{'TimeStamp': ['The date 2023-11-11 00:00:00 is out '
                                         'of range.  Must be between '
                                         '2023-11-16 00:00:00 and 2024-02-14 '
                                         '00:00:00.']}],
                     18: [{'TimeStamp': ['The date 2023-11-12 00:00:00 is out '
                                         'of range.  Must be between '
                                         '2023-11-16 00:00:00 and 2024-02-14 '
                                         '00:00:00.']}]}]},
 407: {'Accounts': [{0: [{'TimeStamp': ['The date 2023-11-15 00:00:00 is out '
                                        'of range.  Must be between 2023-11-16 '
                                        '00:00:00 and 2024-02-14 00:00:00.']}],
                     1: [{'TimeStamp': ['The date 2023-11-08 00:00:00 is out '
                                        'of range.  Must be between 2023-11-16 '
                                        '00:00:00 and 2024-02-14 00:00:00.']}],
                     6: [{'TimeStamp': ['The date 2023-11-09 00:00:00 is out '
                                        'of range.  Must be between 2023-11-16 '
                                        '00:00:00 and 2024-02-14 '
                                        '00:00:00.']}]}]},
 410: {'Accounts': [{5: [{'TimeStamp': ['The date 2023-11-12 00:00:00 is out '
                                        'of range.  Must be between 2023-11-16 '
                                        '00:00:00 and 2024-02-14 00:00:00.']}],
                     8: [{'TimeStamp': ['The date 2023-11-13 00:00:00 is out '
                                        'of range.  Must be between 2023-11-16 '
                                        '00:00:00 and 2024-02-14 '
                                        '00:00:00.']}]}]},
 412: {'Accounts': [{12: [{'TimeStamp': ['The date 2023-11-11 00:00:00 is out '
                                         'of range.  Must be between '
                                         '2023-11-16 00:00:00 and 2024-02-14 '
                                         '00:00:00.']}]}]},
 413: {'Accounts': [{2: [{'TimeStamp': ['The date 2023-11-13 00:00:00 is out '
                                        'of range.  Must be between 2023-11-16 '
                                        '00:00:00 and 2024-02-14 '
                                        '00:00:00.']}]}]},
 414: {'Accounts': [{14: [{'TimeStamp': ['The date 2023-11-11 00:00:00 is out '
                                         'of range.  Must be between '
                                         '2023-11-16 00:00:00 and 2024-02-14 '
                                         '00:00:00.']}],
                     15: [{'TimeStamp': ['The date 2023-11-11 00:00:00 is out '
                                         'of range.  Must be between '
                                         '2023-11-16 00:00:00 and 2024-02-14 '
                                         '00:00:00.']}]}]},
 415: {'Accounts': [{0: [{'TimeStamp': ['The date 2023-11-13 00:00:00 is out '
                                        'of range.  Must be between 2023-11-16 '
                                        '00:00:00 and 2024-02-14 '
                                        '00:00:00.']}]}]},
 416: {'Accounts': [{4: [{'TimeStamp': ['The date 2023-11-10 00:00:00 is out '
                                        'of range.  Must be between 2023-11-16 '
                                        '00:00:00 and 2024-02-14 '
                                        '00:00:00.']}]}]},
 417: {'Accounts': [{7: [{'TimeStamp': ['The date 2023-11-08 00:00:00 is out '
                                        'of range.  Must be between 2023-11-16 '
                                        '00:00:00 and 2024-02-14 00:00:00.']}],
                     11: [{'TimeStamp': ['The date 2023-11-09 00:00:00 is out '
                                         'of range.  Must be between '
                                         '2023-11-16 00:00:00 and 2024-02-14 '
                                         '00:00:00.']}],
                     15: [{'TimeStamp': ['The date 2023-11-09 00:00:00 is out '
                                         'of range.  Must be between '
                                         '2023-11-16 00:00:00 and 2024-02-14 '
                                         '00:00:00.']}]}]},
 418: {'Accounts': [{0: [{'TimeStamp': ['The date 2023-11-10 00:00:00 is out '
                                        'of range.  Must be between 2023-11-16 '
                                        '00:00:00 and 2024-02-14 00:00:00.']}],
                     6: [{'TimeStamp': ['The date 2023-11-10 00:00:00 is out '
                                        'of range.  Must be between 2023-11-16 '
                                        '00:00:00 and 2024-02-14 '
                                        '00:00:00.']}]}]},
 419: {'Accounts': [{14: [{'TimeStamp': ['The date 2023-11-07 00:00:00 is out '
                                         'of range.  Must be between '
                                         '2023-11-16 00:00:00 and 2024-02-14 '
                                         '00:00:00.']}],
                     17: [{'TimeStamp': ['The date 2023-11-13 00:00:00 is out '
                                         'of range.  Must be between '
                                         '2023-11-16 00:00:00 and 2024-02-14 '
                                         '00:00:00.']}]}]},
 421: {'Accounts': [{2: [{'TimeStamp': ['The date 2023-11-08 00:00:00 is out '
                                        'of range.  Must be between 2023-11-16 '
                                        '00:00:00 and 2024-02-14 '
                                        '00:00:00.']}]}]},
 423: {'Accounts': [{2: [{'TimeStamp': ['The date 2023-11-12 00:00:00 is out '
                                        'of range.  Must be between 2023-11-16 '
                                        '00:00:00 and 2024-02-14 '
                                        '00:00:00.']}]}]},
 424: {'Accounts': [{9: [{'TimeStamp': ['The date 2023-11-11 00:00:00 is out '
                                        'of range.  Must be between 2023-11-16 '
                                        '00:00:00 and 2024-02-14 00:00:00.']}],
                     10: [{'TimeStamp': ['The date 2023-11-10 00:00:00 is out '
                                         'of range.  Must be between '
                                         '2023-11-16 00:00:00 and 2024-02-14 '
                                         '00:00:00.']}]}]},
 425: {'Accounts': [{0: [{'TimeStamp': ['The date 2023-11-15 00:00:00 is out '
                                        'of range.  Must be between 2023-11-16 '
                                        '00:00:00 and 2024-02-14 '
                                        '00:00:00.']}]}]},
 426: {'Accounts': [{4: [{'TimeStamp': ['The date 2023-11-15 00:00:00 is out '
                                        'of range.  Must be between 2023-11-16 '
                                        '00:00:00 and 2024-02-14 '
                                        '00:00:00.']}]}]},
 427: {'Accounts': [{12: [{'TimeStamp': ['The date 2023-11-08 00:00:00 is out '
                                         'of range.  Must be between '
                                         '2023-11-16 00:00:00 and 2024-02-14 '
                                         '00:00:00.']}]}]},
 428: {'Accounts': [{8: [{'TimeStamp': ['The date 2023-11-13 00:00:00 is out '
                                        'of range.  Must be between 2023-11-16 '
                                        '00:00:00 and 2024-02-14 00:00:00.']}],
                     13: [{'TimeStamp': ['The date 2023-11-08 00:00:00 is out '
                                         'of range.  Must be between '
                                         '2023-11-16 00:00:00 and 2024-02-14 '
                                         '00:00:00.']}]}]},
 430: {'Accounts': [{7: [{'TimeStamp': ['The date 2023-11-12 00:00:00 is out '
                                        'of range.  Must be between 2023-11-16 '
                                        '00:00:00 and 2024-02-14 00:00:00.']}],
                     11: [{'TimeStamp': ['The date 2023-11-12 00:00:00 is out '
                                         'of range.  Must be between '
                                         '2023-11-16 00:00:00 and 2024-02-14 '
                                         '00:00:00.']}]}]},
 431: {'Accounts': [{2: [{'TimeStamp': ['The date 2023-11-10 00:00:00 is out '
                                        'of range.  Must be between 2023-11-16 '
                                        '00:00:00 and 2024-02-14 00:00:00.']}],
                     7: [{'TimeStamp': ['The date 2023-11-12 00:00:00 is out '
                                        'of range.  Must be between 2023-11-16 '
                                        '00:00:00 and 2024-02-14 00:00:00.']}],
                     17: [{'TimeStamp': ['The date 2023-11-10 00:00:00 is out '
                                         'of range.  Must be between '
                                         '2023-11-16 00:00:00 and 2024-02-14 '
                                         '00:00:00.']}]}]},
 433: {'Accounts': [{5: [{'TimeStamp': ['The date 2023-11-14 00:00:00 is out '
                                        'of range.  Must be between 2023-11-16 '
                                        '00:00:00 and 2024-02-14 '
                                        '00:00:00.']}]}]},
 434: {'Accounts': [{0: [{'TimeStamp': ['The date 2023-11-14 00:00:00 is out '
                                        'of range.  Must be between 2023-11-16 '
                                        '00:00:00 and 2024-02-14 00:00:00.']}],
                     2: [{'TimeStamp': ['The date 2023-11-14 00:00:00 is out '
                                        'of range.  Must be between 2023-11-16 '
                                        '00:00:00 and 2024-02-14 00:00:00.']}],
                     3: [{'TimeStamp': ['The date 2023-11-09 00:00:00 is out '
                                        'of range.  Must be between 2023-11-16 '
                                        '00:00:00 and 2024-02-14 00:00:00.']}],
                     5: [{'TimeStamp': ['The date 2023-11-10 00:00:00 is out '
                                        'of range.  Must be between 2023-11-16 '
                                        '00:00:00 and 2024-02-14 00:00:00.']}],
                     7: [{'TimeStamp': ['The date 2023-11-10 00:00:00 is out '
                                        'of range.  Must be between 2023-11-16 '
                                        '00:00:00 and 2024-02-14 '
                                        '00:00:00.']}]}]},
 435: {'Accounts': [{1: [{'TimeStamp': ['The date 2023-11-11 00:00:00 is out '
                                        'of range.  Must be between 2023-11-16 '
                                        '00:00:00 and 2024-02-14 00:00:00.']}],
                     9: [{'TimeStamp': ['The date 2023-11-09 00:00:00 is out '
                                        'of range.  Must be between 2023-11-16 '
                                        '00:00:00 and 2024-02-14 '
                                        '00:00:00.']}]}]},
 436: {'Accounts': [{0: [{'TimeStamp': ['The date 2023-11-12 00:00:00 is out '
                                        'of range.  Must be between 2023-11-16 '
                                        '00:00:00 and 2024-02-14 '
                                        '00:00:00.']}]}]},
 440: {'Accounts': [{3: [{'TimeStamp': ['The date 2023-11-13 00:00:00 is out '
                                        'of range.  Must be between 2023-11-16 '
                                        '00:00:00 and 2024-02-14 '
                                        '00:00:00.']}]}]},
 441: {'Accounts': [{4: [{'TimeStamp': ['The date 2023-11-08 00:00:00 is out '
                                        'of range.  Must be between 2023-11-16 '
                                        '00:00:00 and 2024-02-14 00:00:00.']}],
                     13: [{'TimeStamp': ['The date 2023-11-09 00:00:00 is out '
                                         'of range.  Must be between '
                                         '2023-11-16 00:00:00 and 2024-02-14 '
                                         '00:00:00.']}]}]},
 446: {'Accounts': [{3: [{'TimeStamp': ['The date 2023-11-10 00:00:00 is out '
                                        'of range.  Must be between 2023-11-16 '
                                        '00:00:00 and 2024-02-14 '
                                        '00:00:00.']}]}]},
 447: {'Accounts': [{10: [{'TimeStamp': ['The date 2023-11-14 00:00:00 is out '
                                         'of range.  Must be between '
                                         '2023-11-16 00:00:00 and 2024-02-14 '
                                         '00:00:00.']}]}]},
 453: {'Accounts': [{2: [{'TimeStamp': ['The date 2023-11-10 00:00:00 is out '
                                        'of range.  Must be between 2023-11-16 '
                                        '00:00:00 and 2024-02-14 '
                                        '00:00:00.']}]}]},
 455: {'Accounts': [{5: [{'TimeStamp': ['The date 2023-11-10 00:00:00 is out '
                                        'of range.  Must be between 2023-11-16 '
                                        '00:00:00 and 2024-02-14 00:00:00.']}],
                     6: [{'TimeStamp': ['The date 2023-11-15 00:00:00 is out '
                                        'of range.  Must be between 2023-11-16 '
                                        '00:00:00 and 2024-02-14 00:00:00.']}],
                     8: [{'TimeStamp': ['The date 2023-11-14 00:00:00 is out '
                                        'of range.  Must be between 2023-11-16 '
                                        '00:00:00 and 2024-02-14 00:00:00.']}],
                     12: [{'TimeStamp': ['The date 2023-11-13 00:00:00 is out '
                                         'of range.  Must be between '
                                         '2023-11-16 00:00:00 and 2024-02-14 '
                                         '00:00:00.']}],
                     13: [{'TimeStamp': ['The date 2023-11-09 00:00:00 is out '
                                         'of range.  Must be between '
                                         '2023-11-16 00:00:00 and 2024-02-14 '
                                         '00:00:00.']}],
                     16: [{'TimeStamp': ['The date 2023-11-15 00:00:00 is out '
                                         'of range.  Must be between '
                                         '2023-11-16 00:00:00 and 2024-02-14 '
                                         '00:00:00.']}]}]},
 456: {'Accounts': [{11: [{'TimeStamp': ['The date 2023-11-09 00:00:00 is out '
                                         'of range.  Must be between '
                                         '2023-11-16 00:00:00 and 2024-02-14 '
                                         '00:00:00.']}],
                     17: [{'TimeStamp': ['The date 2023-11-15 00:00:00 is out '
                                         'of range.  Must be between '
                                         '2023-11-16 00:00:00 and 2024-02-14 '
                                         '00:00:00.']}]}]},
 457: {'Accounts': [{0: [{'TimeStamp': ['The date 2023-11-11 00:00:00 is out '
                                        'of range.  Must be between 2023-11-16 '
                                        '00:00:00 and 2024-02-14 '
                                        '00:00:00.']}]}]},
 458: {'Accounts': [{3: [{'TimeStamp': ['The date 2023-11-13 00:00:00 is out '
                                        'of range.  Must be between 2023-11-16 '
                                        '00:00:00 and 2024-02-14 '
                                        '00:00:00.']}]}]},
 459: {'Accounts': [{0: [{'TimeStamp': ['The date 2023-11-09 00:00:00 is out '
                                        'of range.  Must be between 2023-11-16 '
                                        '00:00:00 and 2024-02-14 00:00:00.']}],
                     5: [{'TimeStamp': ['The date 2023-11-15 00:00:00 is out '
                                        'of range.  Must be between 2023-11-16 '
                                        '00:00:00 and 2024-02-14 '
                                        '00:00:00.']}]}]},
 462: {'Accounts': [{2: [{'TimeStamp': ['The date 2023-11-12 00:00:00 is out '
                                        'of range.  Must be between 2023-11-16 '
                                        '00:00:00 and 2024-02-14 '
                                        '00:00:00.']}]}]},
 466: {'Accounts': [{3: [{'TimeStamp': ['The date 2023-11-11 00:00:00 is out '
                                        'of range.  Must be between 2023-11-16 '
                                        '00:00:00 and 2024-02-14 00:00:00.']}],
                     7: [{'TimeStamp': ['The date 2023-11-15 00:00:00 is out '
                                        'of range.  Must be between 2023-11-16 '
                                        '00:00:00 and 2024-02-14 '
                                        '00:00:00.']}]}]},
 467: {'Accounts': [{11: [{'TimeStamp': ['The date 2023-11-13 00:00:00 is out '
                                         'of range.  Must be between '
                                         '2023-11-16 00:00:00 and 2024-02-14 '
                                         '00:00:00.']}],
                     15: [{'TimeStamp': ['The date 2023-11-13 00:00:00 is out '
                                         'of range.  Must be between '
                                         '2023-11-16 00:00:00 and 2024-02-14 '
                                         '00:00:00.']}]}]},
 470: {'Accounts': [{5: [{'TimeStamp': ['The date 2023-11-08 00:00:00 is out '
                                        'of range.  Must be between 2023-11-16 '
                                        '00:00:00 and 2024-02-14 00:00:00.']}],
                     7: [{'TimeStamp': ['The date 2023-11-12 00:00:00 is out '
                                        'of range.  Must be between 2023-11-16 '
                                        '00:00:00 and 2024-02-14 '
                                        '00:00:00.']}]}]},
 473: {'Accounts': [{6: [{'TimeStamp': ['The date 2023-11-09 00:00:00 is out '
                                        'of range.  Must be between 2023-11-16 '
                                        '00:00:00 and 2024-02-14 '
                                        '00:00:00.']}]}]},
 477: {'Accounts': [{0: [{'TimeStamp': ['The date 2023-11-09 00:00:00 is out '
                                        'of range.  Must be between 2023-11-16 '
                                        '00:00:00 and 2024-02-14 '
                                        '00:00:00.']}]}]},
 480: {'Accounts': [{0: [{'TimeStamp': ['The date 2023-11-12 00:00:00 is out '
                                        'of range.  Must be between 2023-11-16 '
                                        '00:00:00 and 2024-02-14 '
                                        '00:00:00.']}]}]},
 481: {'Accounts': [{3: [{'TimeStamp': ['The date 2023-11-09 00:00:00 is out '
                                        'of range.  Must be between 2023-11-16 '
                                        '00:00:00 and 2024-02-14 '
                                        '00:00:00.']}]}]},
 483: {'Accounts': [{9: [{'TimeStamp': ['The date 2023-11-15 00:00:00 is out '
                                        'of range.  Must be between 2023-11-16 '
                                        '00:00:00 and 2024-02-14 '
                                        '00:00:00.']}]}]},
 485: {'Accounts': [{1: [{'TimeStamp': ['The date 2023-11-10 00:00:00 is out '
                                        'of range.  Must be between 2023-11-16 '
                                        '00:00:00 and 2024-02-14 00:00:00.']}],
                     3: [{'TimeStamp': ['The date 2023-11-15 00:00:00 is out '
                                        'of range.  Must be between 2023-11-16 '
                                        '00:00:00 and 2024-02-14 00:00:00.']}],
                     4: [{'TimeStamp': ['The date 2023-11-10 00:00:00 is out '
                                        'of range.  Must be between 2023-11-16 '
                                        '00:00:00 and 2024-02-14 00:00:00.']}],
                     16: [{'TimeStamp': ['The date 2023-11-08 00:00:00 is out '
                                         'of range.  Must be between '
                                         '2023-11-16 00:00:00 and 2024-02-14 '
                                         '00:00:00.']}],
                     19: [{'TimeStamp': ['The date 2023-11-10 00:00:00 is out '
                                         'of range.  Must be between '
                                         '2023-11-16 00:00:00 and 2024-02-14 '
                                         '00:00:00.']}]}]},
 487: {'Accounts': [{3: [{'TimeStamp': ['The date 2023-11-13 00:00:00 is out '
                                        'of range.  Must be between 2023-11-16 '
                                        '00:00:00 and 2024-02-14 00:00:00.']}],
                     5: [{'TimeStamp': ['The date 2023-11-08 00:00:00 is out '
                                        'of range.  Must be between 2023-11-16 '
                                        '00:00:00 and 2024-02-14 '
                                        '00:00:00.']}]}]},
 488: {'Accounts': [{1: [{'TimeStamp': ['The date 2023-11-14 00:00:00 is out '
                                        'of range.  Must be between 2023-11-16 '
                                        '00:00:00 and 2024-02-14 00:00:00.']}],
                     11: [{'TimeStamp': ['The date 2023-11-13 00:00:00 is out '
                                         'of range.  Must be between '
                                         '2023-11-16 00:00:00 and 2024-02-14 '
                                         '00:00:00.']}]}]},
 491: {'Accounts': [{8: [{'TimeStamp': ['The date 2023-11-09 00:00:00 is out '
                                        'of range.  Must be between 2023-11-16 '
                                        '00:00:00 and 2024-02-14 '
                                        '00:00:00.']}]}]},
 493: {'Accounts': [{3: [{'TimeStamp': ['The date 2023-11-14 00:00:00 is out '
                                        'of range.  Must be between 2023-11-16 '
                                        '00:00:00 and 2024-02-14 '
                                        '00:00:00.']}]}]},
 494: {'Accounts': [{9: [{'TimeStamp': ['The date 2023-11-09 00:00:00 is out '
                                        'of range.  Must be between 2023-11-16 '
                                        '00:00:00 and 2024-02-14 '
                                        '00:00:00.']}]}]},
 495: {'Accounts': [{2: [{'TimeStamp': ['The date 2023-11-09 00:00:00 is out '
                                        'of range.  Must be between 2023-11-16 '
                                        '00:00:00 and 2024-02-14 00:00:00.']}],
                     4: [{'TimeStamp': ['The date 2023-11-09 00:00:00 is out '
                                        'of range.  Must be between 2023-11-16 '
                                        '00:00:00 and 2024-02-14 '
                                        '00:00:00.']}]}]},
 496: {'Accounts': [{0: [{'TimeStamp': ['The date 2023-11-14 00:00:00 is out '
                                        'of range.  Must be between 2023-11-16 '
                                        '00:00:00 and 2024-02-14 00:00:00.']}],
                     2: [{'TimeStamp': ['The date 2023-11-13 00:00:00 is out '
                                        'of range.  Must be between 2023-11-16 '
                                        '00:00:00 and 2024-02-14 '
                                        '00:00:00.']}]}]},
 497: {'Accounts': [{2: [{'TimeStamp': ['The date 2023-11-14 00:00:00 is out '
                                        'of range.  Must be between 2023-11-16 '
                                        '00:00:00 and 2024-02-14 '
                                        '00:00:00.']}]}]},
 498: {'Accounts': [{3: [{'TimeStamp': ['The date 2023-11-12 00:00:00 is out '
                                        'of range.  Must be between 2023-11-16 '
                                        '00:00:00 and 2024-02-14 00:00:00.']}],
                     10: [{'TimeStamp': ['The date 2023-11-15 00:00:00 is out '
                                         'of range.  Must be between '
                                         '2023-11-16 00:00:00 and 2024-02-14 '
                                         '00:00:00.']}]}]},
 499: {'Accounts': [{10: [{'TimeStamp': ['The date 2023-11-12 00:00:00 is out '
                                         'of range.  Must be between '
                                         '2023-11-16 00:00:00 and 2024-02-14 '
                                         '00:00:00.']}],
                     12: [{'TimeStamp': ['The date 2023-11-14 00:00:00 is out '
                                         'of range.  Must be between '
                                         '2023-11-16 00:00:00 and 2024-02-14 '
                                         '00:00:00.']}]}]},
 502: {'Accounts': [{5: [{'TimeStamp': ['The date 2023-11-12 00:00:00 is out '
                                        'of range.  Must be between 2023-11-16 '
                                        '00:00:00 and 2024-02-14 '
                                        '00:00:00.']}]}]},
 504: {'Accounts': [{6: [{'TimeStamp': ['The date 2023-11-15 00:00:00 is out '
                                        'of range.  Must be between 2023-11-16 '
                                        '00:00:00 and 2024-02-14 00:00:00.']}],
                     10: [{'TimeStamp': ['The date 2023-11-10 00:00:00 is out '
                                         'of range.  Must be between '
                                         '2023-11-16 00:00:00 and 2024-02-14 '
                                         '00:00:00.']}]}]},
 508: {'Accounts': [{4: [{'TimeStamp': ['The date 2023-11-11 00:00:00 is out '
                                        'of range.  Must be between 2023-11-16 '
                                        '00:00:00 and 2024-02-14 00:00:00.']}],
                     8: [{'TimeStamp': ['The date 2023-11-15 00:00:00 is out '
                                        'of range.  Must be between 2023-11-16 '
                                        '00:00:00 and 2024-02-14 '
                                        '00:00:00.']}]}]},
 510: {'Accounts': [{1: [{'TimeStamp': ['The date 2023-11-09 00:00:00 is out '
                                        'of range.  Must be between 2023-11-16 '
                                        '00:00:00 and 2024-02-14 00:00:00.']}],
                     15: [{'TimeStamp': ['The date 2023-11-12 00:00:00 is out '
                                         'of range.  Must be between '
                                         '2023-11-16 00:00:00 and 2024-02-14 '
                                         '00:00:00.']}]}]},
 511: {'Accounts': [{0: [{'TimeStamp': ['The date 2023-11-13 00:00:00 is out '
                                        'of range.  Must be between 2023-11-16 '
                                        '00:00:00 and 2024-02-14 '
                                        '00:00:00.']}]}]},
 512: {'Accounts': [{7: [{'TimeStamp': ['The date 2023-11-10 00:00:00 is out '
                                        'of range.  Must be between 2023-11-16 '
                                        '00:00:00 and 2024-02-14 '
                                        '00:00:00.']}]}]},
 514: {'Accounts': [{14: [{'TimeStamp': ['The date 2023-11-14 00:00:00 is out '
                                         'of range.  Must be between '
                                         '2023-11-16 00:00:00 and 2024-02-14 '
                                         '00:00:00.']}]}]},
 515: {'Accounts': [{0: [{'TimeStamp': ['The date 2023-11-12 00:00:00 is out '
                                        'of range.  Must be between 2023-11-16 '
                                        '00:00:00 and 2024-02-14 '
                                        '00:00:00.']}]}]},
 516: {'Accounts': [{1: [{'TimeStamp': ['The date 2023-11-15 00:00:00 is out '
                                        'of range.  Must be between 2023-11-16 '
                                        '00:00:00 and 2024-02-14 00:00:00.']}],
                     2: [{'TimeStamp': ['The date 2023-11-09 00:00:00 is out '
                                        'of range.  Must be between 2023-11-16 '
                                        '00:00:00 and 2024-02-14 '
                                        '00:00:00.']}]}]},
 520: {'Accounts': [{2: [{'TimeStamp': ['The date 2023-11-09 00:00:00 is out '
                                        'of range.  Must be between 2023-11-16 '
                                        '00:00:00 and 2024-02-14 00:00:00.']}],
                     3: [{'TimeStamp': ['The date 2023-11-08 00:00:00 is out '
                                        'of range.  Must be between 2023-11-16 '
                                        '00:00:00 and 2024-02-14 00:00:00.']}],
                     5: [{'TimeStamp': ['The date 2023-11-08 00:00:00 is out '
                                        'of range.  Must be between 2023-11-16 '
                                        '00:00:00 and 2024-02-14 '
                                        '00:00:00.']}]}]},
 527: {'Accounts': [{7: [{'TimeStamp': ['The date 2023-11-11 00:00:00 is out '
                                        'of range.  Must be between 2023-11-16 '
                                        '00:00:00 and 2024-02-14 '
                                        '00:00:00.']}]}]},
 528: {'Accounts': [{8: [{'TimeStamp': ['The date 2023-11-10 00:00:00 is out '
                                        'of range.  Must be between 2023-11-16 '
                                        '00:00:00 and 2024-02-14 '
                                        '00:00:00.']}]}]},
 529: {'Accounts': [{3: [{'TimeStamp': ['The date 2023-11-08 00:00:00 is out '
                                        'of range.  Must be between 2023-11-16 '
                                        '00:00:00 and 2024-02-14 00:00:00.']}],
                     8: [{'TimeStamp': ['The date 2023-11-15 00:00:00 is out '
                                        'of range.  Must be between 2023-11-16 '
                                        '00:00:00 and 2024-02-14 00:00:00.']}],
                     9: [{'TimeStamp': ['The date 2023-11-08 00:00:00 is out '
                                        'of range.  Must be between 2023-11-16 '
                                        '00:00:00 and 2024-02-14 00:00:00.']}],
                     16: [{'TimeStamp': ['The date 2023-11-12 00:00:00 is out '
                                         'of range.  Must be between '
                                         '2023-11-16 00:00:00 and 2024-02-14 '
                                         '00:00:00.']}]}]},
 530: {'Accounts': [{0: [{'TimeStamp': ['The date 2023-11-12 00:00:00 is out '
                                        'of range.  Must be between 2023-11-16 '
                                        '00:00:00 and 2024-02-14 '
                                        '00:00:00.']}]}]},
 532: {'Accounts': [{2: [{'TimeStamp': ['The date 2023-11-08 00:00:00 is out '
                                        'of range.  Must be between 2023-11-16 '
                                        '00:00:00 and 2024-02-14 00:00:00.']}],
                     3: [{'TimeStamp': ['The date 2023-11-15 00:00:00 is out '
                                        'of range.  Must be between 2023-11-16 '
                                        '00:00:00 and 2024-02-14 '
                                        '00:00:00.']}]}]},
 534: {'Accounts': [{0: [{'TimeStamp': ['The date 2023-11-13 00:00:00 is out '
                                        'of range.  Must be between 2023-11-16 '
                                        '00:00:00 and 2024-02-14 00:00:00.']}],
                     4: [{'TimeStamp': ['The date 2023-11-14 00:00:00 is out '
                                        'of range.  Must be between 2023-11-16 '
                                        '00:00:00 and 2024-02-14 '
                                        '00:00:00.']}]}]},
 535: {'Accounts': [{3: [{'TimeStamp': ['The date 2023-11-15 00:00:00 is out '
                                        'of range.  Must be between 2023-11-16 '
                                        '00:00:00 and 2024-02-14 '
                                        '00:00:00.']}]}]},
 538: {'Accounts': [{2: [{'TimeStamp': ['The date 2023-11-09 00:00:00 is out '
                                        'of range.  Must be between 2023-11-16 '
                                        '00:00:00 and 2024-02-14 '
                                        '00:00:00.']}]}]},
 540: {'Accounts': [{3: [{'TimeStamp': ['The date 2023-11-14 00:00:00 is out '
                                        'of range.  Must be between 2023-11-16 '
                                        '00:00:00 and 2024-02-14 '
                                        '00:00:00.']}]}]},
 541: {'Accounts': [{3: [{'TimeStamp': ['The date 2023-11-15 00:00:00 is out '
                                        'of range.  Must be between 2023-11-16 '
                                        '00:00:00 and 2024-02-14 00:00:00.']}],
                     5: [{'TimeStamp': ['The date 2023-11-13 00:00:00 is out '
                                        'of range.  Must be between 2023-11-16 '
                                        '00:00:00 and 2024-02-14 '
                                        '00:00:00.']}]}]},
 542: {'Accounts': [{3: [{'TimeStamp': ['The date 2023-11-14 00:00:00 is out '
                                        'of range.  Must be between 2023-11-16 '
                                        '00:00:00 and 2024-02-14 '
                                        '00:00:00.']}]}]},
 544: {'Accounts': [{0: [{'TimeStamp': ['The date 2023-11-13 00:00:00 is out '
                                        'of range.  Must be between 2023-11-16 '
                                        '00:00:00 and 2024-02-14 00:00:00.']}],
                     8: [{'TimeStamp': ['The date 2023-11-12 00:00:00 is out '
                                        'of range.  Must be between 2023-11-16 '
                                        '00:00:00 and 2024-02-14 00:00:00.']}],
                     10: [{'TimeStamp': ['The date 2023-11-10 00:00:00 is out '
                                         'of range.  Must be between '
                                         '2023-11-16 00:00:00 and 2024-02-14 '
                                         '00:00:00.']}],
                     13: [{'TimeStamp': ['The date 2023-11-09 00:00:00 is out '
                                         'of range.  Must be between '
                                         '2023-11-16 00:00:00 and 2024-02-14 '
                                         '00:00:00.']}]}]},
 549: {'Accounts': [{6: [{'TimeStamp': ['The date 2023-11-08 00:00:00 is out '
                                        'of range.  Must be between 2023-11-16 '
                                        '00:00:00 and 2024-02-14 00:00:00.']}],
                     9: [{'TimeStamp': ['The date 2023-11-09 00:00:00 is out '
                                        'of range.  Must be between 2023-11-16 '
                                        '00:00:00 and 2024-02-14 00:00:00.']}],
                     10: [{'TimeStamp': ['The date 2023-11-09 00:00:00 is out '
                                         'of range.  Must be between '
                                         '2023-11-16 00:00:00 and 2024-02-14 '
                                         '00:00:00.']}]}]},
 550: {'Accounts': [{11: [{'TimeStamp': ['The date 2023-11-12 00:00:00 is out '
                                         'of range.  Must be between '
                                         '2023-11-16 00:00:00 and 2024-02-14 '
                                         '00:00:00.']}],
                     17: [{'TimeStamp': ['The date 2023-11-11 00:00:00 is out '
                                         'of range.  Must be between '
                                         '2023-11-16 00:00:00 and 2024-02-14 '
                                         '00:00:00.']}]}]},
 552: {'Accounts': [{8: [{'TimeStamp': ['The date 2023-11-08 00:00:00 is out '
                                        'of range.  Must be between 2023-11-16 '
                                        '00:00:00 and 2024-02-14 00:00:00.']}],
                     10: [{'TimeStamp': ['The date 2023-11-09 00:00:00 is out '
                                         'of range.  Must be between '
                                         '2023-11-16 00:00:00 and 2024-02-14 '
                                         '00:00:00.']}]}]},
 553: {'Accounts': [{1: [{'TimeStamp': ['The date 2023-11-10 00:00:00 is out '
                                        'of range.  Must be between 2023-11-16 '
                                        '00:00:00 and 2024-02-14 '
                                        '00:00:00.']}]}]},
 558: {'Accounts': [{0: [{'TimeStamp': ['The date 2023-11-08 00:00:00 is out '
                                        'of range.  Must be between 2023-11-16 '
                                        '00:00:00 and 2024-02-14 00:00:00.']}],
                     16: [{'TimeStamp': ['The date 2023-11-09 00:00:00 is out '
                                         'of range.  Must be between '
                                         '2023-11-16 00:00:00 and 2024-02-14 '
                                         '00:00:00.']}]}]},
 559: {'Accounts': [{3: [{'TimeStamp': ['The date 2023-11-15 00:00:00 is out '
                                        'of range.  Must be between 2023-11-16 '
                                        '00:00:00 and 2024-02-14 '
                                        '00:00:00.']}]}]},
 560: {'Accounts': [{14: [{'TimeStamp': ['The date 2023-11-11 00:00:00 is out '
                                         'of range.  Must be between '
                                         '2023-11-16 00:00:00 and 2024-02-14 '
                                         '00:00:00.']}]}]},
 561: {'Accounts': [{2: [{'TimeStamp': ['The date 2023-11-12 00:00:00 is out '
                                        'of range.  Must be between 2023-11-16 '
                                        '00:00:00 and 2024-02-14 00:00:00.']}],
                     3: [{'TimeStamp': ['The date 2023-11-10 00:00:00 is out '
                                        'of range.  Must be between 2023-11-16 '
                                        '00:00:00 and 2024-02-14 00:00:00.']}],
                     6: [{'TimeStamp': ['The date 2023-11-12 00:00:00 is out '
                                        'of range.  Must be between 2023-11-16 '
                                        '00:00:00 and 2024-02-14 00:00:00.']}],
                     8: [{'TimeStamp': ['The date 2023-11-13 00:00:00 is out '
                                        'of range.  Must be between 2023-11-16 '
                                        '00:00:00 and 2024-02-14 '
                                        '00:00:00.']}]}]},
 562: {'Accounts': [{5: [{'TimeStamp': ['The date 2023-11-11 00:00:00 is out '
                                        'of range.  Must be between 2023-11-16 '
                                        '00:00:00 and 2024-02-14 '
                                        '00:00:00.']}]}]},
 565: {'Accounts': [{5: [{'TimeStamp': ['The date 2023-11-08 00:00:00 is out '
                                        'of range.  Must be between 2023-11-16 '
                                        '00:00:00 and 2024-02-14 '
                                        '00:00:00.']}]}]},
 567: {'Accounts': [{3: [{'TimeStamp': ['The date 2023-11-09 00:00:00 is out '
                                        'of range.  Must be between 2023-11-16 '
                                        '00:00:00 and 2024-02-14 00:00:00.']}],
                     6: [{'TimeStamp': ['The date 2023-11-15 00:00:00 is out '
                                        'of range.  Must be between 2023-11-16 '
                                        '00:00:00 and 2024-02-14 '
                                        '00:00:00.']}]}]},
 568: {'Accounts': [{11: [{'TimeStamp': ['The date 2023-11-08 00:00:00 is out '
                                         'of range.  Must be between '
                                         '2023-11-16 00:00:00 and 2024-02-14 '
                                         '00:00:00.']}],
                     14: [{'TimeStamp': ['The date 2023-11-09 00:00:00 is out '
                                         'of range.  Must be between '
                                         '2023-11-16 00:00:00 and 2024-02-14 '
                                         '00:00:00.']}]}]},
 575: {'Accounts': [{11: [{'TimeStamp': ['The date 2023-11-10 00:00:00 is out '
                                         'of range.  Must be between '
                                         '2023-11-16 00:00:00 and 2024-02-14 '
                                         '00:00:00.']}]}]},
 576: {'Accounts': [{4: [{'TimeStamp': ['The date 2023-11-09 00:00:00 is out '
                                        'of range.  Must be between 2023-11-16 '
                                        '00:00:00 and 2024-02-14 '
                                        '00:00:00.']}]}]},
 578: {'Accounts': [{1: [{'TimeStamp': ['The date 2023-11-13 00:00:00 is out '
                                        'of range.  Must be between 2023-11-16 '
                                        '00:00:00 and 2024-02-14 '
                                        '00:00:00.']}]}]},
 580: {'Accounts': [{1: [{'TimeStamp': ['The date 2023-11-13 00:00:00 is out '
                                        'of range.  Must be between 2023-11-16 '
                                        '00:00:00 and 2024-02-14 00:00:00.']}],
                     8: [{'TimeStamp': ['The date 2023-11-08 00:00:00 is out '
                                        'of range.  Must be between 2023-11-16 '
                                        '00:00:00 and 2024-02-14 '
                                        '00:00:00.']}]}]},
 582: {'Accounts': [{3: [{'TimeStamp': ['The date 2023-11-15 00:00:00 is out '
                                        'of range.  Must be between 2023-11-16 '
                                        '00:00:00 and 2024-02-14 '
                                        '00:00:00.']}]}]},
 585: {'Accounts': [{4: [{'TimeStamp': ['The date 2023-11-15 00:00:00 is out '
                                        'of range.  Must be between 2023-11-16 '
                                        '00:00:00 and 2024-02-14 00:00:00.']}],
                     7: [{'TimeStamp': ['The date 2023-11-14 00:00:00 is out '
                                        'of range.  Must be between 2023-11-16 '
                                        '00:00:00 and 2024-02-14 '
                                        '00:00:00.']}]}]},
 586: {'Accounts': [{4: [{'TimeStamp': ['The date 2023-11-12 00:00:00 is out '
                                        'of range.  Must be between 2023-11-16 '
                                        '00:00:00 and 2024-02-14 '
                                        '00:00:00.']}]}]},
 587: {'Accounts': [{12: [{'TimeStamp': ['The date 2023-11-13 00:00:00 is out '
                                         'of range.  Must be between '
                                         '2023-11-16 00:00:00 and 2024-02-14 '
                                         '00:00:00.']}]}]},
 588: {'Accounts': [{1: [{'TimeStamp': ['The date 2023-11-12 00:00:00 is out '
                                        'of range.  Must be between 2023-11-16 '
                                        '00:00:00 and 2024-02-14 00:00:00.']}],
                     9: [{'TimeStamp': ['The date 2023-11-10 00:00:00 is out '
                                        'of range.  Must be between 2023-11-16 '
                                        '00:00:00 and 2024-02-14 '
                                        '00:00:00.']}]}]},
 589: {'Accounts': [{4: [{'TimeStamp': ['The date 2023-11-14 00:00:00 is out '
                                        'of range.  Must be between 2023-11-16 '
                                        '00:00:00 and 2024-02-14 '
                                        '00:00:00.']}]}]},
 591: {'Accounts': [{9: [{'TimeStamp': ['The date 2023-11-13 00:00:00 is out '
                                        'of range.  Must be between 2023-11-16 '
                                        '00:00:00 and 2024-02-14 '
                                        '00:00:00.']}]}]},
 592: {'Accounts': [{5: [{'TimeStamp': ['The date 2023-11-15 00:00:00 is out '
                                        'of range.  Must be between 2023-11-16 '
                                        '00:00:00 and 2024-02-14 '
                                        '00:00:00.']}]}]},
 594: {'Accounts': [{13: [{'TimeStamp': ['The date 2023-11-11 00:00:00 is out '
                                         'of range.  Must be between '
                                         '2023-11-16 00:00:00 and 2024-02-14 '
                                         '00:00:00.']}],
                     14: [{'TimeStamp': ['The date 2023-11-15 00:00:00 is out '
                                         'of range.  Must be between '
                                         '2023-11-16 00:00:00 and 2024-02-14 '
                                         '00:00:00.']}],
                     18: [{'TimeStamp': ['The date 2023-11-15 00:00:00 is out '
                                         'of range.  Must be between '
                                         '2023-11-16 00:00:00 and 2024-02-14 '
                                         '00:00:00.']}]}]},
 595: {'Accounts': [{1: [{'TimeStamp': ['The date 2023-11-09 00:00:00 is out '
                                        'of range.  Must be between 2023-11-16 '
                                        '00:00:00 and 2024-02-14 '
                                        '00:00:00.']}]}]},
 597: {'Accounts': [{1: [{'TimeStamp': ['The date 2023-11-08 00:00:00 is out '
                                        'of range.  Must be between 2023-11-16 '
                                        '00:00:00 and 2024-02-14 00:00:00.']}],
                     7: [{'TimeStamp': ['The date 2023-11-11 00:00:00 is out '
                                        'of range.  Must be between 2023-11-16 '
                                        '00:00:00 and 2024-02-14 '
                                        '00:00:00.']}]}]},
 598: {'Accounts': [{8: [{'TimeStamp': ['The date 2023-11-13 00:00:00 is out '
                                        'of range.  Must be between 2023-11-16 '
                                        '00:00:00 and 2024-02-14 '
                                        '00:00:00.']}]}]},
 599: {'Accounts': [{6: [{'TimeStamp': ['The date 2023-11-14 00:00:00 is out '
                                        'of range.  Must be between 2023-11-16 '
                                        '00:00:00 and 2024-02-14 00:00:00.']}],
                     12: [{'TimeStamp': ['The date 2023-11-15 00:00:00 is out '
                                         'of range.  Must be between '
                                         '2023-11-16 00:00:00 and 2024-02-14 '
                                         '00:00:00.']}]}]},
 600: {'Accounts': [{4: [{'TimeStamp': ['The date 2023-11-12 00:00:00 is out '
                                        'of range.  Must be between 2023-11-16 '
                                        '00:00:00 and 2024-02-14 00:00:00.']}],
                     13: [{'TimeStamp': ['The date 2023-11-08 00:00:00 is out '
                                         'of range.  Must be between '
                                         '2023-11-16 00:00:00 and 2024-02-14 '
                                         '00:00:00.']}]}]},
 601: {'Accounts': [{9: [{'TimeStamp': ['The date 2023-11-11 00:00:00 is out '
                                        'of range.  Must be between 2023-11-16 '
                                        '00:00:00 and 2024-02-14 00:00:00.']}],
                     14: [{'TimeStamp': ['The date 2023-11-10 00:00:00 is out '
                                         'of range.  Must be between '
                                         '2023-11-16 00:00:00 and 2024-02-14 '
                                         '00:00:00.']}]}]},
 604: {'Accounts': [{3: [{'TimeStamp': ['The date 2023-11-12 00:00:00 is out '
                                        'of range.  Must be between 2023-11-16 '
                                        '00:00:00 and 2024-02-14 '
                                        '00:00:00.']}]}]},
 605: {'Accounts': [{2: [{'TimeStamp': ['The date 2023-11-12 00:00:00 is out '
                                        'of range.  Must be between 2023-11-16 '
                                        '00:00:00 and 2024-02-14 00:00:00.']}],
                     8: [{'TimeStamp': ['The date 2023-11-12 00:00:00 is out '
                                        'of range.  Must be between 2023-11-16 '
                                        '00:00:00 and 2024-02-14 '
                                        '00:00:00.']}]}]},
 607: {'Accounts': [{0: [{'TimeStamp': ['The date 2023-11-15 00:00:00 is out '
                                        'of range.  Must be between 2023-11-16 '
                                        '00:00:00 and 2024-02-14 00:00:00.']}],
                     4: [{'TimeStamp': ['The date 2023-11-08 00:00:00 is out '
                                        'of range.  Must be between 2023-11-16 '
                                        '00:00:00 and 2024-02-14 '
                                        '00:00:00.']}]}]},
 611: {'Accounts': [{8: [{'TimeStamp': ['The date 2023-11-15 00:00:00 is out '
                                        'of range.  Must be between 2023-11-16 '
                                        '00:00:00 and 2024-02-14 00:00:00.']}],
                     12: [{'TimeStamp': ['The date 2023-11-08 00:00:00 is out '
                                         'of range.  Must be between '
                                         '2023-11-16 00:00:00 and 2024-02-14 '
                                         '00:00:00.']}],
                     13: [{'TimeStamp': ['The date 2023-11-12 00:00:00 is out '
                                         'of range.  Must be between '
                                         '2023-11-16 00:00:00 and 2024-02-14 '
                                         '00:00:00.']}]}]},
 612: {'Accounts': [{1: [{'TimeStamp': ['The date 2023-11-11 00:00:00 is out '
                                        'of range.  Must be between 2023-11-16 '
                                        '00:00:00 and 2024-02-14 00:00:00.']}],
                     5: [{'TimeStamp': ['The date 2023-11-13 00:00:00 is out '
                                        'of range.  Must be between 2023-11-16 '
                                        '00:00:00 and 2024-02-14 00:00:00.']}],
                     10: [{'TimeStamp': ['The date 2023-11-13 00:00:00 is out '
                                         'of range.  Must be between '
                                         '2023-11-16 00:00:00 and 2024-02-14 '
                                         '00:00:00.']}],
                     13: [{'TimeStamp': ['The date 2023-11-15 00:00:00 is out '
                                         'of range.  Must be between '
                                         '2023-11-16 00:00:00 and 2024-02-14 '
                                         '00:00:00.']}]}]},
 613: {'Accounts': [{0: [{'TimeStamp': ['The date 2023-11-08 00:00:00 is out '
                                        'of range.  Must be between 2023-11-16 '
                                        '00:00:00 and 2024-02-14 '
                                        '00:00:00.']}]}]},
 614: {'Accounts': [{10: [{'TimeStamp': ['The date 2023-11-15 00:00:00 is out '
                                         'of range.  Must be between '
                                         '2023-11-16 00:00:00 and 2024-02-14 '
                                         '00:00:00.']}]}]},
 615: {'Accounts': [{11: [{'TimeStamp': ['The date 2023-11-10 00:00:00 is out '
                                         'of range.  Must be between '
                                         '2023-11-16 00:00:00 and 2024-02-14 '
                                         '00:00:00.']}],
                     13: [{'TimeStamp': ['The date 2023-11-15 00:00:00 is out '
                                         'of range.  Must be between '
                                         '2023-11-16 00:00:00 and 2024-02-14 '
                                         '00:00:00.']}]}]},
 616: {'Accounts': [{2: [{'TimeStamp': ['The date 2023-11-10 00:00:00 is out '
                                        'of range.  Must be between 2023-11-16 '
                                        '00:00:00 and 2024-02-14 '
                                        '00:00:00.']}]}]},
 617: {'Accounts': [{2: [{'TimeStamp': ['The date 2023-11-15 00:00:00 is out '
                                        'of range.  Must be between 2023-11-16 '
                                        '00:00:00 and 2024-02-14 00:00:00.']}],
                     6: [{'TimeStamp': ['The date 2023-11-11 00:00:00 is out '
                                        'of range.  Must be between 2023-11-16 '
                                        '00:00:00 and 2024-02-14 '
                                        '00:00:00.']}]}]},
 618: {'Accounts': [{6: [{'TimeStamp': ['The date 2023-11-14 00:00:00 is out '
                                        'of range.  Must be between 2023-11-16 '
                                        '00:00:00 and 2024-02-14 00:00:00.']}],
                     8: [{'TimeStamp': ['The date 2023-11-13 00:00:00 is out '
                                        'of range.  Must be between 2023-11-16 '
                                        '00:00:00 and 2024-02-14 '
                                        '00:00:00.']}]}]},
 620: {'Accounts': [{4: [{'TimeStamp': ['The date 2023-11-15 00:00:00 is out '
                                        'of range.  Must be between 2023-11-16 '
                                        '00:00:00 and 2024-02-14 00:00:00.']}],
                     6: [{'TimeStamp': ['The date 2023-11-12 00:00:00 is out '
                                        'of range.  Must be between 2023-11-16 '
                                        '00:00:00 and 2024-02-14 00:00:00.']}],
                     16: [{'TimeStamp': ['The date 2023-11-12 00:00:00 is out '
                                         'of range.  Must be between '
                                         '2023-11-16 00:00:00 and 2024-02-14 '
                                         '00:00:00.']}]}]},
 623: {'Accounts': [{10: [{'TimeStamp': ['The date 2023-11-09 00:00:00 is out '
                                         'of range.  Must be between '
                                         '2023-11-16 00:00:00 and 2024-02-14 '
                                         '00:00:00.']}],
                     13: [{'TimeStamp': ['The date 2023-11-09 00:00:00 is out '
                                         'of range.  Must be between '
                                         '2023-11-16 00:00:00 and 2024-02-14 '
                                         '00:00:00.']}]}]},
 624: {'Accounts': [{2: [{'TimeStamp': ['The date 2023-11-11 00:00:00 is out '
                                        'of range.  Must be between 2023-11-16 '
                                        '00:00:00 and 2024-02-14 00:00:00.']}],
                     10: [{'TimeStamp': ['The date 2023-11-15 00:00:00 is out '
                                         'of range.  Must be between '
                                         '2023-11-16 00:00:00 and 2024-02-14 '
                                         '00:00:00.']}],
                     11: [{'TimeStamp': ['The date 2023-11-15 00:00:00 is out '
                                         'of range.  Must be between '
                                         '2023-11-16 00:00:00 and 2024-02-14 '
                                         '00:00:00.']}]}]},
 625: {'Accounts': [{8: [{'TimeStamp': ['The date 2023-11-10 00:00:00 is out '
                                        'of range.  Must be between 2023-11-16 '
                                        '00:00:00 and 2024-02-14 '
                                        '00:00:00.']}]}]},
 626: {'Accounts': [{9: [{'TimeStamp': ['The date 2023-11-12 00:00:00 is out '
                                        'of range.  Must be between 2023-11-16 '
                                        '00:00:00 and 2024-02-14 '
                                        '00:00:00.']}]}]},
 630: {'Accounts': [{0: [{'TimeStamp': ['The date 2023-11-15 00:00:00 is out '
                                        'of range.  Must be between 2023-11-16 '
                                        '00:00:00 and 2024-02-14 00:00:00.']}],
                     2: [{'TimeStamp': ['The date 2023-11-12 00:00:00 is out '
                                        'of range.  Must be between 2023-11-16 '
                                        '00:00:00 and 2024-02-14 '
                                        '00:00:00.']}]}]},
 632: {'Accounts': [{3: [{'TimeStamp': ['The date 2023-11-09 00:00:00 is out '
                                        'of range.  Must be between 2023-11-16 '
                                        '00:00:00 and 2024-02-14 00:00:00.']}],
                     4: [{'TimeStamp': ['The date 2023-11-13 00:00:00 is out '
                                        'of range.  Must be between 2023-11-16 '
                                        '00:00:00 and 2024-02-14 00:00:00.']}],
                     8: [{'TimeStamp': ['The date 2023-11-09 00:00:00 is out '
                                        'of range.  Must be between 2023-11-16 '
                                        '00:00:00 and 2024-02-14 00:00:00.']}],
                     13: [{'TimeStamp': ['The date 2023-11-15 00:00:00 is out '
                                         'of range.  Must be between '
                                         '2023-11-16 00:00:00 and 2024-02-14 '
                                         '00:00:00.']}]}]},
 633: {'Accounts': [{6: [{'TimeStamp': ['The date 2023-11-15 00:00:00 is out '
                                        'of range.  Must be between 2023-11-16 '
                                        '00:00:00 and 2024-02-14 '
                                        '00:00:00.']}]}]},
 634: {'Accounts': [{1: [{'TimeStamp': ['The date 2023-11-11 00:00:00 is out '
                                        'of range.  Must be between 2023-11-16 '
                                        '00:00:00 and 2024-02-14 00:00:00.']}],
                     2: [{'TimeStamp': ['The date 2023-11-08 00:00:00 is out '
                                        'of range.  Must be between 2023-11-16 '
                                        '00:00:00 and 2024-02-14 00:00:00.']}],
                     11: [{'TimeStamp': ['The date 2023-11-09 00:00:00 is out '
                                         'of range.  Must be between '
                                         '2023-11-16 00:00:00 and 2024-02-14 '
                                         '00:00:00.']}]}]},
 635: {'Accounts': [{8: [{'TimeStamp': ['The date 2023-11-09 00:00:00 is out '
                                        'of range.  Must be between 2023-11-16 '
                                        '00:00:00 and 2024-02-14 '
                                        '00:00:00.']}]}]},
 636: {'Accounts': [{0: [{'TimeStamp': ['The date 2023-11-08 00:00:00 is out '
                                        'of range.  Must be between 2023-11-16 '
                                        '00:00:00 and 2024-02-14 00:00:00.']}],
                     15: [{'TimeStamp': ['The date 2023-11-12 00:00:00 is out '
                                         'of range.  Must be between '
                                         '2023-11-16 00:00:00 and 2024-02-14 '
                                         '00:00:00.']}]}]},
 637: {'Accounts': [{0: [{'TimeStamp': ['The date 2023-11-10 00:00:00 is out '
                                        'of range.  Must be between 2023-11-16 '
                                        '00:00:00 and 2024-02-14 '
                                        '00:00:00.']}]}]},
 638: {'Accounts': [{3: [{'TimeStamp': ['The date 2023-11-10 00:00:00 is out '
                                        'of range.  Must be between 2023-11-16 '
                                        '00:00:00 and 2024-02-14 00:00:00.']}],
                     7: [{'TimeStamp': ['The date 2023-11-12 00:00:00 is out '
                                        'of range.  Must be between 2023-11-16 '
                                        '00:00:00 and 2024-02-14 '
                                        '00:00:00.']}]}]},
 641: {'Accounts': [{3: [{'TimeStamp': ['The date 2023-11-11 00:00:00 is out '
                                        'of range.  Must be between 2023-11-16 '
                                        '00:00:00 and 2024-02-14 '
                                        '00:00:00.']}]}]},
 642: {'Accounts': [{0: [{'TimeStamp': ['The date 2023-11-14 00:00:00 is out '
                                        'of range.  Must be between 2023-11-16 '
                                        '00:00:00 and 2024-02-14 '
                                        '00:00:00.']}]}]},
 645: {'Accounts': [{5: [{'TimeStamp': ['The date 2023-11-15 00:00:00 is out '
                                        'of range.  Must be between 2023-11-16 '
                                        '00:00:00 and 2024-02-14 00:00:00.']}],
                     10: [{'TimeStamp': ['The date 2023-11-12 00:00:00 is out '
                                         'of range.  Must be between '
                                         '2023-11-16 00:00:00 and 2024-02-14 '
                                         '00:00:00.']}]}]},
 646: {'Accounts': [{0: [{'TimeStamp': ['The date 2023-11-08 00:00:00 is out '
                                        'of range.  Must be between 2023-11-16 '
                                        '00:00:00 and 2024-02-14 00:00:00.']}],
                     1: [{'TimeStamp': ['The date 2023-11-10 00:00:00 is out '
                                        'of range.  Must be between 2023-11-16 '
                                        '00:00:00 and 2024-02-14 00:00:00.']}],
                     7: [{'TimeStamp': ['The date 2023-11-14 00:00:00 is out '
                                        'of range.  Must be between 2023-11-16 '
                                        '00:00:00 and 2024-02-14 '
                                        '00:00:00.']}]}]},
 647: {'Accounts': [{1: [{'TimeStamp': ['The date 2023-11-11 00:00:00 is out '
                                        'of range.  Must be between 2023-11-16 '
                                        '00:00:00 and 2024-02-14 '
                                        '00:00:00.']}]}]},
 648: {'Accounts': [{8: [{'TimeStamp': ['The date 2023-11-14 00:00:00 is out '
                                        'of range.  Must be between 2023-11-16 '
                                        '00:00:00 and 2024-02-14 '
                                        '00:00:00.']}]}]},
 650: {'Accounts': [{3: [{'TimeStamp': ['The date 2023-11-15 00:00:00 is out '
                                        'of range.  Must be between 2023-11-16 '
                                        '00:00:00 and 2024-02-14 '
                                        '00:00:00.']}]}]},
 651: {'Accounts': [{0: [{'TimeStamp': ['The date 2023-11-09 00:00:00 is out '
                                        'of range.  Must be between 2023-11-16 '
                                        '00:00:00 and 2024-02-14 00:00:00.']}],
                     3: [{'TimeStamp': ['The date 2023-11-15 00:00:00 is out '
                                        'of range.  Must be between 2023-11-16 '
                                        '00:00:00 and 2024-02-14 00:00:00.']}],
                     4: [{'TimeStamp': ['The date 2023-11-15 00:00:00 is out '
                                        'of range.  Must be between 2023-11-16 '
                                        '00:00:00 and 2024-02-14 '
                                        '00:00:00.']}]}]},
 652: {'Accounts': [{12: [{'TimeStamp': ['The date 2023-11-08 00:00:00 is out '
                                         'of range.  Must be between '
                                         '2023-11-16 00:00:00 and 2024-02-14 '
                                         '00:00:00.']}]}]},
 653: {'Accounts': [{10: [{'TimeStamp': ['The date 2023-11-08 00:00:00 is out '
                                         'of range.  Must be between '
                                         '2023-11-16 00:00:00 and 2024-02-14 '
                                         '00:00:00.']}]}]},
 656: {'Accounts': [{3: [{'TimeStamp': ['The date 2023-11-08 00:00:00 is out '
                                        'of range.  Must be between 2023-11-16 '
                                        '00:00:00 and 2024-02-14 '
                                        '00:00:00.']}]}]},
 659: {'Accounts': [{0: [{'TimeStamp': ['The date 2023-11-09 00:00:00 is out '
                                        'of range.  Must be between 2023-11-16 '
                                        '00:00:00 and 2024-02-14 '
                                        '00:00:00.']}]}]},
 662: {'Accounts': [{2: [{'TimeStamp': ['The date 2023-11-15 00:00:00 is out '
                                        'of range.  Must be between 2023-11-16 '
                                        '00:00:00 and 2024-02-14 '
                                        '00:00:00.']}]}]},
 663: {'Accounts': [{8: [{'TimeStamp': ['The date 2023-11-10 00:00:00 is out '
                                        'of range.  Must be between 2023-11-16 '
                                        '00:00:00 and 2024-02-14 '
                                        '00:00:00.']}]}]},
 665: {'Accounts': [{7: [{'TimeStamp': ['The date 2023-11-10 00:00:00 is out '
                                        'of range.  Must be between 2023-11-16 '
                                        '00:00:00 and 2024-02-14 00:00:00.']}],
                     14: [{'TimeStamp': ['The date 2023-11-11 00:00:00 is out '
                                         'of range.  Must be between '
                                         '2023-11-16 00:00:00 and 2024-02-14 '
                                         '00:00:00.']}],
                     15: [{'TimeStamp': ['The date 2023-11-10 00:00:00 is out '
                                         'of range.  Must be between '
                                         '2023-11-16 00:00:00 and 2024-02-14 '
                                         '00:00:00.']}],
                     16: [{'TimeStamp': ['The date 2023-11-14 00:00:00 is out '
                                         'of range.  Must be between '
                                         '2023-11-16 00:00:00 and 2024-02-14 '
                                         '00:00:00.']}]}]},
 666: {'Accounts': [{3: [{'TimeStamp': ['The date 2023-11-13 00:00:00 is out '
                                        'of range.  Must be between 2023-11-16 '
                                        '00:00:00 and 2024-02-14 '
                                        '00:00:00.']}]}]},
 667: {'Accounts': [{0: [{'TimeStamp': ['The date 2023-11-09 00:00:00 is out '
                                        'of range.  Must be between 2023-11-16 '
                                        '00:00:00 and 2024-02-14 '
                                        '00:00:00.']}]}]},
 668: {'Accounts': [{4: [{'TimeStamp': ['The date 2023-11-09 00:00:00 is out '
                                        'of range.  Must be between 2023-11-16 '
                                        '00:00:00 and 2024-02-14 00:00:00.']}],
                     8: [{'TimeStamp': ['The date 2023-11-13 00:00:00 is out '
                                        'of range.  Must be between 2023-11-16 '
                                        '00:00:00 and 2024-02-14 00:00:00.']}],
                     9: [{'TimeStamp': ['The date 2023-11-15 00:00:00 is out '
                                        'of range.  Must be between 2023-11-16 '
                                        '00:00:00 and 2024-02-14 '
                                        '00:00:00.']}]}]},
 669: {'Accounts': [{0: [{'TimeStamp': ['The date 2023-11-09 00:00:00 is out '
                                        'of range.  Must be between 2023-11-16 '
                                        '00:00:00 and 2024-02-14 '
                                        '00:00:00.']}]}]},
 671: {'Accounts': [{4: [{'TimeStamp': ['The date 2023-11-15 00:00:00 is out '
                                        'of range.  Must be between 2023-11-16 '
                                        '00:00:00 and 2024-02-14 '
                                        '00:00:00.']}]}]},
 674: {'Accounts': [{3: [{'TimeStamp': ['The date 2023-11-11 00:00:00 is out '
                                        'of range.  Must be between 2023-11-16 '
                                        '00:00:00 and 2024-02-14 '
                                        '00:00:00.']}]}]},
 678: {'Accounts': [{5: [{'TimeStamp': ['The date 2023-11-08 00:00:00 is out '
                                        'of range.  Must be between 2023-11-16 '
                                        '00:00:00 and 2024-02-14 '
                                        '00:00:00.']}]}]},
 681: {'Accounts': [{4: [{'TimeStamp': ['The date 2023-11-12 00:00:00 is out '
                                        'of range.  Must be between 2023-11-16 '
                                        '00:00:00 and 2024-02-14 '
                                        '00:00:00.']}]}]},
 683: {'Accounts': [{3: [{'TimeStamp': ['The date 2023-11-12 00:00:00 is out '
                                        'of range.  Must be between 2023-11-16 '
                                        '00:00:00 and 2024-02-14 00:00:00.']}],
                     7: [{'TimeStamp': ['The date 2023-11-14 00:00:00 is out '
                                        'of range.  Must be between 2023-11-16 '
                                        '00:00:00 and 2024-02-14 00:00:00.']}],
                     11: [{'TimeStamp': ['The date 2023-11-15 00:00:00 is out '
                                         'of range.  Must be between '
                                         '2023-11-16 00:00:00 and 2024-02-14 '
                                         '00:00:00.']}],
                     15: [{'TimeStamp': ['The date 2023-11-12 00:00:00 is out '
                                         'of range.  Must be between '
                                         '2023-11-16 00:00:00 and 2024-02-14 '
                                         '00:00:00.']}],
                     18: [{'TimeStamp': ['The date 2023-11-09 00:00:00 is out '
                                         'of range.  Must be between '
                                         '2023-11-16 00:00:00 and 2024-02-14 '
                                         '00:00:00.']}]}]},
 684: {'Accounts': [{0: [{'TimeStamp': ['The date 2023-11-10 00:00:00 is out '
                                        'of range.  Must be between 2023-11-16 '
                                        '00:00:00 and 2024-02-14 00:00:00.']}],
                     7: [{'TimeStamp': ['The date 2023-11-11 00:00:00 is out '
                                        'of range.  Must be between 2023-11-16 '
                                        '00:00:00 and 2024-02-14 '
                                        '00:00:00.']}]}]},
 685: {'Accounts': [{5: [{'TimeStamp': ['The date 2023-11-11 00:00:00 is out '
                                        'of range.  Must be between 2023-11-16 '
                                        '00:00:00 and 2024-02-14 '
                                        '00:00:00.']}]}]},
 688: {'Accounts': [{4: [{'TimeStamp': ['The date 2023-11-14 00:00:00 is out '
                                        'of range.  Must be between 2023-11-16 '
                                        '00:00:00 and 2024-02-14 '
                                        '00:00:00.']}]}]},
 689: {'Accounts': [{4: [{'TimeStamp': ['The date 2023-11-14 00:00:00 is out '
                                        'of range.  Must be between 2023-11-16 '
                                        '00:00:00 and 2024-02-14 '
                                        '00:00:00.']}]}]},
 695: {'Accounts': [{3: [{'TimeStamp': ['The date 2023-11-13 00:00:00 is out '
                                        'of range.  Must be between 2023-11-16 '
                                        '00:00:00 and 2024-02-14 00:00:00.']}],
                     5: [{'TimeStamp': ['The date 2023-11-15 00:00:00 is out '
                                        'of range.  Must be between 2023-11-16 '
                                        '00:00:00 and 2024-02-14 00:00:00.']}],
                     6: [{'TimeStamp': ['The date 2023-11-09 00:00:00 is out '
                                        'of range.  Must be between 2023-11-16 '
                                        '00:00:00 and 2024-02-14 '
                                        '00:00:00.']}]}]},
 696: {'Accounts': [{7: [{'TimeStamp': ['The date 2023-11-12 00:00:00 is out '
                                        'of range.  Must be between 2023-11-16 '
                                        '00:00:00 and 2024-02-14 '
                                        '00:00:00.']}]}]},
 697: {'Accounts': [{2: [{'TimeStamp': ['The date 2023-11-13 00:00:00 is out '
                                        'of range.  Must be between 2023-11-16 '
                                        '00:00:00 and 2024-02-14 00:00:00.']}],
                     8: [{'TimeStamp': ['The date 2023-11-11 00:00:00 is out '
                                        'of range.  Must be between 2023-11-16 '
                                        '00:00:00 and 2024-02-14 '
                                        '00:00:00.']}]}]},
 698: {'Accounts': [{8: [{'TimeStamp': ['The date 2023-11-14 00:00:00 is out '
                                        'of range.  Must be between 2023-11-16 '
                                        '00:00:00 and 2024-02-14 00:00:00.']}],
                     10: [{'TimeStamp': ['The date 2023-11-09 00:00:00 is out '
                                         'of range.  Must be between '
                                         '2023-11-16 00:00:00 and 2024-02-14 '
                                         '00:00:00.']}],
                     14: [{'TimeStamp': ['The date 2023-11-12 00:00:00 is out '
                                         'of range.  Must be between '
                                         '2023-11-16 00:00:00 and 2024-02-14 '
                                         '00:00:00.']}],
                     18: [{'TimeStamp': ['The date 2023-11-13 00:00:00 is out '
                                         'of range.  Must be between '
                                         '2023-11-16 00:00:00 and 2024-02-14 '
                                         '00:00:00.']}]}]},
 699: {'Accounts': [{6: [{'TimeStamp': ['The date 2023-11-15 00:00:00 is out '
                                        'of range.  Must be between 2023-11-16 '
                                        '00:00:00 and 2024-02-14 '
                                        '00:00:00.']}]}]},
 700: {'Accounts': [{9: [{'TimeStamp': ['The date 2023-11-14 00:00:00 is out '
                                        'of range.  Must be between 2023-11-16 '
                                        '00:00:00 and 2024-02-14 '
                                        '00:00:00.']}]}]},
 702: {'Accounts': [{1: [{'TimeStamp': ['The date 2023-11-13 00:00:00 is out '
                                        'of range.  Must be between 2023-11-16 '
                                        '00:00:00 and 2024-02-14 00:00:00.']}],
                     4: [{'TimeStamp': ['The date 2023-11-11 00:00:00 is out '
                                        'of range.  Must be between 2023-11-16 '
                                        '00:00:00 and 2024-02-14 00:00:00.']}],
                     7: [{'TimeStamp': ['The date 2023-11-13 00:00:00 is out '
                                        'of range.  Must be between 2023-11-16 '
                                        '00:00:00 and 2024-02-14 '
                                        '00:00:00.']}]}]},
 707: {'Accounts': [{4: [{'TimeStamp': ['The date 2023-11-13 00:00:00 is out '
                                        'of range.  Must be between 2023-11-16 '
                                        '00:00:00 and 2024-02-14 '
                                        '00:00:00.']}]}]},
 708: {'Accounts': [{1: [{'TimeStamp': ['The date 2023-11-12 00:00:00 is out '
                                        'of range.  Must be between 2023-11-16 '
                                        '00:00:00 and 2024-02-14 00:00:00.']}],
                     6: [{'TimeStamp': ['The date 2023-11-09 00:00:00 is out '
                                        'of range.  Must be between 2023-11-16 '
                                        '00:00:00 and 2024-02-14 '
                                        '00:00:00.']}]}]},
 710: {'Accounts': [{2: [{'TimeStamp': ['The date 2023-11-10 00:00:00 is out '
                                        'of range.  Must be between 2023-11-16 '
                                        '00:00:00 and 2024-02-14 '
                                        '00:00:00.']}]}]},
 711: {'Accounts': [{4: [{'TimeStamp': ['The date 2023-11-14 00:00:00 is out '
                                        'of range.  Must be between 2023-11-16 '
                                        '00:00:00 and 2024-02-14 '
                                        '00:00:00.']}]}]},
 712: {'Accounts': [{2: [{'TimeStamp': ['The date 2023-11-11 00:00:00 is out '
                                        'of range.  Must be between 2023-11-16 '
                                        '00:00:00 and 2024-02-14 00:00:00.']}],
                     6: [{'TimeStamp': ['The date 2023-11-08 00:00:00 is out '
                                        'of range.  Must be between 2023-11-16 '
                                        '00:00:00 and 2024-02-14 '
                                        '00:00:00.']}]}]},
 715: {'Accounts': [{4: [{'TimeStamp': ['The date 2023-11-14 00:00:00 is out '
                                        'of range.  Must be between 2023-11-16 '
                                        '00:00:00 and 2024-02-14 '
                                        '00:00:00.']}]}]},
 716: {'Accounts': [{1: [{'TimeStamp': ['The date 2023-11-14 00:00:00 is out '
                                        'of range.  Must be between 2023-11-16 '
                                        '00:00:00 and 2024-02-14 '
                                        '00:00:00.']}]}]},
 717: {'Accounts': [{2: [{'TimeStamp': ['The date 2023-11-12 00:00:00 is out '
                                        'of range.  Must be between 2023-11-16 '
                                        '00:00:00 and 2024-02-14 '
                                        '00:00:00.']}]}]},
 720: {'Accounts': [{7: [{'TimeStamp': ['The date 2023-11-15 00:00:00 is out '
                                        'of range.  Must be between 2023-11-16 '
                                        '00:00:00 and 2024-02-14 '
                                        '00:00:00.']}]}]},
 721: {'Accounts': [{2: [{'TimeStamp': ['The date 2023-11-10 00:00:00 is out '
                                        'of range.  Must be between 2023-11-16 '
                                        '00:00:00 and 2024-02-14 00:00:00.']}],
                     5: [{'TimeStamp': ['The date 2023-11-10 00:00:00 is out '
                                        'of range.  Must be between 2023-11-16 '
                                        '00:00:00 and 2024-02-14 '
                                        '00:00:00.']}]}]},
 723: {'Accounts': [{3: [{'TimeStamp': ['The date 2023-11-09 00:00:00 is out '
                                        'of range.  Must be between 2023-11-16 '
                                        '00:00:00 and 2024-02-14 '
                                        '00:00:00.']}]}]},
 725: {'Accounts': [{10: [{'TimeStamp': ['The date 2023-11-09 00:00:00 is out '
                                         'of range.  Must be between '
                                         '2023-11-16 00:00:00 and 2024-02-14 '
                                         '00:00:00.']}]}]},
 726: {'Accounts': [{4: [{'TimeStamp': ['The date 2023-11-11 00:00:00 is out '
                                        'of range.  Must be between 2023-11-16 '
                                        '00:00:00 and 2024-02-14 '
                                        '00:00:00.']}]}]},
 730: {'Accounts': [{1: [{'TimeStamp': ['The date 2023-11-14 00:00:00 is out '
                                        'of range.  Must be between 2023-11-16 '
                                        '00:00:00 and 2024-02-14 '
                                        '00:00:00.']}]}]},
 733: {'Accounts': [{1: [{'TimeStamp': ['The date 2023-11-11 00:00:00 is out '
                                        'of range.  Must be between 2023-11-16 '
                                        '00:00:00 and 2024-02-14 '
                                        '00:00:00.']}]}]},
 734: {'Accounts': [{4: [{'TimeStamp': ['The date 2023-11-09 00:00:00 is out '
                                        'of range.  Must be between 2023-11-16 '
                                        '00:00:00 and 2024-02-14 '
                                        '00:00:00.']}]}]},
 736: {'Accounts': [{13: [{'TimeStamp': ['The date 2023-11-13 00:00:00 is out '
                                         'of range.  Must be between '
                                         '2023-11-16 00:00:00 and 2024-02-14 '
                                         '00:00:00.']}]}]},
 737: {'Accounts': [{0: [{'TimeStamp': ['The date 2023-11-08 00:00:00 is out '
                                        'of range.  Must be between 2023-11-16 '
                                        '00:00:00 and 2024-02-14 '
                                        '00:00:00.']}]}]},
 738: {'Accounts': [{0: [{'TimeStamp': ['The date 2023-11-15 00:00:00 is out '
                                        'of range.  Must be between 2023-11-16 '
                                        '00:00:00 and 2024-02-14 00:00:00.']}],
                     4: [{'TimeStamp': ['The date 2023-11-14 00:00:00 is out '
                                        'of range.  Must be between 2023-11-16 '
                                        '00:00:00 and 2024-02-14 00:00:00.']}],
                     9: [{'TimeStamp': ['The date 2023-11-11 00:00:00 is out '
                                        'of range.  Must be between 2023-11-16 '
                                        '00:00:00 and 2024-02-14 00:00:00.']}],
                     11: [{'TimeStamp': ['The date 2023-11-11 00:00:00 is out '
                                         'of range.  Must be between '
                                         '2023-11-16 00:00:00 and 2024-02-14 '
                                         '00:00:00.']}],
                     14: [{'TimeStamp': ['The date 2023-11-14 00:00:00 is out '
                                         'of range.  Must be between '
                                         '2023-11-16 00:00:00 and 2024-02-14 '
                                         '00:00:00.']}]}]},
 739: {'Accounts': [{5: [{'TimeStamp': ['The date 2023-11-14 00:00:00 is out '
                                        'of range.  Must be between 2023-11-16 '
                                        '00:00:00 and 2024-02-14 00:00:00.']}],
                     7: [{'TimeStamp': ['The date 2023-11-15 00:00:00 is out '
                                        'of range.  Must be between 2023-11-16 '
                                        '00:00:00 and 2024-02-14 '
                                        '00:00:00.']}]}]},
 740: {'Accounts': [{9: [{'TimeStamp': ['The date 2023-11-14 00:00:00 is out '
                                        'of range.  Must be between 2023-11-16 '
                                        '00:00:00 and 2024-02-14 '
                                        '00:00:00.']}]}]},
 743: {'Accounts': [{1: [{'TimeStamp': ['The date 2023-11-11 00:00:00 is out '
                                        'of range.  Must be between 2023-11-16 '
                                        '00:00:00 and 2024-02-14 '
                                        '00:00:00.']}]}]},
 744: {'Accounts': [{10: [{'TimeStamp': ['The date 2023-11-14 00:00:00 is out '
                                         'of range.  Must be between '
                                         '2023-11-16 00:00:00 and 2024-02-14 '
                                         '00:00:00.']}]}]},
 746: {'Accounts': [{1: [{'TimeStamp': ['The date 2023-11-10 00:00:00 is out '
                                        'of range.  Must be between 2023-11-16 '
                                        '00:00:00 and 2024-02-14 '
                                        '00:00:00.']}]}]},
 748: {'Accounts': [{5: [{'TimeStamp': ['The date 2023-11-13 00:00:00 is out '
                                        'of range.  Must be between 2023-11-16 '
                                        '00:00:00 and 2024-02-14 '
                                        '00:00:00.']}]}]},
 749: {'Accounts': [{6: [{'TimeStamp': ['The date 2023-11-14 00:00:00 is out '
                                        'of range.  Must be between 2023-11-16 '
                                        '00:00:00 and 2024-02-14 '
                                        '00:00:00.']}]}]},
 750: {'Accounts': [{3: [{'TimeStamp': ['The date 2023-11-15 00:00:00 is out '
                                        'of range.  Must be between 2023-11-16 '
                                        '00:00:00 and 2024-02-14 '
                                        '00:00:00.']}]}]},
 755: {'Accounts': [{13: [{'TimeStamp': ['The date 2023-11-10 00:00:00 is out '
                                         'of range.  Must be between '
                                         '2023-11-16 00:00:00 and 2024-02-14 '
                                         '00:00:00.']}]}]},
 760: {'Accounts': [{10: [{'TimeStamp': ['The date 2023-11-13 00:00:00 is out '
                                         'of range.  Must be between '
                                         '2023-11-16 00:00:00 and 2024-02-14 '
                                         '00:00:00.']}]}]},
 761: {'Accounts': [{4: [{'TimeStamp': ['The date 2023-11-10 00:00:00 is out '
                                        'of range.  Must be between 2023-11-16 '
                                        '00:00:00 and 2024-02-14 00:00:00.']}],
                     8: [{'TimeStamp': ['The date 2023-11-09 00:00:00 is out '
                                        'of range.  Must be between 2023-11-16 '
                                        '00:00:00 and 2024-02-14 '
                                        '00:00:00.']}]}]},
 762: {'Accounts': [{1: [{'TimeStamp': ['The date 2023-11-09 00:00:00 is out '
                                        'of range.  Must be between 2023-11-16 '
                                        '00:00:00 and 2024-02-14 00:00:00.']}],
                     5: [{'TimeStamp': ['The date 2023-11-13 00:00:00 is out '
                                        'of range.  Must be between 2023-11-16 '
                                        '00:00:00 and 2024-02-14 00:00:00.']}],
                     9: [{'TimeStamp': ['The date 2023-11-09 00:00:00 is out '
                                        'of range.  Must be between 2023-11-16 '
                                        '00:00:00 and 2024-02-14 '
                                        '00:00:00.']}]}]},
 763: {'Accounts': [{1: [{'TimeStamp': ['The date 2023-11-09 00:00:00 is out '
                                        'of range.  Must be between 2023-11-16 '
                                        '00:00:00 and 2024-02-14 00:00:00.']}],
                     5: [{'TimeStamp': ['The date 2023-11-10 00:00:00 is out '
                                        'of range.  Must be between 2023-11-16 '
                                        '00:00:00 and 2024-02-14 00:00:00.']}],
                     10: [{'TimeStamp': ['The date 2023-11-08 00:00:00 is out '
                                         'of range.  Must be between '
                                         '2023-11-16 00:00:00 and 2024-02-14 '
                                         '00:00:00.']}]}]},
 764: {'Accounts': [{1: [{'TimeStamp': ['The date 2023-11-10 00:00:00 is out '
                                        'of range.  Must be between 2023-11-16 '
                                        '00:00:00 and 2024-02-14 '
                                        '00:00:00.']}]}]},
 765: {'Accounts': [{0: [{'TimeStamp': ['The date 2023-11-13 00:00:00 is out '
                                        'of range.  Must be between 2023-11-16 '
                                        '00:00:00 and 2024-02-14 00:00:00.']}],
                     13: [{'TimeStamp': ['The date 2023-11-15 00:00:00 is out '
                                         'of range.  Must be between '
                                         '2023-11-16 00:00:00 and 2024-02-14 '
                                         '00:00:00.']}]}]},
 767: {'Accounts': [{12: [{'TimeStamp': ['The date 2023-11-09 00:00:00 is out '
                                         'of range.  Must be between '
                                         '2023-11-16 00:00:00 and 2024-02-14 '
                                         '00:00:00.']}]}]},
 772: {'Accounts': [{10: [{'TimeStamp': ['The date 2023-11-08 00:00:00 is out '
                                         'of range.  Must be between '
                                         '2023-11-16 00:00:00 and 2024-02-14 '
                                         '00:00:00.']}]}]},
 774: {'Accounts': [{11: [{'TimeStamp': ['The date 2023-11-08 00:00:00 is out '
                                         'of range.  Must be between '
                                         '2023-11-16 00:00:00 and 2024-02-14 '
                                         '00:00:00.']}]}]},
 777: {'Accounts': [{4: [{'TimeStamp': ['The date 2023-11-10 00:00:00 is out '
                                        'of range.  Must be between 2023-11-16 '
                                        '00:00:00 and 2024-02-14 00:00:00.']}],
                     13: [{'TimeStamp': ['The date 2023-11-12 00:00:00 is out '
                                         'of range.  Must be between '
                                         '2023-11-16 00:00:00 and 2024-02-14 '
                                         '00:00:00.']}]}]},
 778: {'Accounts': [{0: [{'TimeStamp': ['The date 2023-11-12 00:00:00 is out '
                                        'of range.  Must be between 2023-11-16 '
                                        '00:00:00 and 2024-02-14 00:00:00.']}],
                     2: [{'TimeStamp': ['The date 2023-11-13 00:00:00 is out '
                                        'of range.  Must be between 2023-11-16 '
                                        '00:00:00 and 2024-02-14 00:00:00.']}],
                     7: [{'TimeStamp': ['The date 2023-11-12 00:00:00 is out '
                                        'of range.  Must be between 2023-11-16 '
                                        '00:00:00 and 2024-02-14 '
                                        '00:00:00.']}]}]},
 781: {'Accounts': [{7: [{'TimeStamp': ['The date 2023-11-11 00:00:00 is out '
                                        'of range.  Must be between 2023-11-16 '
                                        '00:00:00 and 2024-02-14 '
                                        '00:00:00.']}]}]},
 784: {'Accounts': [{2: [{'TimeStamp': ['The date 2023-11-11 00:00:00 is out '
                                        'of range.  Must be between 2023-11-16 '
                                        '00:00:00 and 2024-02-14 '
                                        '00:00:00.']}]}]},
 785: {'Accounts': [{8: [{'TimeStamp': ['The date 2023-11-14 00:00:00 is out '
                                        'of range.  Must be between 2023-11-16 '
                                        '00:00:00 and 2024-02-14 00:00:00.']}],
                     11: [{'TimeStamp': ['The date 2023-11-10 00:00:00 is out '
                                         'of range.  Must be between '
                                         '2023-11-16 00:00:00 and 2024-02-14 '
                                         '00:00:00.']}]}]},
 786: {'Accounts': [{7: [{'TimeStamp': ['The date 2023-11-11 00:00:00 is out '
                                        'of range.  Must be between 2023-11-16 '
                                        '00:00:00 and 2024-02-14 '
                                        '00:00:00.']}]}]},
 787: {'Accounts': [{2: [{'TimeStamp': ['The date 2023-11-10 00:00:00 is out '
                                        'of range.  Must be between 2023-11-16 '
                                        '00:00:00 and 2024-02-14 '
                                        '00:00:00.']}]}]},
 789: {'Accounts': [{3: [{'TimeStamp': ['The date 2023-11-10 00:00:00 is out '
                                        'of range.  Must be between 2023-11-16 '
                                        '00:00:00 and 2024-02-14 00:00:00.']}],
                     5: [{'TimeStamp': ['The date 2023-11-15 00:00:00 is out '
                                        'of range.  Must be between 2023-11-16 '
                                        '00:00:00 and 2024-02-14 '
                                        '00:00:00.']}]}]},
 790: {'Accounts': [{0: [{'TimeStamp': ['The date 2023-11-11 00:00:00 is out '
                                        'of range.  Must be between 2023-11-16 '
                                        '00:00:00 and 2024-02-14 '
                                        '00:00:00.']}]}]},
 792: {'Accounts': [{3: [{'TimeStamp': ['The date 2023-11-08 00:00:00 is out '
                                        'of range.  Must be between 2023-11-16 '
                                        '00:00:00 and 2024-02-14 '
                                        '00:00:00.']}]}]},
 793: {'Accounts': [{9: [{'TimeStamp': ['The date 2023-11-10 00:00:00 is out '
                                        'of range.  Must be between 2023-11-16 '
                                        '00:00:00 and 2024-02-14 '
                                        '00:00:00.']}]}]},
 794: {'Accounts': [{6: [{'TimeStamp': ['The date 2023-11-11 00:00:00 is out '
                                        'of range.  Must be between 2023-11-16 '
                                        '00:00:00 and 2024-02-14 '
                                        '00:00:00.']}]}]},
 795: {'Accounts': [{10: [{'TimeStamp': ['The date 2023-11-15 00:00:00 is out '
                                         'of range.  Must be between '
                                         '2023-11-16 00:00:00 and 2024-02-14 '
                                         '00:00:00.']}]}]},
 796: {'Accounts': [{0: [{'TimeStamp': ['The date 2023-11-10 00:00:00 is out '
                                        'of range.  Must be between 2023-11-16 '
                                        '00:00:00 and 2024-02-14 00:00:00.']}],
                     8: [{'TimeStamp': ['The date 2023-11-12 00:00:00 is out '
                                        'of range.  Must be between 2023-11-16 '
                                        '00:00:00 and 2024-02-14 00:00:00.']}],
                     9: [{'TimeStamp': ['The date 2023-11-13 00:00:00 is out '
                                        'of range.  Must be between 2023-11-16 '
                                        '00:00:00 and 2024-02-14 '
                                        '00:00:00.']}]}]},
 797: {'Accounts': [{7: [{'TimeStamp': ['The date 2023-11-09 00:00:00 is out '
                                        'of range.  Must be between 2023-11-16 '
                                        '00:00:00 and 2024-02-14 00:00:00.']}],
                     13: [{'TimeStamp': ['The date 2023-11-08 00:00:00 is out '
                                         'of range.  Must be between '
                                         '2023-11-16 00:00:00 and 2024-02-14 '
                                         '00:00:00.']}]}]},
 800: {'Accounts': [{10: [{'TimeStamp': ['The date 2023-11-13 00:00:00 is out '
                                         'of range.  Must be between '
                                         '2023-11-16 00:00:00 and 2024-02-14 '
                                         '00:00:00.']}]}]},
 804: {'Accounts': [{12: [{'TimeStamp': ['The date 2023-11-10 00:00:00 is out '
                                         'of range.  Must be between '
                                         '2023-11-16 00:00:00 and 2024-02-14 '
                                         '00:00:00.']}]}]},
 805: {'Accounts': [{7: [{'TimeStamp': ['The date 2023-11-13 00:00:00 is out '
                                        'of range.  Must be between 2023-11-16 '
                                        '00:00:00 and 2024-02-14 00:00:00.']}],
                     15: [{'TimeStamp': ['The date 2023-11-15 00:00:00 is out '
                                         'of range.  Must be between '
                                         '2023-11-16 00:00:00 and 2024-02-14 '
                                         '00:00:00.']}]}]},
 807: {'Accounts': [{10: [{'TimeStamp': ['The date 2023-11-08 00:00:00 is out '
                                         'of range.  Must be between '
                                         '2023-11-16 00:00:00 and 2024-02-14 '
                                         '00:00:00.']}],
                     15: [{'TimeStamp': ['The date 2023-11-10 00:00:00 is out '
                                         'of range.  Must be between '
                                         '2023-11-16 00:00:00 and 2024-02-14 '
                                         '00:00:00.']}],
                     16: [{'TimeStamp': ['The date 2023-11-10 00:00:00 is out '
                                         'of range.  Must be between '
                                         '2023-11-16 00:00:00 and 2024-02-14 '
                                         '00:00:00.']}],
                     17: [{'TimeStamp': ['The date 2023-11-14 00:00:00 is out '
                                         'of range.  Must be between '
                                         '2023-11-16 00:00:00 and 2024-02-14 '
                                         '00:00:00.']}]}]},
 809: {'Accounts': [{3: [{'TimeStamp': ['The date 2023-11-14 00:00:00 is out '
                                        'of range.  Must be between 2023-11-16 '
                                        '00:00:00 and 2024-02-14 '
                                        '00:00:00.']}]}]},
 810: {'Accounts': [{2: [{'TimeStamp': ['The date 2023-11-15 00:00:00 is out '
                                        'of range.  Must be between 2023-11-16 '
                                        '00:00:00 and 2024-02-14 '
                                        '00:00:00.']}]}]},
 812: {'Accounts': [{4: [{'TimeStamp': ['The date 2023-11-12 00:00:00 is out '
                                        'of range.  Must be between 2023-11-16 '
                                        '00:00:00 and 2024-02-14 '
                                        '00:00:00.']}]}]},
 813: {'Accounts': [{1: [{'TimeStamp': ['The date 2023-11-12 00:00:00 is out '
                                        'of range.  Must be between 2023-11-16 '
                                        '00:00:00 and 2024-02-14 '
                                        '00:00:00.']}]}]},
 814: {'Accounts': [{2: [{'TimeStamp': ['The date 2023-11-11 00:00:00 is out '
                                        'of range.  Must be between 2023-11-16 '
                                        '00:00:00 and 2024-02-14 '
                                        '00:00:00.']}]}]},
 815: {'Accounts': [{4: [{'TimeStamp': ['The date 2023-11-14 00:00:00 is out '
                                        'of range.  Must be between 2023-11-16 '
                                        '00:00:00 and 2024-02-14 '
                                        '00:00:00.']}]}]},
 817: {'Accounts': [{5: [{'TimeStamp': ['The date 2023-11-15 00:00:00 is out '
                                        'of range.  Must be between 2023-11-16 '
                                        '00:00:00 and 2024-02-14 00:00:00.']}],
                     6: [{'TimeStamp': ['The date 2023-11-09 00:00:00 is out '
                                        'of range.  Must be between 2023-11-16 '
                                        '00:00:00 and 2024-02-14 '
                                        '00:00:00.']}]}]},
 819: {'Accounts': [{10: [{'TimeStamp': ['The date 2023-11-13 00:00:00 is out '
                                         'of range.  Must be between '
                                         '2023-11-16 00:00:00 and 2024-02-14 '
                                         '00:00:00.']}]}]},
 820: {'Accounts': [{4: [{'TimeStamp': ['The date 2023-11-09 00:00:00 is out '
                                        'of range.  Must be between 2023-11-16 '
                                        '00:00:00 and 2024-02-14 00:00:00.']}],
                     12: [{'TimeStamp': ['The date 2023-11-13 00:00:00 is out '
                                         'of range.  Must be between '
                                         '2023-11-16 00:00:00 and 2024-02-14 '
                                         '00:00:00.']}]}]},
 821: {'Accounts': [{2: [{'TimeStamp': ['The date 2023-11-12 00:00:00 is out '
                                        'of range.  Must be between 2023-11-16 '
                                        '00:00:00 and 2024-02-14 '
                                        '00:00:00.']}]}]},
 822: {'Accounts': [{0: [{'TimeStamp': ['The date 2023-11-15 00:00:00 is out '
                                        'of range.  Must be between 2023-11-16 '
                                        '00:00:00 and 2024-02-14 00:00:00.']}],
                     8: [{'TimeStamp': ['The date 2023-11-09 00:00:00 is out '
                                        'of range.  Must be between 2023-11-16 '
                                        '00:00:00 and 2024-02-14 '
                                        '00:00:00.']}]}]},
 823: {'Accounts': [{8: [{'TimeStamp': ['The date 2023-11-09 00:00:00 is out '
                                        'of range.  Must be between 2023-11-16 '
                                        '00:00:00 and 2024-02-14 00:00:00.']}],
                     11: [{'TimeStamp': ['The date 2023-11-14 00:00:00 is out '
                                         'of range.  Must be between '
                                         '2023-11-16 00:00:00 and 2024-02-14 '
                                         '00:00:00.']}]}]},
 825: {'Accounts': [{0: [{'TimeStamp': ['The date 2023-11-10 00:00:00 is out '
                                        'of range.  Must be between 2023-11-16 '
                                        '00:00:00 and 2024-02-14 00:00:00.']}],
                     1: [{'TimeStamp': ['The date 2023-11-13 00:00:00 is out '
                                        'of range.  Must be between 2023-11-16 '
                                        '00:00:00 and 2024-02-14 00:00:00.']}],
                     5: [{'TimeStamp': ['The date 2023-11-11 00:00:00 is out '
                                        'of range.  Must be between 2023-11-16 '
                                        '00:00:00 and 2024-02-14 00:00:00.']}],
                     7: [{'TimeStamp': ['The date 2023-11-09 00:00:00 is out '
                                        'of range.  Must be between 2023-11-16 '
                                        '00:00:00 and 2024-02-14 00:00:00.']}],
                     8: [{'TimeStamp': ['The date 2023-11-08 00:00:00 is out '
                                        'of range.  Must be between 2023-11-16 '
                                        '00:00:00 and 2024-02-14 00:00:00.']}],
                     9: [{'TimeStamp': ['The date 2023-11-11 00:00:00 is out '
                                        'of range.  Must be between 2023-11-16 '
                                        '00:00:00 and 2024-02-14 00:00:00.']}],
                     15: [{'TimeStamp': ['The date 2023-11-09 00:00:00 is out '
                                         'of range.  Must be between '
                                         '2023-11-16 00:00:00 and 2024-02-14 '
                                         '00:00:00.']}]}]},
 826: {'Accounts': [{0: [{'TimeStamp': ['The date 2023-11-08 00:00:00 is out '
                                        'of range.  Must be between 2023-11-16 '
                                        '00:00:00 and 2024-02-14 00:00:00.']}],
                     5: [{'TimeStamp': ['The date 2023-11-08 00:00:00 is out '
                                        'of range.  Must be between 2023-11-16 '
                                        '00:00:00 and 2024-02-14 '
                                        '00:00:00.']}]}]},
 828: {'Accounts': [{12: [{'TimeStamp': ['The date 2023-11-10 00:00:00 is out '
                                         'of range.  Must be between '
                                         '2023-11-16 00:00:00 and 2024-02-14 '
                                         '00:00:00.']}]}]},
 829: {'Accounts': [{6: [{'TimeStamp': ['The date 2023-11-08 00:00:00 is out '
                                        'of range.  Must be between 2023-11-16 '
                                        '00:00:00 and 2024-02-14 '
                                        '00:00:00.']}]}]},
 830: {'Accounts': [{10: [{'TimeStamp': ['The date 2023-11-14 00:00:00 is out '
                                         'of range.  Must be between '
                                         '2023-11-16 00:00:00 and 2024-02-14 '
                                         '00:00:00.']}],
                     12: [{'TimeStamp': ['The date 2023-11-09 00:00:00 is out '
                                         'of range.  Must be between '
                                         '2023-11-16 00:00:00 and 2024-02-14 '
                                         '00:00:00.']}],
                     13: [{'TimeStamp': ['The date 2023-11-08 00:00:00 is out '
                                         'of range.  Must be between '
                                         '2023-11-16 00:00:00 and 2024-02-14 '
                                         '00:00:00.']}],
                     16: [{'TimeStamp': ['The date 2023-11-08 00:00:00 is out '
                                         'of range.  Must be between '
                                         '2023-11-16 00:00:00 and 2024-02-14 '
                                         '00:00:00.']}]}]},
 835: {'Accounts': [{12: [{'TimeStamp': ['The date 2023-11-11 00:00:00 is out '
                                         'of range.  Must be between '
                                         '2023-11-16 00:00:00 and 2024-02-14 '
                                         '00:00:00.']}],
                     15: [{'TimeStamp': ['The date 2023-11-15 00:00:00 is out '
                                         'of range.  Must be between '
                                         '2023-11-16 00:00:00 and 2024-02-14 '
                                         '00:00:00.']}]}]},
 836: {'Accounts': [{2: [{'TimeStamp': ['The date 2023-11-11 00:00:00 is out '
                                        'of range.  Must be between 2023-11-16 '
                                        '00:00:00 and 2024-02-14 00:00:00.']}],
                     3: [{'TimeStamp': ['The date 2023-11-11 00:00:00 is out '
                                        'of range.  Must be between 2023-11-16 '
                                        '00:00:00 and 2024-02-14 '
                                        '00:00:00.']}]}]},
 837: {'Accounts': [{1: [{'TimeStamp': ['The date 2023-11-14 00:00:00 is out '
                                        'of range.  Must be between 2023-11-16 '
                                        '00:00:00 and 2024-02-14 00:00:00.']}],
                     3: [{'TimeStamp': ['The date 2023-11-08 00:00:00 is out '
                                        'of range.  Must be between 2023-11-16 '
                                        '00:00:00 and 2024-02-14 00:00:00.']}],
                     4: [{'TimeStamp': ['The date 2023-11-11 00:00:00 is out '
                                        'of range.  Must be between 2023-11-16 '
                                        '00:00:00 and 2024-02-14 00:00:00.']}],
                     7: [{'TimeStamp': ['The date 2023-11-08 00:00:00 is out '
                                        'of range.  Must be between 2023-11-16 '
                                        '00:00:00 and 2024-02-14 '
                                        '00:00:00.']}]}]},
 839: {'Accounts': [{7: [{'TimeStamp': ['The date 2023-11-10 00:00:00 is out '
                                        'of range.  Must be between 2023-11-16 '
                                        '00:00:00 and 2024-02-14 '
                                        '00:00:00.']}]}]},
 846: {'Accounts': [{1: [{'TimeStamp': ['The date 2023-11-11 00:00:00 is out '
                                        'of range.  Must be between 2023-11-16 '
                                        '00:00:00 and 2024-02-14 '
                                        '00:00:00.']}]}]},
 849: {'Accounts': [{6: [{'TimeStamp': ['The date 2023-11-08 00:00:00 is out '
                                        'of range.  Must be between 2023-11-16 '
                                        '00:00:00 and 2024-02-14 00:00:00.']}],
                     9: [{'TimeStamp': ['The date 2023-11-11 00:00:00 is out '
                                        'of range.  Must be between 2023-11-16 '
                                        '00:00:00 and 2024-02-14 00:00:00.']}],
                     12: [{'TimeStamp': ['The date 2023-11-10 00:00:00 is out '
                                         'of range.  Must be between '
                                         '2023-11-16 00:00:00 and 2024-02-14 '
                                         '00:00:00.']}]}]},
 851: {'Accounts': [{1: [{'TimeStamp': ['The date 2023-11-13 00:00:00 is out '
                                        'of range.  Must be between 2023-11-16 '
                                        '00:00:00 and 2024-02-14 '
                                        '00:00:00.']}]}]},
 856: {'Accounts': [{2: [{'TimeStamp': ['The date 2023-11-13 00:00:00 is out '
                                        'of range.  Must be between 2023-11-16 '
                                        '00:00:00 and 2024-02-14 00:00:00.']}],
                     17: [{'TimeStamp': ['The date 2023-11-15 00:00:00 is out '
                                         'of range.  Must be between '
                                         '2023-11-16 00:00:00 and 2024-02-14 '
                                         '00:00:00.']}],
                     18: [{'TimeStamp': ['The date 2023-11-09 00:00:00 is out '
                                         'of range.  Must be between '
                                         '2023-11-16 00:00:00 and 2024-02-14 '
                                         '00:00:00.']}]}]},
 857: {'Accounts': [{3: [{'TimeStamp': ['The date 2023-11-08 00:00:00 is out '
                                        'of range.  Must be between 2023-11-16 '
                                        '00:00:00 and 2024-02-14 00:00:00.']}],
                     14: [{'TimeStamp': ['The date 2023-11-08 00:00:00 is out '
                                         'of range.  Must be between '
                                         '2023-11-16 00:00:00 and 2024-02-14 '
                                         '00:00:00.']}]}]},
 861: {'Accounts': [{2: [{'TimeStamp': ['The date 2023-11-08 00:00:00 is out '
                                        'of range.  Must be between 2023-11-16 '
                                        '00:00:00 and 2024-02-14 00:00:00.']}],
                     9: [{'TimeStamp': ['The date 2023-11-10 00:00:00 is out '
                                        'of range.  Must be between 2023-11-16 '
                                        '00:00:00 and 2024-02-14 00:00:00.']}],
                     17: [{'TimeStamp': ['The date 2023-11-15 00:00:00 is out '
                                         'of range.  Must be between '
                                         '2023-11-16 00:00:00 and 2024-02-14 '
                                         '00:00:00.']}]}]},
 862: {'Accounts': [{2: [{'TimeStamp': ['The date 2023-11-12 00:00:00 is out '
                                        'of range.  Must be between 2023-11-16 '
                                        '00:00:00 and 2024-02-14 '
                                        '00:00:00.']}]}]},
 863: {'Accounts': [{19: [{'TimeStamp': ['The date 2023-11-15 00:00:00 is out '
                                         'of range.  Must be between '
                                         '2023-11-16 00:00:00 and 2024-02-14 '
                                         '00:00:00.']}]}]},
 864: {'Accounts': [{4: [{'TimeStamp': ['The date 2023-11-12 00:00:00 is out '
                                        'of range.  Must be between 2023-11-16 '
                                        '00:00:00 and 2024-02-14 '
                                        '00:00:00.']}]}]},
 865: {'Accounts': [{0: [{'TimeStamp': ['The date 2023-11-14 00:00:00 is out '
                                        'of range.  Must be between 2023-11-16 '
                                        '00:00:00 and 2024-02-14 '
                                        '00:00:00.']}]}]},
 867: {'Accounts': [{6: [{'TimeStamp': ['The date 2023-11-08 00:00:00 is out '
                                        'of range.  Must be between 2023-11-16 '
                                        '00:00:00 and 2024-02-14 00:00:00.']}],
                     14: [{'TimeStamp': ['The date 2023-11-15 00:00:00 is out '
                                         'of range.  Must be between '
                                         '2023-11-16 00:00:00 and 2024-02-14 '
                                         '00:00:00.']}]}]},
 868: {'Accounts': [{16: [{'TimeStamp': ['The date 2023-11-09 00:00:00 is out '
                                         'of range.  Must be between '
                                         '2023-11-16 00:00:00 and 2024-02-14 '
                                         '00:00:00.']}]}]},
 869: {'Accounts': [{0: [{'TimeStamp': ['The date 2023-11-08 00:00:00 is out '
                                        'of range.  Must be between 2023-11-16 '
                                        '00:00:00 and 2024-02-14 00:00:00.']}],
                     5: [{'TimeStamp': ['The date 2023-11-15 00:00:00 is out '
                                        'of range.  Must be between 2023-11-16 '
                                        '00:00:00 and 2024-02-14 00:00:00.']}],
                     9: [{'TimeStamp': ['The date 2023-11-11 00:00:00 is out '
                                        'of range.  Must be between 2023-11-16 '
                                        '00:00:00 and 2024-02-14 '
                                        '00:00:00.']}]}]},
 870: {'Accounts': [{3: [{'TimeStamp': ['The date 2023-11-09 00:00:00 is out '
                                        'of range.  Must be between 2023-11-16 '
                                        '00:00:00 and 2024-02-14 '
                                        '00:00:00.']}]}]},
 871: {'Accounts': [{1: [{'TimeStamp': ['The date 2023-11-07 00:00:00 is out '
                                        'of range.  Must be between 2023-11-16 '
                                        '00:00:00 and 2024-02-14 '
                                        '00:00:00.']}]}]},
 872: {'Accounts': [{8: [{'TimeStamp': ['The date 2023-11-11 00:00:00 is out '
                                        'of range.  Must be between 2023-11-16 '
                                        '00:00:00 and 2024-02-14 00:00:00.']}],
                     12: [{'TimeStamp': ['The date 2023-11-12 00:00:00 is out '
                                         'of range.  Must be between '
                                         '2023-11-16 00:00:00 and 2024-02-14 '
                                         '00:00:00.']}]}]},
 873: {'Accounts': [{3: [{'TimeStamp': ['The date 2023-11-15 00:00:00 is out '
                                        'of range.  Must be between 2023-11-16 '
                                        '00:00:00 and 2024-02-14 00:00:00.']}],
                     4: [{'TimeStamp': ['The date 2023-11-11 00:00:00 is out '
                                        'of range.  Must be between 2023-11-16 '
                                        '00:00:00 and 2024-02-14 00:00:00.']}],
                     13: [{'TimeStamp': ['The date 2023-11-13 00:00:00 is out '
                                         'of range.  Must be between '
                                         '2023-11-16 00:00:00 and 2024-02-14 '
                                         '00:00:00.']}]}]},
 874: {'Accounts': [{2: [{'TimeStamp': ['The date 2023-11-08 00:00:00 is out '
                                        'of range.  Must be between 2023-11-16 '
                                        '00:00:00 and 2024-02-14 '
                                        '00:00:00.']}]}]},
 875: {'Accounts': [{3: [{'TimeStamp': ['The date 2023-11-09 00:00:00 is out '
                                        'of range.  Must be between 2023-11-16 '
                                        '00:00:00 and 2024-02-14 '
                                        '00:00:00.']}]}]},
 878: {'Accounts': [{2: [{'TimeStamp': ['The date 2023-11-14 00:00:00 is out '
                                        'of range.  Must be between 2023-11-16 '
                                        '00:00:00 and 2024-02-14 00:00:00.']}],
                     9: [{'TimeStamp': ['The date 2023-11-07 00:00:00 is out '
                                        'of range.  Must be between 2023-11-16 '
                                        '00:00:00 and 2024-02-14 00:00:00.']}],
                     11: [{'TimeStamp': ['The date 2023-11-15 00:00:00 is out '
                                         'of range.  Must be between '
                                         '2023-11-16 00:00:00 and 2024-02-14 '
                                         '00:00:00.']}]}]},
 880: {'Accounts': [{0: [{'TimeStamp': ['The date 2023-11-12 00:00:00 is out '
                                        'of range.  Must be between 2023-11-16 '
                                        '00:00:00 and 2024-02-14 '
                                        '00:00:00.']}]}]},
 881: {'Accounts': [{0: [{'TimeStamp': ['The date 2023-11-11 00:00:00 is out '
                                        'of range.  Must be between 2023-11-16 '
                                        '00:00:00 and 2024-02-14 00:00:00.']}],
                     4: [{'TimeStamp': ['The date 2023-11-14 00:00:00 is out '
                                        'of range.  Must be between 2023-11-16 '
                                        '00:00:00 and 2024-02-14 '
                                        '00:00:00.']}]}]},
 886: {'Accounts': [{1: [{'TimeStamp': ['The date 2023-11-15 00:00:00 is out '
                                        'of range.  Must be between 2023-11-16 '
                                        '00:00:00 and 2024-02-14 '
                                        '00:00:00.']}]}]},
 887: {'Accounts': [{5: [{'TimeStamp': ['The date 2023-11-14 00:00:00 is out '
                                        'of range.  Must be between 2023-11-16 '
                                        '00:00:00 and 2024-02-14 '
                                        '00:00:00.']}]}]},
 888: {'Accounts': [{5: [{'TimeStamp': ['The date 2023-11-10 00:00:00 is out '
                                        'of range.  Must be between 2023-11-16 '
                                        '00:00:00 and 2024-02-14 00:00:00.']}],
                     7: [{'TimeStamp': ['The date 2023-11-12 00:00:00 is out '
                                        'of range.  Must be between 2023-11-16 '
                                        '00:00:00 and 2024-02-14 '
                                        '00:00:00.']}]}]},
 889: {'Accounts': [{2: [{'TimeStamp': ['The date 2023-11-13 00:00:00 is out '
                                        'of range.  Must be between 2023-11-16 '
                                        '00:00:00 and 2024-02-14 00:00:00.']}],
                     10: [{'TimeStamp': ['The date 2023-11-10 00:00:00 is out '
                                         'of range.  Must be between '
                                         '2023-11-16 00:00:00 and 2024-02-14 '
                                         '00:00:00.']}]}]},
 890: {'Accounts': [{10: [{'TimeStamp': ['The date 2023-11-09 00:00:00 is out '
                                         'of range.  Must be between '
                                         '2023-11-16 00:00:00 and 2024-02-14 '
                                         '00:00:00.']}],
                     11: [{'TimeStamp': ['The date 2023-11-08 00:00:00 is out '
                                         'of range.  Must be between '
                                         '2023-11-16 00:00:00 and 2024-02-14 '
                                         '00:00:00.']}]}]},
 891: {'Accounts': [{1: [{'TimeStamp': ['The date 2023-11-09 00:00:00 is out '
                                        'of range.  Must be between 2023-11-16 '
                                        '00:00:00 and 2024-02-14 00:00:00.']}],
                     7: [{'TimeStamp': ['The date 2023-11-08 00:00:00 is out '
                                        'of range.  Must be between 2023-11-16 '
                                        '00:00:00 and 2024-02-14 '
                                        '00:00:00.']}]}]},
 892: {'Accounts': [{3: [{'TimeStamp': ['The date 2023-11-12 00:00:00 is out '
                                        'of range.  Must be between 2023-11-16 '
                                        '00:00:00 and 2024-02-14 00:00:00.']}],
                     11: [{'TimeStamp': ['The date 2023-11-09 00:00:00 is out '
                                         'of range.  Must be between '
                                         '2023-11-16 00:00:00 and 2024-02-14 '
                                         '00:00:00.']}],
                     13: [{'TimeStamp': ['The date 2023-11-11 00:00:00 is out '
                                         'of range.  Must be between '
                                         '2023-11-16 00:00:00 and 2024-02-14 '
                                         '00:00:00.']}],
                     16: [{'TimeStamp': ['The date 2023-11-12 00:00:00 is out '
                                         'of range.  Must be between '
                                         '2023-11-16 00:00:00 and 2024-02-14 '
                                         '00:00:00.']}]}]},
 893: {'Accounts': [{2: [{'TimeStamp': ['The date 2023-11-15 00:00:00 is out '
                                        'of range.  Must be between 2023-11-16 '
                                        '00:00:00 and 2024-02-14 00:00:00.']}],
                     3: [{'TimeStamp': ['The date 2023-11-11 00:00:00 is out '
                                        'of range.  Must be between 2023-11-16 '
                                        '00:00:00 and 2024-02-14 '
                                        '00:00:00.']}]}]},
 894: {'Accounts': [{6: [{'TimeStamp': ['The date 2023-11-12 00:00:00 is out '
                                        'of range.  Must be between 2023-11-16 '
                                        '00:00:00 and 2024-02-14 '
                                        '00:00:00.']}]}]},
 895: {'Accounts': [{2: [{'TimeStamp': ['The date 2023-11-09 00:00:00 is out '
                                        'of range.  Must be between 2023-11-16 '
                                        '00:00:00 and 2024-02-14 00:00:00.']}],
                     8: [{'TimeStamp': ['The date 2023-11-09 00:00:00 is out '
                                        'of range.  Must be between 2023-11-16 '
                                        '00:00:00 and 2024-02-14 00:00:00.']}],
                     18: [{'TimeStamp': ['The date 2023-11-12 00:00:00 is out '
                                         'of range.  Must be between '
                                         '2023-11-16 00:00:00 and 2024-02-14 '
                                         '00:00:00.']}]}]},
 899: {'Accounts': [{11: [{'TimeStamp': ['The date 2023-11-10 00:00:00 is out '
                                         'of range.  Must be between '
                                         '2023-11-16 00:00:00 and 2024-02-14 '
                                         '00:00:00.']}]}]},
 903: {'Accounts': [{1: [{'TimeStamp': ['The date 2023-11-13 00:00:00 is out '
                                        'of range.  Must be between 2023-11-16 '
                                        '00:00:00 and 2024-02-14 00:00:00.']}],
                     3: [{'TimeStamp': ['The date 2023-11-13 00:00:00 is out '
                                        'of range.  Must be between 2023-11-16 '
                                        '00:00:00 and 2024-02-14 '
                                        '00:00:00.']}]}]},
 904: {'Accounts': [{1: [{'TimeStamp': ['The date 2023-11-11 00:00:00 is out '
                                        'of range.  Must be between 2023-11-16 '
                                        '00:00:00 and 2024-02-14 00:00:00.']}],
                     2: [{'TimeStamp': ['The date 2023-11-11 00:00:00 is out '
                                        'of range.  Must be between 2023-11-16 '
                                        '00:00:00 and 2024-02-14 00:00:00.']}],
                     5: [{'TimeStamp': ['The date 2023-11-12 00:00:00 is out '
                                        'of range.  Must be between 2023-11-16 '
                                        '00:00:00 and 2024-02-14 '
                                        '00:00:00.']}]}]},
 905: {'Accounts': [{0: [{'TimeStamp': ['The date 2023-11-13 00:00:00 is out '
                                        'of range.  Must be between 2023-11-16 '
                                        '00:00:00 and 2024-02-14 '
                                        '00:00:00.']}]}]},
 908: {'Accounts': [{1: [{'TimeStamp': ['The date 2023-11-11 00:00:00 is out '
                                        'of range.  Must be between 2023-11-16 '
                                        '00:00:00 and 2024-02-14 00:00:00.']}],
                     10: [{'TimeStamp': ['The date 2023-11-09 00:00:00 is out '
                                         'of range.  Must be between '
                                         '2023-11-16 00:00:00 and 2024-02-14 '
                                         '00:00:00.']}],
                     14: [{'TimeStamp': ['The date 2023-11-13 00:00:00 is out '
                                         'of range.  Must be between '
                                         '2023-11-16 00:00:00 and 2024-02-14 '
                                         '00:00:00.']}],
                     15: [{'TimeStamp': ['The date 2023-11-12 00:00:00 is out '
                                         'of range.  Must be between '
                                         '2023-11-16 00:00:00 and 2024-02-14 '
                                         '00:00:00.']}]}]},
 911: {'Accounts': [{15: [{'TimeStamp': ['The date 2023-11-08 00:00:00 is out '
                                         'of range.  Must be between '
                                         '2023-11-16 00:00:00 and 2024-02-14 '
                                         '00:00:00.']}]}]},
 913: {'Accounts': [{6: [{'TimeStamp': ['The date 2023-11-14 00:00:00 is out '
                                        'of range.  Must be between 2023-11-16 '
                                        '00:00:00 and 2024-02-14 00:00:00.']}],
                     9: [{'TimeStamp': ['The date 2023-11-08 00:00:00 is out '
                                        'of range.  Must be between 2023-11-16 '
                                        '00:00:00 and 2024-02-14 '
                                        '00:00:00.']}]}]},
 914: {'Accounts': [{11: [{'TimeStamp': ['The date 2023-11-12 00:00:00 is out '
                                         'of range.  Must be between '
                                         '2023-11-16 00:00:00 and 2024-02-14 '
                                         '00:00:00.']}]}]},
 915: {'Accounts': [{3: [{'TimeStamp': ['The date 2023-11-08 00:00:00 is out '
                                        'of range.  Must be between 2023-11-16 '
                                        '00:00:00 and 2024-02-14 00:00:00.']}],
                     11: [{'TimeStamp': ['The date 2023-11-10 00:00:00 is out '
                                         'of range.  Must be between '
                                         '2023-11-16 00:00:00 and 2024-02-14 '
                                         '00:00:00.']}],
                     13: [{'TimeStamp': ['The date 2023-11-15 00:00:00 is out '
                                         'of range.  Must be between '
                                         '2023-11-16 00:00:00 and 2024-02-14 '
                                         '00:00:00.']}]}]},
 916: {'Accounts': [{1: [{'TimeStamp': ['The date 2023-11-13 00:00:00 is out '
                                        'of range.  Must be between 2023-11-16 '
                                        '00:00:00 and 2024-02-14 00:00:00.']}],
                     4: [{'TimeStamp': ['The date 2023-11-10 00:00:00 is out '
                                        'of range.  Must be between 2023-11-16 '
                                        '00:00:00 and 2024-02-14 00:00:00.']}],
                     10: [{'TimeStamp': ['The date 2023-11-13 00:00:00 is out '
                                         'of range.  Must be between '
                                         '2023-11-16 00:00:00 and 2024-02-14 '
                                         '00:00:00.']}]}]},
 919: {'Accounts': [{7: [{'TimeStamp': ['The date 2023-11-11 00:00:00 is out '
                                        'of range.  Must be between 2023-11-16 '
                                        '00:00:00 and 2024-02-14 '
                                        '00:00:00.']}]}]},
 920: {'Accounts': [{1: [{'TimeStamp': ['The date 2023-11-14 00:00:00 is out '
                                        'of range.  Must be between 2023-11-16 '
                                        '00:00:00 and 2024-02-14 00:00:00.']}],
                     9: [{'TimeStamp': ['The date 2023-11-14 00:00:00 is out '
                                        'of range.  Must be between 2023-11-16 '
                                        '00:00:00 and 2024-02-14 '
                                        '00:00:00.']}]}]},
 921: {'Accounts': [{4: [{'TimeStamp': ['The date 2023-11-13 00:00:00 is out '
                                        'of range.  Must be between 2023-11-16 '
                                        '00:00:00 and 2024-02-14 '
                                        '00:00:00.']}]}]},
 924: {'Accounts': [{3: [{'TimeStamp': ['The date 2023-11-08 00:00:00 is out '
                                        'of range.  Must be between 2023-11-16 '
                                        '00:00:00 and 2024-02-14 00:00:00.']}],
                     12: [{'TimeStamp': ['The date 2023-11-13 00:00:00 is out '
                                         'of range.  Must be between '
                                         '2023-11-16 00:00:00 and 2024-02-14 '
                                         '00:00:00.']}]}]},
 925: {'Accounts': [{0: [{'TimeStamp': ['The date 2023-11-12 00:00:00 is out '
                                        'of range.  Must be between 2023-11-16 '
                                        '00:00:00 and 2024-02-14 '
                                        '00:00:00.']}]}]},
 926: {'Accounts': [{2: [{'TimeStamp': ['The date 2023-11-09 00:00:00 is out '
                                        'of range.  Must be between 2023-11-16 '
                                        '00:00:00 and 2024-02-14 '
                                        '00:00:00.']}]}]},
 927: {'Accounts': [{5: [{'TimeStamp': ['The date 2023-11-14 00:00:00 is out '
                                        'of range.  Must be between 2023-11-16 '
                                        '00:00:00 and 2024-02-14 '
                                        '00:00:00.']}]}]},
 928: {'Accounts': [{5: [{'TimeStamp': ['The date 2023-11-08 00:00:00 is out '
                                        'of range.  Must be between 2023-11-16 '
                                        '00:00:00 and 2024-02-14 '
                                        '00:00:00.']}]}]},
 932: {'Accounts': [{3: [{'TimeStamp': ['The date 2023-11-10 00:00:00 is out '
                                        'of range.  Must be between 2023-11-16 '
                                        '00:00:00 and 2024-02-14 '
                                        '00:00:00.']}]}]},
 934: {'Accounts': [{5: [{'TimeStamp': ['The date 2023-11-13 00:00:00 is out '
                                        'of range.  Must be between 2023-11-16 '
                                        '00:00:00 and 2024-02-14 '
                                        '00:00:00.']}]}]},
 936: {'Accounts': [{5: [{'TimeStamp': ['The date 2023-11-14 00:00:00 is out '
                                        'of range.  Must be between 2023-11-16 '
                                        '00:00:00 and 2024-02-14 '
                                        '00:00:00.']}]}]},
 937: {'Accounts': [{2: [{'TimeStamp': ['The date 2023-11-13 00:00:00 is out '
                                        'of range.  Must be between 2023-11-16 '
                                        '00:00:00 and 2024-02-14 '
                                        '00:00:00.']}]}]},
 938: {'Accounts': [{5: [{'TimeStamp': ['The date 2023-11-10 00:00:00 is out '
                                        'of range.  Must be between 2023-11-16 '
                                        '00:00:00 and 2024-02-14 '
                                        '00:00:00.']}]}]},
 939: {'Accounts': [{8: [{'TimeStamp': ['The date 2023-11-15 00:00:00 is out '
                                        'of range.  Must be between 2023-11-16 '
                                        '00:00:00 and 2024-02-14 00:00:00.']}],
                     12: [{'TimeStamp': ['The date 2023-11-10 00:00:00 is out '
                                         'of range.  Must be between '
                                         '2023-11-16 00:00:00 and 2024-02-14 '
                                         '00:00:00.']}],
                     15: [{'TimeStamp': ['The date 2023-11-12 00:00:00 is out '
                                         'of range.  Must be between '
                                         '2023-11-16 00:00:00 and 2024-02-14 '
                                         '00:00:00.']}],
                     16: [{'TimeStamp': ['The date 2023-11-08 00:00:00 is out '
                                         'of range.  Must be between '
                                         '2023-11-16 00:00:00 and 2024-02-14 '
                                         '00:00:00.']}]}]},
 940: {'Accounts': [{0: [{'TimeStamp': ['The date 2023-11-12 00:00:00 is out '
                                        'of range.  Must be between 2023-11-16 '
                                        '00:00:00 and 2024-02-14 00:00:00.']}],
                     2: [{'TimeStamp': ['The date 2023-11-10 00:00:00 is out '
                                        'of range.  Must be between 2023-11-16 '
                                        '00:00:00 and 2024-02-14 '
                                        '00:00:00.']}]}]},
 942: {'Accounts': [{8: [{'TimeStamp': ['The date 2023-11-08 00:00:00 is out '
                                        'of range.  Must be between 2023-11-16 '
                                        '00:00:00 and 2024-02-14 '
                                        '00:00:00.']}]}]},
 943: {'Accounts': [{14: [{'TimeStamp': ['The date 2023-11-14 00:00:00 is out '
                                         'of range.  Must be between '
                                         '2023-11-16 00:00:00 and 2024-02-14 '
                                         '00:00:00.']}]}]},
 944: {'Accounts': [{5: [{'TimeStamp': ['The date 2023-11-09 00:00:00 is out '
                                        'of range.  Must be between 2023-11-16 '
                                        '00:00:00 and 2024-02-14 00:00:00.']}],
                     12: [{'TimeStamp': ['The date 2023-11-13 00:00:00 is out '
                                         'of range.  Must be between '
                                         '2023-11-16 00:00:00 and 2024-02-14 '
                                         '00:00:00.']}]}]},
 946: {'Accounts': [{6: [{'TimeStamp': ['The date 2023-11-15 00:00:00 is out '
                                        'of range.  Must be between 2023-11-16 '
                                        '00:00:00 and 2024-02-14 '
                                        '00:00:00.']}]}]},
 947: {'Accounts': [{10: [{'TimeStamp': ['The date 2023-11-09 00:00:00 is out '
                                         'of range.  Must be between '
                                         '2023-11-16 00:00:00 and 2024-02-14 '
                                         '00:00:00.']}]}]},
 948: {'Accounts': [{6: [{'TimeStamp': ['The date 2023-11-14 00:00:00 is out '
                                        'of range.  Must be between 2023-11-16 '
                                        '00:00:00 and 2024-02-14 00:00:00.']}],
                     8: [{'TimeStamp': ['The date 2023-11-08 00:00:00 is out '
                                        'of range.  Must be between 2023-11-16 '
                                        '00:00:00 and 2024-02-14 00:00:00.']}],
                     12: [{'TimeStamp': ['The date 2023-11-10 00:00:00 is out '
                                         'of range.  Must be between '
                                         '2023-11-16 00:00:00 and 2024-02-14 '
                                         '00:00:00.']}]}]},
 952: {'Accounts': [{3: [{'TimeStamp': ['The date 2023-11-15 00:00:00 is out '
                                        'of range.  Must be between 2023-11-16 '
                                        '00:00:00 and 2024-02-14 '
                                        '00:00:00.']}]}]},
 953: {'Accounts': [{0: [{'TimeStamp': ['The date 2023-11-11 00:00:00 is out '
                                        'of range.  Must be between 2023-11-16 '
                                        '00:00:00 and 2024-02-14 '
                                        '00:00:00.']}]}]},
 955: {'Accounts': [{1: [{'TimeStamp': ['The date 2023-11-09 00:00:00 is out '
                                        'of range.  Must be between 2023-11-16 '
                                        '00:00:00 and 2024-02-14 00:00:00.']}],
                     9: [{'TimeStamp': ['The date 2023-11-11 00:00:00 is out '
                                        'of range.  Must be between 2023-11-16 '
                                        '00:00:00 and 2024-02-14 00:00:00.']}],
                     12: [{'TimeStamp': ['The date 2023-11-07 00:00:00 is out '
                                         'of range.  Must be between '
                                         '2023-11-16 00:00:00 and 2024-02-14 '
                                         '00:00:00.']}]}]},
 957: {'Accounts': [{6: [{'TimeStamp': ['The date 2023-11-12 00:00:00 is out '
                                        'of range.  Must be between 2023-11-16 '
                                        '00:00:00 and 2024-02-14 '
                                        '00:00:00.']}]}]},
 958: {'Accounts': [{4: [{'TimeStamp': ['The date 2023-11-12 00:00:00 is out '
                                        'of range.  Must be between 2023-11-16 '
                                        '00:00:00 and 2024-02-14 '
                                        '00:00:00.']}]}]},
 959: {'Accounts': [{0: [{'TimeStamp': ['The date 2023-11-15 00:00:00 is out '
                                        'of range.  Must be between 2023-11-16 '
                                        '00:00:00 and 2024-02-14 00:00:00.']}],
                     15: [{'TimeStamp': ['The date 2023-11-08 00:00:00 is out '
                                         'of range.  Must be between '
                                         '2023-11-16 00:00:00 and 2024-02-14 '
                                         '00:00:00.']}]}]},
 960: {'Accounts': [{0: [{'TimeStamp': ['The date 2023-11-08 00:00:00 is out '
                                        'of range.  Must be between 2023-11-16 '
                                        '00:00:00 and 2024-02-14 '
                                        '00:00:00.']}]}]},
 962: {'Accounts': [{11: [{'TimeStamp': ['The date 2023-11-13 00:00:00 is out '
                                         'of range.  Must be between '
                                         '2023-11-16 00:00:00 and 2024-02-14 '
                                         '00:00:00.']}],
                     12: [{'TimeStamp': ['The date 2023-11-08 00:00:00 is out '
                                         'of range.  Must be between '
                                         '2023-11-16 00:00:00 and 2024-02-14 '
                                         '00:00:00.']}]}]},
 963: {'Accounts': [{2: [{'TimeStamp': ['The date 2023-11-12 00:00:00 is out '
                                        'of range.  Must be between 2023-11-16 '
                                        '00:00:00 and 2024-02-14 00:00:00.']}],
                     6: [{'TimeStamp': ['The date 2023-11-14 00:00:00 is out '
                                        'of range.  Must be between 2023-11-16 '
                                        '00:00:00 and 2024-02-14 00:00:00.']}],
                     12: [{'TimeStamp': ['The date 2023-11-10 00:00:00 is out '
                                         'of range.  Must be between '
                                         '2023-11-16 00:00:00 and 2024-02-14 '
                                         '00:00:00.']}],
                     14: [{'TimeStamp': ['The date 2023-11-11 00:00:00 is out '
                                         'of range.  Must be between '
                                         '2023-11-16 00:00:00 and 2024-02-14 '
                                         '00:00:00.']}]}]},
 964: {'Accounts': [{1: [{'TimeStamp': ['The date 2023-11-13 00:00:00 is out '
                                        'of range.  Must be between 2023-11-16 '
                                        '00:00:00 and 2024-02-14 00:00:00.']}],
                     8: [{'TimeStamp': ['The date 2023-11-13 00:00:00 is out '
                                        'of range.  Must be between 2023-11-16 '
                                        '00:00:00 and 2024-02-14 00:00:00.']}],
                     9: [{'TimeStamp': ['The date 2023-11-08 00:00:00 is out '
                                        'of range.  Must be between 2023-11-16 '
                                        '00:00:00 and 2024-02-14 00:00:00.']}],
                     13: [{'TimeStamp': ['The date 2023-11-13 00:00:00 is out '
                                         'of range.  Must be between '
                                         '2023-11-16 00:00:00 and 2024-02-14 '
                                         '00:00:00.']}]}]},
 965: {'Accounts': [{2: [{'TimeStamp': ['The date 2023-11-15 00:00:00 is out '
                                        'of range.  Must be between 2023-11-16 '
                                        '00:00:00 and 2024-02-14 '
                                        '00:00:00.']}]}]},
 970: {'Accounts': [{8: [{'TimeStamp': ['The date 2023-11-12 00:00:00 is out '
                                        'of range.  Must be between 2023-11-16 '
                                        '00:00:00 and 2024-02-14 00:00:00.']}],
                     12: [{'TimeStamp': ['The date 2023-11-08 00:00:00 is out '
                                         'of range.  Must be between '
                                         '2023-11-16 00:00:00 and 2024-02-14 '
                                         '00:00:00.']}]}]},
 973: {'Accounts': [{0: [{'TimeStamp': ['The date 2023-11-15 00:00:00 is out '
                                        'of range.  Must be between 2023-11-16 '
                                        '00:00:00 and 2024-02-14 '
                                        '00:00:00.']}]}]},
 975: {'Accounts': [{0: [{'TimeStamp': ['The date 2023-11-10 00:00:00 is out '
                                        'of range.  Must be between 2023-11-16 '
                                        '00:00:00 and 2024-02-14 '
                                        '00:00:00.']}]}]},
 976: {'Accounts': [{2: [{'TimeStamp': ['The date 2023-11-13 00:00:00 is out '
                                        'of range.  Must be between 2023-11-16 '
                                        '00:00:00 and 2024-02-14 00:00:00.']}],
                     8: [{'TimeStamp': ['The date 2023-11-14 00:00:00 is out '
                                        'of range.  Must be between 2023-11-16 '
                                        '00:00:00 and 2024-02-14 00:00:00.']}],
                     17: [{'TimeStamp': ['The date 2023-11-13 00:00:00 is out '
                                         'of range.  Must be between '
                                         '2023-11-16 00:00:00 and 2024-02-14 '
                                         '00:00:00.']}]}]},
 978: {'Accounts': [{5: [{'TimeStamp': ['The date 2023-11-12 00:00:00 is out '
                                        'of range.  Must be between 2023-11-16 '
                                        '00:00:00 and 2024-02-14 00:00:00.']}],
                     15: [{'TimeStamp': ['The date 2023-11-08 00:00:00 is out '
                                         'of range.  Must be between '
                                         '2023-11-16 00:00:00 and 2024-02-14 '
                                         '00:00:00.']}]}]},
 980: {'Accounts': [{14: [{'TimeStamp': ['The date 2023-11-14 00:00:00 is out '
                                         'of range.  Must be between '
                                         '2023-11-16 00:00:00 and 2024-02-14 '
                                         '00:00:00.']}]}]},
 981: {'Accounts': [{7: [{'TimeStamp': ['The date 2023-11-13 00:00:00 is out '
                                        'of range.  Must be between 2023-11-16 '
                                        '00:00:00 and 2024-02-14 00:00:00.']}],
                     8: [{'TimeStamp': ['The date 2023-11-15 00:00:00 is out '
                                        'of range.  Must be between 2023-11-16 '
                                        '00:00:00 and 2024-02-14 '
                                        '00:00:00.']}]}]},
 982: {'Accounts': [{6: [{'TimeStamp': ['The date 2023-11-15 00:00:00 is out '
                                        'of range.  Must be between 2023-11-16 '
                                        '00:00:00 and 2024-02-14 00:00:00.']}],
                     9: [{'TimeStamp': ['The date 2023-11-14 00:00:00 is out '
                                        'of range.  Must be between 2023-11-16 '
                                        '00:00:00 and 2024-02-14 '
                                        '00:00:00.']}]}]},
 984: {'Accounts': [{11: [{'TimeStamp': ['The date 2023-11-10 00:00:00 is out '
                                         'of range.  Must be between '
                                         '2023-11-16 00:00:00 and 2024-02-14 '
                                         '00:00:00.']}]}]},
 985: {'Accounts': [{4: [{'TimeStamp': ['The date 2023-11-09 00:00:00 is out '
                                        'of range.  Must be between 2023-11-16 '
                                        '00:00:00 and 2024-02-14 '
                                        '00:00:00.']}]}]},
 987: {'Accounts': [{5: [{'TimeStamp': ['The date 2023-11-11 00:00:00 is out '
                                        'of range.  Must be between 2023-11-16 '
                                        '00:00:00 and 2024-02-14 00:00:00.']}],
                     10: [{'TimeStamp': ['The date 2023-11-15 00:00:00 is out '
                                         'of range.  Must be between '
                                         '2023-11-16 00:00:00 and 2024-02-14 '
                                         '00:00:00.']}]}]},
 988: {'Accounts': [{10: [{'TimeStamp': ['The date 2023-11-08 00:00:00 is out '
                                         'of range.  Must be between '
                                         '2023-11-16 00:00:00 and 2024-02-14 '
                                         '00:00:00.']}]}]},
 989: {'Accounts': [{8: [{'TimeStamp': ['The date 2023-11-15 00:00:00 is out '
                                        'of range.  Must be between 2023-11-16 '
                                        '00:00:00 and 2024-02-14 00:00:00.']}],
                     10: [{'TimeStamp': ['The date 2023-11-11 00:00:00 is out '
                                         'of range.  Must be between '
                                         '2023-11-16 00:00:00 and 2024-02-14 '
                                         '00:00:00.']}],
                     12: [{'TimeStamp': ['The date 2023-11-08 00:00:00 is out '
                                         'of range.  Must be between '
                                         '2023-11-16 00:00:00 and 2024-02-14 '
                                         '00:00:00.']}]}]},
 992: {'Accounts': [{1: [{'TimeStamp': ['The date 2023-11-13 00:00:00 is out '
                                        'of range.  Must be between 2023-11-16 '
                                        '00:00:00 and 2024-02-14 00:00:00.']}],
                     16: [{'TimeStamp': ['The date 2023-11-10 00:00:00 is out '
                                         'of range.  Must be between '
                                         '2023-11-16 00:00:00 and 2024-02-14 '
                                         '00:00:00.']}]}]},
 993: {'Accounts': [{1: [{'TimeStamp': ['The date 2023-11-15 00:00:00 is out '
                                        'of range.  Must be between 2023-11-16 '
                                        '00:00:00 and 2024-02-14 '
                                        '00:00:00.']}]}]},
 996: {'Accounts': [{2: [{'TimeStamp': ['The date 2023-11-08 00:00:00 is out '
                                        'of range.  Must be between 2023-11-16 '
                                        '00:00:00 and 2024-02-14 '
                                        '00:00:00.']}]}]},
 997: {'Accounts': [{3: [{'TimeStamp': ['The date 2023-11-14 00:00:00 is out '
                                        'of range.  Must be between 2023-11-16 '
                                        '00:00:00 and 2024-02-14 00:00:00.']}],
                     16: [{'TimeStamp': ['The date 2023-11-15 00:00:00 is out '
                                         'of range.  Must be between '
                                         '2023-11-16 00:00:00 and 2024-02-14 '
                                         '00:00:00.']}]}]},
 998: {'Accounts': [{7: [{'TimeStamp': ['The date 2023-11-10 00:00:00 is out '
                                        'of range.  Must be between 2023-11-16 '
                                        '00:00:00 and 2024-02-14 '
                                        '00:00:00.']}]}]},
 1000: {'Accounts': [{8: [{'TimeStamp': ['The date 2023-11-07 00:00:00 is out '
                                         'of range.  Must be between '
                                         '2023-11-16 00:00:00 and 2024-02-14 '
                                         '00:00:00.']}]}]}}
File: ./data.json
  Valid objects: 100
  Invalid objects: 0
  Errors:
{}
File: ./dial/chatbot_ui_conversation_2-3.json
  Valid objects: 0
  Invalid objects: 1
  Errors:
{1: {'folders': ['unknown field'],
     'history': ['unknown field'],
     'version': ['unknown field']}}
File: ./dial/testdata_prompt.json
  Valid objects: 0
  Invalid objects: 1
  Errors:
{1: {'folders': ['unknown field'], 'prompts': ['unknown field']}}
File: ./dial/jsonschema_prompt.json
  Valid objects: 0
  Invalid objects: 1
  Errors:
{1: {'folders': ['unknown field'], 'prompts': ['unknown field']}}
